04-20 00:48:58.875  3033  3033 I HoneySpace.BackgroundManagerImpl: setProgressToBlurView[ch=167104910, st =  com.honeyspace.sdk.RecentScreen$Normal@6cc54f1, progress = 1.0, wb= 1.0]
04-20 00:48:58.875  3033  3033 I HoneySpace.LeashUpdater: hideAppearedLeashOverlayTarget
04-20 00:48:58.876  3033  3033 I HoneySpace.AnimationSession: [6/7] Send Thumbnails to RecentsActivity
04-20 00:48:58.876  3033  3033 I HoneySpace.GestureEventController[40fd907]: ApplyPreloadThumbnail 
04-20 00:48:58.876  3033  3033 I HoneySpace.TaskListPot[a96e07b]: taskIdList = [5641]
04-20 00:48:58.876  3033  3033 I HoneySpace.DynamicSceneDrawingBag: sceneBoundInfo: scene: (v=[1.0], h=[1.0]), divider: (v=[0.0], h=[0.0]), sceneType: SingleType, fitType: [AutoFitType], fitScale: [1.0]
04-20 00:48:58.876  3033  3033 I HoneySpace.RecentAdapter[cf2200a]: id: 5641, srcShrink: [RectF(0.0, 80.0, 1080.0, 2205.0)], destShrink: [RectF(0.0, 0.0, 681.0, 1341.0)], destShrinkBg: [RectF(0.0, 0.0, 681.0, 1341.0)]
04-20 00:48:58.883  3033  5043 I VRI[RecentsActivity]@8d94f7d: mWNT: t=0xb40000757834dc80 mBlastBufferQueue=0xb4000076c514d800 fn= 43 HdrRenderState mRenderHdrSdrRatio=1.0 caller= com.android.systemui.shared.launcher.ViewRootImplCompat.mergeWithNextTransaction:4 com.honeyspace.transition.utils.SurfaceTransactionApplier.scheduleApply$lambda$1:16 com.honeyspace.transition.utils.SurfaceTransactionApplier.b:0 
04-20 00:48:58.893  3033  3033 I HoneySpace.GestureEventController[40fd907]: notifyFinishRecentAnimationAfterScreenshot
04-20 00:48:58.894  3033  3033 I HoneySpace.AnimationSession: [7/7] request finish recent animation
04-20 00:48:58.894  3033  3033 I HoneySpace.AnimationSession: requestFinishRecentAnimation()
04-20 00:48:58.895  3033  3033 I HoneySpace.RecentsAnimationManager: finish
04-20 00:48:58.895  3033  3033 I HoneySpace.MultiStateCallback: [58414547] Adding [STATE_GESTURE_END (2)] to [STATE_START_RECENTS_TRANSITION, STATE_START_RECENTS_ACTIVITY, STATE_RECENTS_ANIMATION_STARTED, STATE_GESTURE_START_RECENTS_SCREEN, STATE_GESTURE_START_BYKEY, STATE_RECENT_APPEARED, STATE_GESTURE_MOVE_START (573724)]
04-20 00:48:58.895  3033  3033 I HoneySpace.RecentsAnimationManager: onGestureEnd: RECENTS
04-20 00:48:58.895  3033  3033 I HoneySpace.RecentsAnimationManager: finishController() toHome = true, sendUserLeaveHint = false
04-20 00:48:58.895  3033  3033 I HoneySpace.RecentsAnimationController: setWillForceFinishToHome: false
04-20 00:48:58.896  3033  3033 I HoneySpace.RecentsAnimationController: setWillFinishToHome true
04-20 00:48:58.896  3033  3033 I HoneySpace.ShellTransitionManager: finishGestureTransition
04-20 00:48:58.896  3033  3033 I HoneySpace.RecentsAnimationController: finish, toHome = true, sendUserLeaveHint = false
04-20 00:48:58.896  3033  3033 I HoneySpace.MultiStateCallback: [58414547] Adding [STATE_RECENTS_ANIMATION_FINISHED, STATE_HANDLER_INVALIDATED (65600)] to [STATE_GESTURE_END, STATE_START_RECENTS_TRANSITION, STATE_START_RECENTS_ACTIVITY, STATE_RECENTS_ANIMATION_STARTED, STATE_GESTURE_START_RECENTS_SCREEN, STATE_GESTURE_START_BYKEY, STATE_RECENT_APPEARED, STATE_GESTURE_MOVE_START (573726)]
04-20 00:48:58.896  3033  3033 I HoneySpace.RecentsAnimationManager: invalidate
04-20 00:48:58.896  3033  3033 I HoneySpace.FloatingAnimator: finishAllPlayer
04-20 00:48:58.896  3033  3033 I HoneySpace.FloatingAnimator: [Player:A(58.436)] finish
04-20 00:48:58.896  3033  3033 I HoneySpace.FloatingAnimator: [Player:A(58.436)] reset
04-20 00:48:58.896  3033  3033 I HoneySpace.FloatingAnimator: playerCount : 0
04-20 00:48:58.897  3033  3033 I HoneySpace.FloatingFinishHelper: finishInProgress: true
04-20 00:48:58.897  3033  3033 I QuickSwitchState: clearState
04-20 00:48:58.897  2509  2562 V ShellRecents: [232248360] RecentsController.finishInner: toHome=true userLeave=false willFinishToHome=true state=0 hasPausingTasks=true reason=requested
04-20 00:48:58.897  2509  2562 V ShellRecents:   normal finish
04-20 00:48:58.897  3033  3033 I HoneySpace.LeashOverlayWindowImpl: removeGestureTaskListView : com.honeyspace.gesture.presentation.GestureTaskListView{1466d15 V.ED..... ........ 0,0-1080,2340}
04-20 00:48:58.897  3033  3033 I HoneySpace.LeashOverlayWindowImpl: clearCreateAndAddViewJob
04-20 00:48:58.897  3033  3033 I HoneySpace.GestureTaskListView: clear
04-20 00:48:58.897  2509  2562 I SurfaceControlRegistry: hide, t=FinishTransaction_SyncId<7672> sc=Task=5641, caller=android.view.SurfaceControl$Transaction.hide:3583 com.android.wm.shell.recents.RecentsTransitionHandler$RecentsController.cleanUpPausingOrClosingTask:41 com.android.wm.shell.recents.RecentsTransitionHandler$RecentsController.finishInner:848 com.android.wm.shell.recents.RecentsTransitionHandler$RecentsController$$ExternalSyntheticLambda6.run:14 android.os.Handler.handleCallback:995 android.os.Handler.dispatchMessage:103 
04-20 00:48:58.897  2509  2562 V ShellRecents: [232248360] RecentsController.finishInner: Completing finish
04-20 00:48:58.897  2509  2562 V ShellRecents: [232248360] RecentsController.cleanup
04-20 00:48:58.897  3033  3033 I HoneySpace.SimpleSuggestedAppsPot: onDestroy
04-20 00:48:58.897  3033  3033 I HoneySpace.SimpleSuggestedAppsPot: onDestroy honey=m5.e@b2541d0 (HoneySpaceInfo(name=OneUI, displayId=0))
04-20 00:48:58.897  1327  2171 I SurfaceFlinger: onHandleDestroyed: layerId=102145, name=Surface(name=Task=5167)/@0x7f28827_transition-leash#102145
04-20 00:48:58.898  1327  2171 I SurfaceFlinger: id=102145 Removed Surface(name=Task=5167)/@0x7f28827_transition-leash#102145 (189)
04-20 00:48:58.898  1327  2171 I SurfaceFlinger: onHandleDestroyed: layerId=102146, name=Surface(name=Task=5641)/@0xcea0ad4_transition-leash#102146
04-20 00:48:58.898  1327  2171 I SurfaceFlinger: id=102146 Removed Surface(name=Task=5641)/@0xcea0ad4_transition-leash#102146 (189)
04-20 00:48:58.898  2509  2562 V ShellDesktopMode: DesktopTasksController: Recents transition state changed: TRANSITION_STATE_NOT_RUNNING
04-20 00:48:58.898  3033  3033 I HoneySpace.CellLayout: removeView [0] (0,0) view=com.honeyspace.ui.common.iconview.IconViewImpl{1d2bf1 VFED..C.. ........ 0,0-249,273 #7f0a02ed app:id/icon} - sakhi-sapp, visibility:0, alpha:1.0, badge:0, icon:163x163, iconAlpha:255, iconState:NONE, iconSize:177, forceHideBadge:false, isTransparent:false, x=0, y=0
04-20 00:48:58.898  2509  2562 V WindowManagerShell: Transition animation finished (aborted=false), notifying core (#7672) android.os.BinderProxy@347124b@0
04-20 00:48:58.898  3033  3033 I HoneySpace.CellLayout: removeView [0] (1,0) view=com.honeyspace.ui.common.iconview.IconViewImpl{6cd543f VFED..C.. ........ 249,0-498,273 #7f0a02ed app:id/icon} - Instagram, visibility:0, alpha:1.0, badge:0, icon:163x163, iconAlpha:255, iconState:NONE, iconSize:177, forceHideBadge:false, isTransparent:false, x=1, y=0
04-20 00:48:58.898  2509  2562 I SurfaceControlRegistry: apply, t=FinishTransaction_SyncId<7672>, caller=android.view.SurfaceControl$Transaction.apply:3459 android.view.SurfaceControl$Transaction.apply:3447 android.view.SurfaceControl$Transaction.apply:3397 com.android.wm.shell.transition.Transitions.onFinish:315 com.android.wm.shell.transition.Transitions$$ExternalSyntheticLambda7.onTransitionFinished:18 com.android.wm.shell.recents.RecentsTransitionHandler$RecentsController.finishInner:1277 
04-20 00:48:58.898  3033  3033 I HoneySpace.CellLayout: removeView [0] (2,0) view=com.honeyspace.ui.common.iconview.IconViewImpl{327bfd4 VFED..C.. ........ 498,0-747,273 #7f0a02ed app:id/icon} - Clock, visibility:0, alpha:1.0, badge:0, icon:163x163, iconAlpha:255, iconState:NONE, iconSize:177, forceHideBadge:false, isTransparent:false, x=2, y=0
04-20 00:48:58.898  3033  3033 I HoneySpace.CellLayout: removeView [0] (3,0) view=com.honeyspace.ui.common.iconview.IconViewImpl{3af7a5 VFED..C.. ........ 747,0-996,273 #7f0a02ed app:id/icon} - Messages, visibility:0, alpha:1.0, badge:2, icon:163x163, iconAlpha:255, iconState:NONE, iconSize:177, forceHideBadge:false, isTransparent:false, x=3, y=0
04-20 00:48:58.898  3033  3033 I HoneySpace.RecentInteraction: onFinishRecentAnimation.
04-20 00:48:58.899  3033  3033 I HoneySpace.AnimationSession: taskListView appeared : false
04-20 00:48:58.899  3033  3033 I HoneySpace.RecentInteraction: sendRecentsAnimationEvent. isStarted: false
04-20 00:48:58.899  3033  3033 I HoneySpace.AnimationSession: close
04-20 00:48:58.899  3033  3033 I HoneySpace.AppTransitionAnimationAwait: proceed 1
04-20 00:48:58.899  3033  3033 I HoneySpace.DvfsManager: HOME_GESTURE_BOOSTER release
04-20 00:48:58.899  3033  3033 I HoneySpace.RecentInteraction: onInputProxyFinished.
04-20 00:48:58.899  1831  1850 E TransitionChain: Can't collect into a chain with no transition
04-20 00:48:58.900  1831  1850 V WindowManager: Finish Transition: TransitionRecord{a095e14 id=7672 type=TO_FRONT flags=0x80 c=[
04-20 00:48:58.900  1831  1850 V WindowManager:    ChangeInfo{cb207dc container=WallpaperWindowToken{3304075 showWhenLocked=false}_<system> flags=0x0}
04-20 00:48:58.900  1831  1850 V WindowManager:    ChangeInfo{65a90e5 container=Task{3f8e165 #5641 type=standard A=10289:com.whatsapp} flags=0x4}
04-20 00:48:58.900  1831  1850 V WindowManager:    ChangeInfo{2d3a7ba container=Task{50c2c99 #5167 type=recents I=com.sec.android.app.launcher/com.android.quickstep.RecentsActivity} flags=0x30}
04-20 00:48:58.900  1831  1850 V WindowManager:    ChangeInfo{515466b container=RemoteWallpaperAnim:1:1@179644844 flags=0x0}
04-20 00:48:58.900  1831  1850 V WindowManager:    ChangeInfo{745c5c8 container=DefaultTaskDisplayArea_d0@210603716 flags=0x0}
04-20 00:48:58.900  1831  1850 V WindowManager:    ChangeInfo{ba85661 container=Display{#0 state=ON size=1080x2340 ROTATION_0} flags=0x0}
04-20 00:48:58.900  1831  1850 V WindowManager:    ChangeInfo{1048586 container=TransientLaunchOverlayToken{f61bfc7 token=android.os.BinderProxy@69ffbe1} flags=0x0}
04-20 00:48:58.900  1831  1850 V WindowManager:    ChangeInfo{b3fde47 container=ActivityRecord{264679904 u0 com.sec.android.app.launcher/com.android.quickstep.RecentsActivity t5167} flags=0x0}
04-20 00:48:58.900  1831  1850 V WindowManager: ]
04-20 00:48:58.900  1831  1850 V WindowManager: }, caller=com.android.server.wm.WindowOrganizerController.finishTransitionInner:31 com.android.server.wm.WindowOrganizerController.finishAllTransitions:60 android.window.IWindowOrganizerController$Stub.onTransact:283 
04-20 00:48:58.900  1831  1865 V WindowManager: Finish Transition (#7672): created at 04-20 00:48:58.303 collect-started=1.854ms started=2.491ms ready=11.195ms sent=93.673ms commit=19.5ms finished=596.735ms
04-20 00:48:58.901  1831  1850 I TransientLaunchOverlayToken: setVisibility, visible=false, t=TransientLaunchOverlayToken{f61bfc7 token=android.os.BinderProxy@69ffbe1}, caller=com.android.server.wm.TransitionController.finishTransition:995 com.android.server.wm.WindowOrganizerController.finishTransitionInner:31 com.android.server.wm.WindowOrganizerController.finishAllTransitions:60 
04-20 00:48:58.901  1831  1850 D WindowManager: setActiveRecents, recents=null, task=null, caller=com.android.server.wm.InputMonitor.setActiveRecents:33 com.android.server.wm.TransitionController.finishTransition:1699 com.android.server.wm.WindowOrganizerController.finishTransitionInner:31 
04-20 00:48:58.901  1281  1315 I mtkpower@impl: [setMode] type:5, enabled:0
04-20 00:48:58.902  1831  1850 D ChangeTransitionController: onTransitionFinished: TransitionRecord{a095e14 id=7672 type=TO_FRONT flags=0x80 c=[
04-20 00:48:58.902  1831  1850 D ChangeTransitionController:    ChangeInfo{cb207dc container=WallpaperWindowToken{3304075 showWhenLocked=false}_<system> flags=0x0}
04-20 00:48:58.902  1831  1850 D ChangeTransitionController:    ChangeInfo{65a90e5 container=Task{3f8e165 #5641 type=standard A=10289:com.whatsapp} flags=0x4}
04-20 00:48:58.902  1831  1850 D ChangeTransitionController:    ChangeInfo{2d3a7ba container=Task{50c2c99 #5167 type=recents I=com.sec.android.app.launcher/com.android.quickstep.RecentsActivity} flags=0x30}
04-20 00:48:58.902  1831  1850 D ChangeTransitionController:    ChangeInfo{515466b container=RemoteWallpaperAnim:1:1@179644844 flags=0x0}
04-20 00:48:58.902  1831  1850 D ChangeTransitionController:    ChangeInfo{745c5c8 container=DefaultTaskDisplayArea_d0@210603716 flags=0x0}
04-20 00:48:58.902  1831  1850 D ChangeTransitionController:    ChangeInfo{ba85661 container=Display{#0 state=ON size=1080x2340 ROTATION_0} flags=0x0}
04-20 00:48:58.902  1831  1850 D ChangeTransitionController:    ChangeInfo{1048586 container=TransientLaunchOverlayToken{f61bfc7 token=android.os.BinderProxy@69ffbe1} flags=0x0}
04-20 00:48:58.902  1831  1850 D ChangeTransitionController:    ChangeInfo{b3fde47 container=ActivityRecord{264679904 u0 com.sec.android.app.launcher/com.android.quickstep.RecentsActivity t5167} flags=0x0}
04-20 00:48:58.902  1831  1850 D ChangeTransitionController: ]
04-20 00:48:58.902  1831  1850 D ChangeTransitionController: }
04-20 00:48:58.902  2509  2562 V WindowManagerShell: Track 0 became idle
04-20 00:48:58.902  2509  2562 V WindowManagerShell: All active transition animations finished
04-20 00:48:58.902  2509  2562 V ShellRecents: [232248360] RecentsController.finishInner: calling finish callback
04-20 00:48:58.902  3033 18428 I HoneySpace.RecentsAnimationController: received finish callback, resultCode = 0
04-20 00:48:58.903  3033 30156 I HoneySpace.ShellTransitionManager: transitionRunning state changed: false
04-20 00:48:58.903  3033  9498 I HoneySpace.RecentsAnimationController: finished, result = true
04-20 00:48:58.903  3033 30156 I HoneySpace.OverviewEventHandler: isRecentsAnimationRunning: false
04-20 00:48:58.903  3033 30156 I HoneySpace.OverviewEventHandler: onFinishEnteringRecents: false
04-20 00:48:58.903  1327  1327 I SurfaceFlinger: RequestedLayer [Task=5641#96128] hidden!! flag  from(0) --> to(1)
04-20 00:48:58.903  1327  1327 I SurfaceFlinger: RequestedLayer [TransientLaunchOverlayToken{f61bfc7 token=android.os.BinderProxy@69ffbe1}#134] hidden!! flag  from(0) --> to(1)
04-20 00:48:58.903  1327  1327 I SurfaceFlinger: [Display 0 name="Built-in Screen"#49] setFrameRateCategory: Default
04-20 00:48:58.903  1327  1327 I SurfaceFlinger: RequestedLayer [Surface(name=TransientLaunchOverlayT[...])/@0x8522ae6_transition-leash#102144] hidden!! flag  from(0) --> to(1)
04-20 00:48:58.903  1327  1327 I SurfaceFlinger: [LayerHierarchy{RequestedLayerState{Task=5167#425 parentId=10 z=17} 1 children}] reparent to LayerHierarchy{RequestedLayerState{DefaultTaskDisplayArea_d0#10 parentId=9} 21 children}
04-20 00:48:58.903  1327  1327 I SurfaceFlinger: [LayerHierarchy{RequestedLayerState{TransientLaunchOverlayToken{f61bfc7 token=android.os.BinderProxy@69ffbe1}#134 parentId=13} 1 children}] reparent to LayerHierarchy{RequestedLayerState{Leaf:3:12#13 parentId=9 z=1} 2 children}
04-20 00:48:58.903  1327  1327 I SurfaceFlinger: [LayerHierarchy{RequestedLayerState{WallpaperWindowToken{3304075 showWhenLocked=false}#85 parentId=8 z=1} 1 children}] reparent to LayerHierarchy{RequestedLayerState{Leaf:1:1#8 parentId=7} 2 children}
04-20 00:48:58.903  1327  1327 I SurfaceFlinger: [LayerHierarchy{RequestedLayerState{Task=5641#96128 parentId=10 z=16} 3 children}] reparent to LayerHierarchy{RequestedLayerState{DefaultTaskDisplayArea_d0#10 parentId=9} 22 children}
04-20 00:48:58.903  1327  1327 I SurfaceFlinger: [LayerHierarchy{RequestedLayerState{Transition Root: Task=5167#102143 z=17} 3 children}] reparent to OffscreenRoot
04-20 00:48:58.903  1327  1327 I SurfaceFlinger: [LayerHierarchy{RequestedLayerState{Transition Root: Task=5167#102143 z=17} 3 children}] RelativeParent to null
04-20 00:48:58.903  1831  1869 D FreeformController: beginPostLayoutPolicyLw: forceHideRequester changed, old=Window{421e392 u0 RecentsTransitionOverlay}, new=Window{eeeaf72 u0 com.sec.android.app.launcher/com.android.quickstep.RecentsActivity}
04-20 00:48:58.904  1831  1869 D FreeformController: setBlockToAddForceHideFreeformTasks: blockToAddForceHide=false, Caller=com.android.server.wm.DisplayPolicy.beginPostLayoutPolicyLw:142
04-20 00:48:58.904  2509  2509 D SystemUIService: SYSUI_RAM_OPTIMIZATION onTrimMemory=20
04-20 00:48:58.904  2509  2509 D CentralSurfaces: SYSUI_RAM_OPTIMIZATION onTrimMemory=20
04-20 00:48:58.904  2509  2683 D HWUI    : CacheManager::trimMemory(20)
04-20 00:48:58.905  1276  1313 I HYPER-HAL: [RequestManager.cpp]releaseLocked(): Released ID : 4604096
04-20 00:48:58.905  3033  3033 I HoneySpace.GestureEventController[40fd907]: RecentsAnimationFinished
04-20 00:48:58.905  3033  3033 I HoneySpace.TaskListLoadCheckerImpl: clearLoadingCondition
04-20 00:48:58.905  1831  1869 D WindowManager: updateSystemBarAttributes: displayId=0, focusedCanBeNavColorWin=false, win=Window{eeeaf72 u0 com.sec.android.app.launcher/com.android.quickstep.RecentsActivity}, navColorWin=Window{fb5d225 u0 InputMethod}, caller=com.android.server.wm.DisplayPolicy.finishPostLayoutPolicyLw:17 com.android.server.wm.RootWindowContainer.applySurfaceChangesTransaction$1:195 com.android.server.wm.RootWindowContainer.performSurfacePlacementNoTrace:59 
04-20 00:48:58.905  3033  3033 I HoneySpace.TaskListViewModel[235289818]: onTransitionFinished, false
04-20 00:48:58.905  3033  3033 I HoneySpace.StackRecentsView: onTransitionFinished
04-20 00:48:58.905  3033  3033 I HoneySpace.SubViewsProgressRepositoryImpl: showRecentsEnteringProgressAnimation
04-20 00:48:58.906  3033  3033 I HoneySpace.TaskIconProgressRepositoryImpl: taskLaunchProgress: 0.0, recentsEnteringFromAppsProgress: 1.0
04-20 00:48:58.906  3033  3033 I HoneySpace.SubViewsProgressRepositoryImpl: taskLaunchProgress: 0.0, recentsEnteringProgress: 0.0
04-20 00:48:58.906  1831  1869 D WindowManager: updateSystemBarAttributes, bhv=2, apr=0, statusBarAprRegions=[AppearanceRegion{ bounds=[0,0][1080,2340]}], requestedVisibilities=-9
04-20 00:48:58.906  3033  3033 I HoneySpace.CloseAllProgressRepositoryImpl: taskLaunchProgress: 0.0, recentsEnteringProgress: 1.0
04-20 00:48:58.906  3033  3033 I HoneySpace.TaskIconProgressRepositoryImpl: taskLaunchProgress: 0.0, recentsEnteringFromAppsProgress: 1.0
04-20 00:48:58.906  3033  3033 I HoneySpace.CloseAllProgressRepositoryImpl: taskLaunchProgress: 0.0, recentsEnteringProgress: 1.0
04-20 00:48:58.906  3033  3033 I HoneySpace.TaskIconProgressRepositoryImpl: taskLaunchProgress: 0.0, recentsEnteringFromAppsProgress: 1.0
04-20 00:48:58.906  3033  3033 I HoneySpace.RunnableList: executeAllAndClear() called, size: null
04-20 00:48:58.906  3033  3033 I HoneySpace.RecentsAnimationController: isRecentsStarted-true
04-20 00:48:58.906  1831  1869 D FreeformController: setBlockToAddForceHideFreeformTasks: blockToAddForceHide=true, Caller=com.android.server.wm.DisplayPolicy.finishPostLayoutPolicyLw:127
04-20 00:48:58.906  3033  3033 I HoneySpace.SubViewsProgressRepositoryImpl: taskLaunchProgress: 0.0, recentsEnteringProgress: 0.0
04-20 00:48:58.909  2509  2562 D WindowManagerShell: onKeepClearAreasChanged: restricted={}, unrestricted={Rect(0, 1332 - 1080, 2205)}
04-20 00:48:58.909  1327  1327 D SurfaceFlinger: Display 4627039422300187648 HWC layers:
04-20 00:48:58.909  1327  1327 D SurfaceFlinger:        DEVICE |           10776072989650 | 00000100 | RGBA_8888    |    0.0    0.0 1080.0 2340.0 |    0    0 1080 2340 | Wallpaper BBQ wrapper 5_system#93 (17)
04-20 00:48:58.909  1327  1327 D SurfaceFlinger:        DEVICE |           13026635831933 | 00002100 | RGBA_8888    |    0.0    0.0 1080.0 2340.0 |    0    0 1080 2340 | com.sec.android.app.launcher/com.and[...]ickstep.RecentsActivity$_3033#102142 (43)
04-20 00:48:58.909  1327  1327 D SurfaceFlinger:        DEVICE |           10776073017760 | 00002100 | RGBA_8888    |    0.0    0.0 1080.0   80.0 |    0    0 1080   80 | StatusBar$_2509#105 (177327)
04-20 00:48:58.909  1327  1327 D SurfaceFlinger:        DEVICE |           10776073017747 | 00002100 | RGBA_8888    |    0.0    0.0 1080.0  135.0 |    0 2205 1080 2340 | NavigationBar0$_2509#100 (162542)
04-20 00:48:58.909  1327  1327 D SurfaceFlinger: 
04-20 00:48:58.909  2509  2509 D SamsungLightBarControlHelper: updateStatusBar (WHITE icon) numStacks:1, StatusBarMode:MODE_TRANSPARENT, lightBarBounds:[], StatusBarState:SHADE, packageName:, isWhiteKeyguardStatusBar:true
04-20 00:48:58.910  1327  3070 I SurfaceFlinger: onHandleDestroyed: layerId=102144, name=Surface(name=TransientLaunchOverlayToken{f61bfc7 token=android.os.BinderProxy@69ffbe1})/@0x8522ae6_transition-leash#102144
04-20 00:48:58.910  1327  3070 I SurfaceFlinger: id=102144 Removed Surface(name=TransientLaunchOverlayToken{f61bfc7 token=android.os.BinderProxy@69ffbe1})/@0x8522ae6_transition-leash#102144 (189)
04-20 00:48:58.910  1831  5125 D InputDispatcher: Focus left window (0): recents_animation_input_consumer
04-20 00:48:58.910  2509  2509 D SamsungLightBarControlHelper: onStatusBarAppearanceChanged() -  sbModeChanged:false, statusBarMode:0, barState:MODE_TRANSPARENT, isKeyguardShowing:false, navbarColorManagedByIme:true, (AppearanceRegion{ bounds=[0,0][1080,2340]}, )
04-20 00:48:58.913  1831  1850 I WindowManager: Relayout Window{421e392 u0 RecentsTransitionOverlay}: viewVisibility=0 req=1x1 ty=2632 d0
04-20 00:48:58.915  1327  1327 I SurfaceFlinger: RequestedLayer [Input Consumer recents_animation_input_consumer#133] hidden!! flag  from(0) --> to(1)
04-20 00:48:58.915  1327  1327 I SurfaceFlinger: RequestedLayer [RecentsTransitionOverlay$_3033#137] hidden!! flag  from(0) --> to(1)
04-20 00:48:58.915  1327  1327 I SurfaceFlinger: RequestedLayer [com.whatsapp/com.whatsapp.Conversation$_5039#102132] hidden!! flag  from(0) --> to(1)
04-20 00:48:58.915  1327  1327 I SurfaceFlinger: RequestedLayer [ActivityRecord{187340008 u0 com.whatsapp/.Conversation t5641}#98205] hidden!! flag  from(0) --> to(1)
04-20 00:48:58.915  1327  1327 I SurfaceFlinger: [LayerHierarchy{RequestedLayerState{ImeContainer#15 parentId=98205 relativeParentId=98205 z=1} 4 children}] RelativeParent to null
04-20 00:48:58.918  3033  3134 I HoneySpace.TopTaskSource: transitionCleanUp: 5167
04-20 00:48:58.918  1327  1669 D SurfaceFlinger: [input] setFocusedWindow: eeeaf72 com.sec.android.app.launcher/com.android.quickstep.RecentsActivity
04-20 00:48:58.918  1327  1669 D SurfaceFlinger: updateWinowInfo=1, setFocusedWindow timestamp=209236129151932, windowName=eeeaf72 com.sec.android.app.launcher/com.android.quickstep.RecentsActivity
04-20 00:48:58.918  1831  1850 I WindowManager: Relayout hash=421e392, pid=3033, syncId=-1: mAttrs={(0,0)(1x1) gr=BOTTOM CENTER_VERTICAL sim={adjust=pan} layoutInDisplayCutoutMode=always ty=TRANSIENT_LAUNCH_OVERLAY fmt=TRANSLUCENT if=INPUT_FEATURE_NO_INPUT_CHANNEL
04-20 00:48:58.918  1831  1850 I WindowManager:   fl=118
04-20 00:48:58.918  1831  1850 I WindowManager:   pfl=10000040
04-20 00:48:58.918  1831  1850 I WindowManager:   bhv=1
04-20 00:48:58.918  1831  1850 I WindowManager:   frameRateBoostOnTouch=true
04-20 00:48:58.918  1831  1850 I WindowManager:   dvrrWindowFrameRateHint=true naviIconColor=0
04-20 00:48:58.918  1831  1850 I WindowManager:   sfl=4020000}
04-20 00:48:58.918  1831  3374 D InputDispatcher: Once focus requested (0): eeeaf72 com.sec.android.app.launcher/com.android.quickstep.RecentsActivity
04-20 00:48:58.918  1831  3374 D InputDispatcher: Focus entered window (0): eeeaf72 com.sec.android.app.launcher/com.android.quickstep.RecentsActivity
04-20 00:48:58.920  1831  1868 D BBA2    : updateWindowVisible for pid : 5039, visible : 0
04-20 00:48:58.920  3033  3033 I BLASTBufferQueue_Java: update, w= 1 h= 1 mName = VRI[RecentsTransitionOverlay]@de26580 mNativeObject= 0xb400007527c85400 sc.mNativeObject= 0xb4000075bae14d00 format= -3 caller= android.view.ViewRootImpl.updateBlastSurfaceIfNeeded:3574 android.view.ViewRootImpl.relayoutWindow:11685 android.view.ViewRootImpl.performTraversals:4804 android.view.ViewRootImpl.doTraversal:3924 android.view.ViewRootImpl$TraversalRunnable.run:12903 android.view.Choreographer$CallbackRecord.run:1901 
04-20 00:48:58.920  3033  3033 I BLASTBufferQueue: [VRI[RecentsTransitionOverlay]@de26580#1](f:0,a:3,s:0) update width=1 height=1 format=-3 mTransformHint=0
04-20 00:48:58.921  3033  3033 I VRI[RecentsTransitionOverlay]@de26580: Relayout returned: old=(0,0,1080,2340) new=(539,2339,540,2340) relayoutAsync=false req=(1,1)0 dur=14 res=0x1 s={true 0xb400007527c18b00} ch=false seqId=804
04-20 00:48:58.921  3033  3033 I HoneySpace.TiltStackLayoutManager[49a74d1]: onLayoutChildren() => itemCount: 7, childCount: 5
04-20 00:48:58.922  3033  3033 I HoneySpace.TiltStackLayoutManager[49a74d1]: scrollOffset: 3405, floorCenterPosition: 1, movePercent: 0.0, attachRange: 0..4
04-20 00:48:58.922  3033  3033 I HoneySpace.TiltStackLayoutManager[49a74d1]: doLayout() => pos: -1, layout: [949, 245, 1630, 1665], view: TaskView[430591e], childCount: 1
04-20 00:48:58.922  3033  3033 I HoneySpace.TiltStackLayoutManager[49a74d1]: doLayout() => pos: 0, layout: [199, 245, 880, 1665], view: TaskView[641f0da], childCount: 2
04-20 00:48:58.922  3033  3033 I HoneySpace.TiltStackLayoutManager[49a74d1]: doLayout() => pos: 1, layout: [10, 245, 691, 1665], view: TaskView[4836afb], childCount: 3
04-20 00:48:58.922  3033  3033 I HoneySpace.TiltStackLayoutManager[49a74d1]: doLayout() => pos: 2, layout: [-169, 245, 511, 1665], view: TaskView[7e6ef65], childCount: 4
04-20 00:48:58.922  3033  3033 I HoneySpace.TiltStackLayoutManager[49a74d1]: doLayout() => pos: 3, layout: [-350, 245, 330, 1665], view: TaskView[7dc89bf], childCount: 5
04-20 00:48:58.922  3033  3033 I VRI[RecentsTransitionOverlay]@de26580: Creating new active sync group VRI[RecentsTransitionOverlay]@de26580#93
04-20 00:48:58.923  1831  1868 V WindowManager: Unknown focus tokens, dropping reportFocusChanged
04-20 00:48:58.924  1831  1868 D SGM:FgCheckThread: notePauseComponent(), received pkgName: com.whatsapp, userId: 0
04-20 00:48:58.925  1831  2317 I CocktailBarManagerServiceContainer: handleMessage: entry what = 6
04-20 00:48:58.925  1831  2317 I CocktailBarManagerServiceImpl: notePauseComponent : no active host
04-20 00:48:58.927  3033  5043 I VRI[RecentsTransitionOverlay]@de26580: mWNT: t=0xb40000757834e100 mBlastBufferQueue=0xb400007527c85400 fn= 36185 HdrRenderState mRenderHdrSdrRatio=1.0 caller= android.view.ViewRootImpl$12.onFrameDraw:15441 android.view.ThreadedRenderer$1.onFrameDraw:718 <bottom of call stack> 
04-20 00:48:58.927  1327  1389 E SfCpu   :  sched_setaffinity return fail 1327
04-20 00:48:58.927  1327  1389 E SfCpu   :  sched_setaffinity return fail 1391
04-20 00:48:58.927  1327  1389 E SfCpu   :  sched_setaffinity return fail 1389
04-20 00:48:58.929  1831  2326 D BackgroundInstallControlService: Package event received: 0
04-20 00:48:58.929  1831  1868 I ActivityManager: Changes in 10289 2 to 8, 255 to 136
04-20 00:48:58.933  3033  5043 I VRI[RecentsTransitionOverlay]@de26580: Setting up sync and frameCommitCallback
04-20 00:48:58.935  3033  4900 I BLASTBufferQueue: [VRI[RecentsTransitionOverlay]@de26580#1](f:0,a:4,s:0) producer disconnected before acquireNextBufferLocked
04-20 00:48:58.935  3033  4900 I VRI[RecentsTransitionOverlay]@de26580: Received frameCommittedCallback lastAttemptedDrawFrameNum=36185 didProduceBuffer=true
04-20 00:48:58.936  1831  1850 D WindowManager: finishDrawingWindow: Window{421e392 u0 RecentsTransitionOverlay} mDrawState=HAS_DRAWN seqId=804
04-20 00:48:58.937  5039  5039 I VRI[Conversation]@c22ee71: stopped(true) old = false
04-20 00:48:58.937  5039  5039 D VRI[Conversation]@c22ee71: WindowStopped on com.whatsapp/com.whatsapp.Conversation set to true
04-20 00:48:58.937  5039  5111 D HWUI    : CacheManager::trimMemory(20)
04-20 00:48:58.938  3033  3033 I HoneySpace.GestureEventController[40fd907]: onInputProxyFinished, Dispatching? : false
04-20 00:48:58.938  3033  3033 I HoneySpace.GestureEventController[40fd907]: cancelCollectEventForRecentInGestureTransition
04-20 00:48:58.939  3033  3033 I HoneySpace.InputConsumerProxy: end
04-20 00:48:58.939  3033  3033 I HoneySpace.HoneyScreenManagerImpl: updateBackground, state: com.honeyspace.sdk.RecentScreen$Normal@6cc54f1
04-20 00:48:58.939  3033  3033 I HoneySpace.RecentscreenPot: changeState : com.honeyspace.sdk.RecentScreen$Normal@6cc54f1
04-20 00:48:58.939  3033  3033 I HoneySpace.RecentscreenPot: recent screenAlphaWhileGesture, alpah 1
04-20 00:48:58.939  3033  3033 I HoneySpace.BackgroundManagerImpl: updateProperties[ch=167104910], com.honeyspace.sdk.RecentScreen$Normal@6cc54f1, true
04-20 00:48:58.939  3033  3033 I HoneySpace.BackgroundManagerImpl: updateDimColor[ch=167104910]
04-20 00:48:58.939  3033  3033 I HoneySpace.BackgroundManagerImpl: updated the scrimView's end color : com.honeyspace.sdk.RecentScreen$Normal@6cc54f1
04-20 00:48:58.939  3033  3033 I HoneySpace.BackgroundManagerImpl: updateLastDimAndBlur[ch=167104910]dim[0.0 -> 0.1] ,wBlur[1.0 -> 1.0
04-20 00:48:58.939  3033  3033 I HoneySpace.BackgroundManagerImpl: updateLastState[167104910]: com.honeyspace.sdk.RecentScreen$Normal@6cc54f1 -> com.honeyspace.sdk.RecentScreen$Normal@6cc54f1
04-20 00:48:58.940  3033  3033 I HoneySpace.CapturedBlurViewModel: shouldUpdateWallpaperBlur : needToUpdateWallpaper = false, needToUpdateWallpaperBlur = false, capture = nonNull, isOrientationChanged() = false, isDisplayChanged() = false, isLiveWallpaper = false
04-20 00:48:58.940  3033  3033 I HoneySpace.CapturedBlurViewModel: updateWallpaperBlur() already captured
04-20 00:48:58.940  3033  3033 I HoneySpace.BackgroundManagerImpl: setProgress: com.honeyspace.sdk.RecentScreen$Normal@6cc54f1, p=1.0, ch=167104910, open=true
04-20 00:48:58.940  3033  3033 I HoneySpace.BackgroundManagerImpl: setProgressToScrimView[ch=167104910]: progress = 1.0, dim = 0.1, currentDimAlpha={8825458=0.1, 167104910=0.1, 181759531=0.1}
04-20 00:48:58.940  3033  3033 I HoneySpace.BackgroundManagerImpl: setProgressToBlurView[ch=167104910, st =  com.honeyspace.sdk.RecentScreen$Normal@6cc54f1, progress = 1.0, wb= 1.0]
04-20 00:48:58.946  5039  5039 I AutofillManager: onInvisibleForAutofill(): expiringResponse
04-20 00:48:58.948  1327  1327 I BufferQueueProducer: [StatusBar$_2509#105](this:0xb4000070d8414e38,id:-1,api:0,p:-1,c:1327) queueBuffer: fps=0.48 dur=2064.87 max=2064.87 min=2064.87
04-20 00:48:58.950  5039  5039 I ImeTracker: com.whatsapp:b5265f23: onRequestHide at ORIGIN_CLIENT reason HIDE_SOFT_INPUT fromUser false
04-20 00:48:58.950  5039  5039 I InputMethodManager_LC: hsifw() - flag : 0
04-20 00:48:58.950  5039  5039 I InputMethodManager_LC: hsifw() - mService.hideSoftInput
04-20 00:48:58.951  5039  5039 D InsetsController: hide(ime(), fromIme=false)
04-20 00:48:58.951  3033  3033 I InputMethodManager: startInputInner - IInputMethodManagerGlobalInvoker.startInputOrWindowGainedFocus
04-20 00:48:58.951  5039  5039 W WindowOnBackDispatcher: sendCancelIfRunning: isInProgress=false callback=android.view.ImeBackAnimationController@41316ce
04-20 00:48:58.952  5039  5039 D InsetsController: Setting requestedVisibleTypes to -9 (was -1)
04-20 00:48:58.952  1831  5459 I SemInputMotionHelper: setMotionControl: ALL: 12, client=com.samsung.android.hardware.secinputdev.SemInputDeviceManager, ret=-1
04-20 00:48:58.953  1831  5459 D SemInputDeviceManager: setProperty: (100) CMD,SIP,0
04-20 00:48:58.953  1831  5460 D SemInputDeviceManager: setProperty: (0) CMD,GRIP_DATA,1,45,7,24,702
04-20 00:48:58.953  1831  5460 D TspStateManager: wrote command: cmd=1,45,7,24,702, type=1
04-20 00:48:58.953  1831  5459 I SemInputCommandService: setPropertyAllTouch: SIP,0 retDefault=1 retExtra=-2
04-20 00:48:58.953  1831  5459 D TspStateManager: wrote command: cmd=0, type=5
04-20 00:48:58.953  1831  2048 D SemInputDevice:TSP: SetPropertyTask: CMD,set_sip_mode,0 [04-20 00:48:58.953]
04-20 00:48:58.953  1831  1850 D CoreBackPreview: Window{9991900 u0 com.whatsapp/com.whatsapp.Conversation}: Setting back callback OnBackInvokedCallbackInfo{mCallback=android.window.IOnBackInvokedCallback$Stub$Proxy@d66020d, mPriority=0, mIsAnimationCallback=false, mOverrideBehavior=0}
04-20 00:48:58.954  1831  2052 V InputMethodManagerService: startInputOrWindowGainedFocusInternalLocked: reason=WINDOW_FOCUS_GAIN client=android.os.BinderProxy@b90c40a inputContext=null editorInfo=android.view.inputmethod.EditorInfo@c1d05c2 startInputFlags=VIEW_HAS_FOCUS|INITIAL_CONNECTION softInputMode=STATE_UNSPECIFIED|ADJUST_RESIZE windowFlags=#81910100 unverifiedTargetSdkVersion=36 bindingController=com.android.server.inputmethod.InputMethodBindingController@1037f75 imeDispatcher=android.window.ImeOnBackInvokedDispatcher@628bfd3 cs=ClientState{5b15113 mUid=10140 mPid=3033 mSelfReportedDisplayId=0} imeRequestedVisible=false
04-20 00:48:58.954  1831  2052 V InputMethodManagerService: setWindowStateInner, windowToken=android.os.BinderProxy@112847d, state=ImeTargetWindowState{ imeToken null imeFocusChanged true hasEditorFocused false requestedImeVisible false imeDisplayId 0 softInputModeState STATE_UNSPECIFIED|ADJUST_RESIZE isStartInputByGainFocus true}
04-20 00:48:58.954  1831  2052 V InputMethodManagerService: Unspecified window will hide input
04-20 00:48:58.954  1831  2052 I ImeTracker: com.sec.android.app.launcher:285cf30d: onRequestHide at ORIGIN_SERVER reason HIDE_UNSPECIFIED_WINDOW fromUser false
04-20 00:48:58.954  1831  2052 V InputMethodManagerService: applyImeVisibility state=6
04-20 00:48:58.955  1831  2052 D SemInputMethodManagerServiceUtil: restorePreviousUsedInputMethod : failed to return the previous ime becuase the stored info is null or do not need restore
04-20 00:48:58.955  1831  2052 V InputMethodManagerService: semComputeImeDisplayIdForTarget: displayToShowIme=0
04-20 00:48:58.955  1831  2052 V InputMethodManagerService: unbindCurrentInputLocked: client=android.os.BinderProxy@f098a8b
04-20 00:48:58.955  1296  1296 I sysinput:Touch: writeInformation:249, OK
04-20 00:48:58.955  1831  2048 D SysinputHAL_V1_3(V1_2): runTspCmdNoRead(TSP(1)): set_sip_mode,0 ret=0
04-20 00:48:58.955  1831  2048 D SemInputDevice:TSP: SetPropertyTask: CMD,set_grip_data,1,45,7,24,702 [04-20 00:48:58.953]
04-20 00:48:58.956  3033  3033 I HoneySpace.FloatingFinishHelper: finishInProgress: false
04-20 00:48:58.957  1831  2052 V InputMethodManagerService: Creating new accessibility sessions for client ClientState{5b15113 mUid=10140 mPid=3033 mSelfReportedDisplayId=0}
04-20 00:48:58.957  3033  3033 I InputMethodManager: handleMessage: setImeVisibility visible=false
04-20 00:48:58.957  3033  3033 I ImeTracker: com.sec.android.app.launcher:285cf30d: onCancelled at PHASE_CLIENT_ALREADY_HIDDEN
04-20 00:48:58.957  1831  2052 D InputMethodManagerService: isImeSwitcherDisabledPackage : false
04-20 00:48:58.958  1831  2052 D InputMethodManagerService: shouldShowImeSwitcherLocked : checking vis : 3
04-20 00:48:58.958  1831  2052 V InputMethodManagerService: Disabling: SessionState{uid=10289 pid=5039 method=39e339b session=763927a channel=ClientState{10807b3 mUid=10289 mPid=5039 mSelfReportedDisplayId=0} userId=0}
04-20 00:48:58.958  1296  1296 I sysinput:Touch: writeInformation:249, OK
04-20 00:48:58.958  1831  2048 D SysinputHAL_V1_3(V1_2): runTspCmdNoRead(TSP(1)): set_grip_data,1,45,7,24,702 ret=0
04-20 00:48:58.958  1831  2052 V InputMethodManagerService: Enabling: SessionState{uid=10140 pid=3033 method=39e339b session=2f76338 channel=ClientState{5b15113 mUid=10140 mPid=3033 mSelfReportedDisplayId=0} userId=0}
04-20 00:48:58.959  1831  2052 D InputMethodManagerService: checkDisplayOfStartInputAndUpdateKeyboard: displayId=0, mFocusedDisplayId=0
04-20 00:48:58.959  1831  2052 D InputTransport: Input channel constructed: 'ClientS', fd=1210
04-20 00:48:58.960  5000  5000 I HBD     : HoneyBoardService onFinishInputView finishingInput= true
04-20 00:48:58.961  5000  5000 I HBD     : a [UpdatePolicy] [post] a: 3 cl: 65555 kit: [0/0] vt: 0 ir: 1 
04-20 00:48:58.962  1831  2052 D InputTransport: Input channel destroyed: 'ClientS', fd=1210
04-20 00:48:58.963  5000  5000 I HBD     : f processFinishInputView 
04-20 00:48:58.964  1831  2024 D InputReader: Btn_touch(6): value=1 when=209236.190260
04-20 00:48:58.964  1831  2024 I InputReader: Touch event's action is 0x0 (id=5, t=0) [pCnt=1, s=0.46609 ] when=209236.190260
04-20 00:48:58.964  1831  5125 D RestrictionPolicy: isScreenCaptureEnabled : ret=true userId=0
04-20 00:48:58.964  1831  2023 I InputDispatcher: Delivering touch to (2509): action: 0x4, f=0x0, d=0, 'eeaad28', t=1 
04-20 00:48:58.964  1831  2023 I InputDispatcher: Delivering touch to (3033): action: 0x0, f=0x0, d=0, 'eeeaf72', t=1 
04-20 00:48:58.965  1831  2023 D PowerManagerService: [api] userActivityFromNative : touch displayId=0 eventTime=209236190
04-20 00:48:58.965  1831  5125 D InsetsSourceProvider: updateVisibility: serverVisible=true, clientVisible=false, source=InsetsSource: {3 mType=ime mFrame=[0,1332][1080,2340] mVisible=false mFlags= mSideHint=BOTTOM mBoundingRects=null}, controlTarget=Window{9991900 u0 com.whatsapp/com.whatsapp.Conversation}, from=com.android.server.wm.ImeInsetsSourceProvider.updateVisibility:7 com.android.server.wm.InsetsSourceProvider.setClientVisible:8 com.android.server.wm.ImeInsetsSourceProvider.setClientVisible:17 com.android.server.wm.InsetsSourceProvider.updateControlForTarget:152 com.android.server.wm.ImeInsetsSourceProvider.updateControlForTarget:17 com.android.server.wm.InsetsStateController.onControlTargetChanged:83 com.android.server.wm.DisplayContent.updateImeControlTarget:21 com.android.server.wm.DisplayContent.updateImeInputAndControlTarget:156 com.android.server.wm.WindowManagerService$LocalService.updateInputMethodTargetWindow:64 com.android.server.inputmethod.InputMethodManagerService$InputMethodPrivilegedOperationsImpl.reportStartInputAsync:34 
04-20 00:48:58.965  1831  5125 I WindowManager: Cancelling animation restarting=true, leash=Surface(name=Surface(name=fb5d225 InputMethod)/@0xb2f1587 - animation-leash of insets_animation)/@0xd979692
04-20 00:48:58.965  1831  5125 I WindowManager: Reparenting to original parent: Surface(name=WindowToken{b02c2dc type=2011 android.os.Binder@bc79bb0})/@0xa2d7fb1, destroy=false, surface=Surface(name=fb5d225 InputMethod)/@0xb2f1587
04-20 00:48:58.965  1831  5125 I WindowManager: Reparenting to leash, surface=Surface(name=fb5d225 InputMethod)/@0xb2f1587, leashParent=Surface(name=WindowToken{b02c2dc type=2011 android.os.Binder@bc79bb0})/@0xa2d7fb1
04-20 00:48:58.965  1327  3070 I SurfaceFlinger: id=102148 createSurf, flag=24004, Surface(name=fb5d225 InputMethod)/@0xb2f1587 - animation-leash of insets_animation#102148
04-20 00:48:58.966  3033  3033 I VRI[RecentsActivity]@8d94f7d: ViewPostIme pointer 0
04-20 00:48:58.966  5000  5000 I HBD     : a stopRunningTimers 
04-20 00:48:58.966  1831  5125 D WindowManager: makeSurface duration=2 leash=Surface(name=Surface(name=fb5d225 InputMethod)/@0xb2f1587 - animation-leash of insets_animation)/@0xf35862f
04-20 00:48:58.967  1831  5125 D InsetsSourceProvider: updateControlForTarget: control=InsetsSourceControl: {3 mType=ime mSurfacePosition=Point(0, 80) mInsetsHint=Insets{left=0, top=0, right=0, bottom=1008}}, target=Window{eeeaf72 u0 com.sec.android.app.launcher/com.android.quickstep.RecentsActivity}, from=com.android.server.wm.ImeInsetsSourceProvider.updateControlForTarget:17 com.android.server.wm.InsetsStateController.onControlTargetChanged:83 com.android.server.wm.DisplayContent.updateImeControlTarget:21 com.android.server.wm.DisplayContent.updateImeInputAndControlTarget:156 com.android.server.wm.WindowManagerService$LocalService.updateInputMethodTargetWindow:64 
04-20 00:48:58.967  1831  5125 I ImeTracker: system_server:59616717: onRequestHide at ORIGIN_SERVER reason IME_REQUESTED_CHANGED_LISTENER fromUser false
04-20 00:48:58.967  5000  5462 I HBD     : a [HBIC] requestCursorUpdates 0 
04-20 00:48:58.967  5000  5462 I HBD     : a requestCursorUpdates(0),  0
04-20 00:48:58.967  3033  3033 I VRI[RecentsActivity]@8d94f7d: call setFrameRateCategory for touch hint category=high hint, reason=touch, vri=VRI[RecentsActivity]@8d94f7d
04-20 00:48:58.968  1831  1869 I WindowManager: Cancelling animation restarting=true, leash=Surface(name=Surface(name=eeaad28 NavigationBar0)/@0x399faeb - animation-leash of insets_animation)/@0xd2eb245
04-20 00:48:58.968  1831  1869 I WindowManager: Reparenting to original parent: Surface(name=WindowToken{b65393c type=2019 android.os.BinderProxy@49f090e})/@0xfc5a048, destroy=false, surface=Surface(name=eeaad28 NavigationBar0)/@0x399faeb
04-20 00:48:58.968  1831  1869 I WindowManager: Reparenting to leash, surface=Surface(name=eeaad28 NavigationBar0)/@0x399faeb, leashParent=Surface(name=WindowToken{b65393c type=2019 android.os.BinderProxy@49f090e})/@0xfc5a048
04-20 00:48:58.969  1327  3070 I SurfaceFlinger: id=102149 createSurf, flag=24000, Surface(name=eeaad28 NavigationBar0)/@0x399faeb - animation-leash of insets_animation#102149
04-20 00:48:58.969  5039  5039 I InsetsController: setRequestedVisibleTypes: visible=false, mask=ime, host=com.whatsapp/com.whatsapp.Conversation, from=android.view.InsetsController.controlAnimationUnchecked:1604 android.view.InsetsController.applyAnimation:2416 android.view.InsetsController.applyAnimation:2343 android.view.InsetsController.hide:1540 android.view.inputmethod.InputMethodManager.hideSoftInputFromWindow:2889 android.view.inputmethod.InputMethodManager.hideSoftInputFromWindow:2812 android.view.inputmethod.InputMethodManager.hideSoftInputFromWindow:2773 X.3nc.B2g:30 com.whatsapp.ui.wds.components.edittext.WDSEditText.B2g:2 X.1oV.A0p:22 
04-20 00:48:58.969  5000 30442 I HBD     : g [SKE_LM] saveDynamicModel,  false ,  false
04-20 00:48:58.969  5000  5000 I HBD     : c [PF_EN] saveUserData() 1 
04-20 00:48:58.970  1327  1327 I SurfaceFlinger: [com.sec.android.app.launcher/com.android.quickstep.RecentsActivity$_3033#102142] setFrameRateCategory: HighHint
04-20 00:48:58.970  1327  1327 I SurfaceFlinger: [Surface(name=fb5d225 InputMethod)/@0xb2f1587 - animation-leash of insets_animation#102148] attach to parent LayerHierarchy{RequestedLayerState{WindowToken{b02c2dc type=2011 android.os.Binder@bc79bb0}#121 parentId=15} 2 children}
04-20 00:48:58.970  1327  1327 I SurfaceFlinger: [Surface(name=eeaad28 NavigationBar0)/@0x399faeb - animation-leash of insets_animation#102149] attach to parent LayerHierarchy{RequestedLayerState{WindowToken{b65393c type=2019 android.os.BinderProxy@49f090e}#94 parentId=34} 2 children}
04-20 00:48:58.970  5039  5039 I InsetsController: controlAnimationUncheckedInner: Added types=ime, animType=1, host=com.whatsapp/com.whatsapp.Conversation, from=android.view.InsetsController.controlAnimationUnchecked:1608 android.view.InsetsController.applyAnimation:2416 android.view.InsetsController.applyAnimation:2343 
04-20 00:48:58.970  5000  5000 I HBD     : o0 EBD reset pbc:0 pdc:0 
04-20 00:48:58.972  1831  1869 D WindowManager: makeSurface duration=2 leash=Surface(name=Surface(name=eeaad28 NavigationBar0)/@0x399faeb - animation-leash of insets_animation)/@0xb598b1a
04-20 00:48:58.972  1831  1869 D InsetsSourceProvider: updateControlForTarget: control=InsetsSourceControl: {71ac0001 mType=navigationBars initiallyVisible mSurfacePosition=Point(0, 2205) mInsetsHint=Insets{left=0, top=0, right=0, bottom=135}}, target=Window{eeeaf72 u0 com.sec.android.app.launcher/com.android.quickstep.RecentsActivity}, from=com.android.server.wm.InsetsStateController.onControlTargetChanged:83 com.android.server.wm.InsetsPolicy.updateBarControlTarget:225 com.android.server.wm.DisplayPolicy.updateSystemBarAttributes:262 com.android.server.wm.DisplayPolicy.finishPostLayoutPolicyLw:17 com.android.server.wm.RootWindowContainer.applySurfaceChangesTransaction$1:195 
04-20 00:48:58.975  5000  5000 I HBD     : v historic wpmWordCount:2270 wpmSessionTime:31987216 wpmPauseTime:2115429 wpm:4 
04-20 00:48:58.975  5000  5000 I HBD     : v historic(rounded) wpmWordCount:2270 wpmSessionTime:31987216 wpmPauseTime:2115429 wpm:6 
04-20 00:48:58.976  5039  5039 D InputTransport: Input channel destroyed: 'ClientS', fd=333
04-20 00:48:58.978  3033  3033 I InsetsController: onStateChanged: host=com.sec.android.app.launcher/com.android.quickstep.RecentsActivity, from=android.view.ViewRootImpl.onInsetsStateChanged:3026, state=InsetsState: {mDisplayFrame=Rect(0, 0 - 1080, 2340), mDisplayCutout=DisplayCutout{insets=Rect(0, 80 - 0, 0) waterfall=Insets{left=0, top=0, right=0, bottom=0} boundingRect={Bounds=[Rect(0, 0 - 0, 0), Rect(472, 0 - 608, 80), Rect(0, 0 - 0, 0), Rect(0, 0 - 0, 0)]} cutoutPathParserInfo={CutoutPathParserInfo{displayWidth=1080 displayHeight=2340 physicalDisplayWidth=1080 physicalDisplayHeight=2340 density={2.8125} cutoutSpec={M 0,0 H -24.177777778 V 28.4444444444 H 24.177777778 V 0 H 0 Z @dp} rotation={0} scale={1.0} physicalPixelDisplaySizeRatio={1.0}}} sideOverrides={}}, mRoundedCorners=RoundedCorners{[RoundedCorner{position=TopLeft, radius=113, center=Point(113, 113)}, RoundedCorner{position=TopRight, radius=113, center=Point(967, 113)}, RoundedCorner{position=BottomRight, radius=113, center=Point(967, 2227)}, RoundedCorner{position=BottomLeft, radius=113, center=Point(113, 2227)}]}  mRoundedCornerFrame=Rect(0, 0 - 1080, 2340), mPrivacyIndicatorBounds=PrivacyIndicatorBounds {static bounds=Rect(956, 0 - 1080, 80) rotation=0}, mDisplayShape=DisplayShape{ spec=-311912193 displayWidth=1080 displayHeight=2340 physicalPixelDisplaySizeRatio=1.0 rotation=0 offsetX=0 offsetY=0 scale=1.0}, mSources= { InsetsSource: {3 mType=ime mFrame=[0,1332][1080,2340] mVisible=false mFlags= mSideHint=BOTTOM mBoundingRects=null}, InsetsSource: {27 mType=displayCutout mFrame=[0,0][1080,80] mVisible=true mFlags= mSideHint=TOP mBoundingRects=null}, InsetsSource: {65150000 mType=statusBars mFrame=[0,0][1080,80] mVisible=true mFlags= mSideHint=TOP mBoundingRects=null}, InsetsSource: {65150005 mType=mandatorySystemGestures mFrame=[0,0][1080,114] mVisible=true mFlags= mSideHint=TOP mBoundingRects=null}, InsetsSource: {65150006 mType=tappableElement mFrame=[0,0][1080,80] mVisible=true mFlags= mSideHint=TOP mBoundingRects=null}, InsetsSource: {71ac0001 mType=navigationBars mFrame=[0,2205][1080,2340] mVisible=true mFlags= mSideHint=BOTTOM mBoundingRects=null}, InsetsSource: {71ac0004 mType=systemGestures mFrame=[0,0][0,0] mVisible=true mFlags= mSideHint=NONE mBoundingRects=null}, InsetsSource: {71ac0005 mType=mandatorySystemGestures mFrame=[0,2205][1080,2340] mVisible=true mFlags= mSideHint=BOTTOM mBoundingRects=null}, InsetsSource: {71ac0006 mType=tappableElement mFrame=[0,2205][1080,2340] mVisible=true mFlags= mSideHint=BOTTOM mBoundingRects=null}, InsetsSource: {71ac0024 mType=systemGestures mFrame=[0,0][0,0] mVisible=true mFlags= mSideHint=NONE mBoundingRects=null} }
04-20 00:48:58.979  3033  3033 I VRI[RecentsActivity]@8d94f7d: handleResized, frames=ClientWindowFrames{frame=[0,0][1080,2340] display=[0,0][1080,2340] parentFrame=[0,0][0,0]} displayId=0 dragResizing=false compatScale=1.0 frameChanged=false attachedFrameChanged=false configChanged=false displayChanged=false compatScaleChanged=false dragResizingChanged=false
04-20 00:48:58.979  2509  2562 D WindowManagerShell: onKeepClearAreasChanged: restricted={}, unrestricted={}
04-20 00:48:58.980  5000  5000 I HBD     : e unbindCurrentHoneyBoard : text_board 
04-20 00:48:58.980  1831  1866 I GestureDetector: obtain mCurrentDownEvent. id: 369313671 caller: com.android.server.wm.SystemGesturesPointerEventListener.onPointerEvent:17 com.android.server.wm.PointerEventDispatcher.onInputEvent:51 android.view.InputEventReceiver.dispatchInputEvent:392 
04-20 00:48:58.980  5000  5000 I HBD     : a onUnbind 
04-20 00:48:58.980  1831  1868 V InputMethodManagerService: Client requesting input be hidden
04-20 00:48:58.980  1831  1868 V InputMethodManagerService: setWindowStateInner, windowToken=android.os.BinderProxy@112847d, state=ImeTargetWindowState{ imeToken android.os.Binder@d9e564b imeFocusChanged true hasEditorFocused false requestedImeVisible false imeDisplayId 0 softInputModeState STATE_UNSPECIFIED|ADJUST_RESIZE isStartInputByGainFocus true}
04-20 00:48:58.980  1831  1868 V InputMethodManagerService: Calling com.android.server.inputmethod.IInputMethodInvoker@50dfa4b.hideSoftInput(0, android.os.BinderProxy@112847d, null) for reason: HIDE_SOFT_INPUT
04-20 00:48:58.980  1831  1866 I GestureDetector: obtain mCurrentDownEvent. id: 369313671 caller: com.android.server.wm.SystemPerformancePointerEventListener.onPointerEvent:13 com.android.server.wm.PointerEventDispatcher.onInputEvent:51 android.view.InputEventReceiver.dispatchInputEvent:392 
04-20 00:48:58.981  1831  1866 I GestureDetector: obtain mCurrentMotionEventRaw. action: 2 id: 418644312
04-20 00:48:58.981  1831  1866 I GestureDetector: obtain mCurrentMotionEventRaw. action: 2 id: 418644312
04-20 00:48:58.982  1831  1868 I ActivityManager: Changes in 10187 5 to 7, 255 to 128
04-20 00:48:58.982  5000  5000 I HBD     : e expression state[false], searchState[0] 
04-20 00:48:58.984  5039  5111 I BLASTBufferQueue: [VRI[Conversation]@c22ee71#47](f:0,a:3,s:0) destructor()
04-20 00:48:58.984  5039  5111 D BufferQueueConsumer: [VRI[Conversation]@c22ee71#47(BLAST Consumer)47](id:13af0000002f,api:0,p:-1,c:5039) disconnect
04-20 00:48:58.984  1831  5464 D SemInputDeviceManager: setProperty: (0) CMD,GRIP_DATA,1,18,7,24,1830
04-20 00:48:58.985  1831  5464 D TspStateManager: wrote command: cmd=1,18,7,24,1830, type=1
04-20 00:48:58.985  1831  2048 D SemInputDevice:TSP: SetPropertyTask: CMD,set_grip_data,1,18,7,24,1830 [04-20 00:48:58.984]
04-20 00:48:58.985  2509  2509 I WallpaperService: resized: system, reportDraw=false, forceLayout=false, displayId=0
04-20 00:48:58.985  5039  5111 D HWUI    : CacheManager::trimMemory(20)
04-20 00:48:58.985  2509  2830 I WallpaperService: handleResized: which=5, reportDraw=false
