04-20 01:55:23.063 15380 15380 I InsetsController: onStateChanged: host=com.whatsapp/com.whatsapp.Conversation, from=android.view.ViewRootImpl.onInsetsStateChanged:3026, state=InsetsState: {mDisplayFrame=Rect(0, 0 - 1080, 2340), mDisplayCutout=DisplayCutout{insets=Rect(0, 80 - 0, 0) waterfall=Insets{left=0, top=0, right=0, bottom=0} boundingRect={Bounds=[Rect(0, 0 - 0, 0), Rect(472, 0 - 608, 80), Rect(0, 0 - 0, 0), Rect(0, 0 - 0, 0)]} cutoutPathParserInfo={CutoutPathParserInfo{displayWidth=1080 displayHeight=2340 physicalDisplayWidth=1080 physicalDisplayHeight=2340 density={2.8125} cutoutSpec={M 0,0 H -24.177777778 V 28.4444444444 H 24.177777778 V 0 H 0 Z @dp} rotation={0} scale={1.0} physicalPixelDisplaySizeRatio={1.0}}} sideOverrides={}}, mRoundedCorners=RoundedCorners{[RoundedCorner{position=TopLeft, radius=113, center=Point(113, 113)}, RoundedCorner{position=TopRight, radius=113, center=Point(967, 113)}, RoundedCorner{position=BottomRight, radius=113, center=Point(967, 2227)}, RoundedCorner{position=BottomLeft, radius=113, center=Point(113, 2227)}]}  mRoundedCornerFrame=Rect(0, 0 - 1080, 2340), mPrivacyIndicatorBounds=PrivacyIndicatorBounds {static bounds=Rect(956, 0 - 1080, 80) rotation=0}, mDisplayShape=DisplayShape{ spec=-311912193 displayWidth=1080 displayHeight=2340 physicalPixelDisplaySizeRatio=1.0 rotation=0 offsetX=0 offsetY=0 scale=1.0}, mSources= { InsetsSource: {3 mType=ime mFrame=[0,1332][1080,2340] mVisible=true mFlags= mSideHint=BOTTOM mBoundingRects=null}, InsetsSource: {27 mType=displayCutout mFrame=[0,0][1080,80] mVisible=true mFlags= mSideHint=TOP mBoundingRects=null}, InsetsSource: {65150000 mType=statusBars mFrame=[0,0][1080,80] mVisible=true mFlags= mSideHint=TOP mBoundingRects=null}, InsetsSource: {65150005 mType=mandatorySystemGestures mFrame=[0,0][1080,114] mVisible=true mFlags= mSideHint=TOP mBoundingRects=null}, InsetsSource: {65150006 mType=tappableElement mFrame=[0,0][1080,80] mVisible=true mFlags= mSideHint=TOP mBoundingRects=null}, InsetsSource: {71ac0001 mType=navigationBars mFrame=[0,2205][1080,2340] mVisible=true mFlags= mSideHint=BOTTOM mBoundingRects=null}, InsetsSource: {71ac0004 mType=systemGestures mFrame=[0,0][0,0] mVisible=true mFlags= mSideHint=NONE mBoundingRects=null}, InsetsSource: {71ac0005 mType=mandatorySystemGestures mFrame=[0,2205][1080,2340] mVisible=true mFlags= mSideHint=BOTTOM mBoundingRects=null}, InsetsSource: {71ac0006 mType=tappableElement mFrame=[0,2205][1080,2340] mVisible=true mFlags= mSideHint=BOTTOM mBoundingRects=null}, InsetsSource: {71ac0024 mType=systemGestures mFrame=[0,0][0,0] mVisible=true mFlags= mSideHint=NONE mBoundingRects=null} }
04-20 01:55:23.064  1831  1868 D AsyncRotation_WindowManager: Start transaction is committed
04-20 01:55:23.064  1831  1868 D AsyncRotation_WindowManager: Continue pending completion Window{eeaad28 u0 NavigationBar0}
04-20 01:55:23.065  1831  1868 D AsyncRotation_WindowManager: Complete directly Window{eeaad28 u0 NavigationBar0}
04-20 01:55:23.065  1831  1868 D AsyncRotation_WindowManager: finishOp merge transaction Window{eeaad28 u0 NavigationBar0}
04-20 01:55:23.065  1831  1868 D AsyncRotation_WindowManager: finishOp undo seamless Window{eeaad28 u0 NavigationBar0}
04-20 01:55:23.065  1831  1868 D AsyncRotation_WindowManager: Continue pending completion Window{de626f1 u0 StatusBar}
04-20 01:55:23.065  1831  1868 D AsyncRotation_WindowManager: Complete directly Window{de626f1 u0 StatusBar}
04-20 01:55:23.065  1831  1868 D AsyncRotation_WindowManager: finishOp fade-in Window{de626f1 u0 StatusBar}
04-20 01:55:23.065  1831  1868 D WindowManager: fadeWindowToken, show=true, animationType=token_transform, topWindow=Window{de626f1 u0 StatusBar}, token=WindowToken{a45e1fe type=2000 android.os.BinderProxy@d1eff80}, caller=com.android.server.wm.AsyncRotationController.finishOp:116 com.android.server.wm.DisplayContent.finishAsyncRotation:135 com.android.server.wm.AsyncRotationController$$ExternalSyntheticLambda4.onTransactionCommitted:87 android.view.SurfaceControl$Transaction$$ExternalSyntheticLambda4.run:0 android.os.Handler.handleCallback:995 
04-20 01:55:23.065 15380 15380 I InsetsController: controlAnimationUncheckedInner: Added types=ime, animType=0, host=com.whatsapp/com.whatsapp.Conversation, from=android.view.InsetsController.controlAnimationUnchecked:1608 android.view.InsetsController.applyAnimation:2416 android.view.InsetsController.applyAnimation:2343 
04-20 01:55:23.065  1831  1868 I WindowManager: Cancelling animation restarting=true, leash=Surface(name=Surface(name=WindowToken{a45e1fe type=2000 android.os.BinderProxy@d1eff80})/@0x6f6328d - animation-leash of token_transform)/@0x2afd1ad
04-20 01:55:23.065  1831  4863 D KNOX_MDM_SettingsProvider: isChangeAllowed() : name = enabled_input_methods
04-20 01:55:23.065  1831  4863 D KNOX_MDM_SettingsProvider: edmUri: content://com.sec.knox.provider/RestrictionPolicy3
04-20 01:55:23.065  1831  4863 D KNOX_MDM_SettingsProvider: projectionArgs: isSettingsChangesAllowed
04-20 01:55:23.065  1831  4863 D KNOX_MDM_SettingsProvider: selectionArgs: false
04-20 01:55:23.065  1831  1868 I WindowManager: Reparenting to original parent: Surface(name=Leaf:15:15)/@0xad9aa5b, destroy=false, surface=Surface(name=WindowToken{a45e1fe type=2000 android.os.BinderProxy@d1eff80})/@0x6f6328d
04-20 01:55:23.065  1831  4863 D KNOX_MDM_SettingsProvider: selectionArgs: 10187
04-20 01:55:23.065  1831  1868 I WindowManager: Reparenting to leash, surface=Surface(name=WindowToken{a45e1fe type=2000 android.os.BinderProxy@d1eff80})/@0x6f6328d, leashParent=Surface(name=Leaf:15:15)/@0xad9aa5b
04-20 01:55:23.065  1831  4863 D SecContentProvider: query(), uri = 17 selection = isSettingsChangesAllowed
04-20 01:55:23.066  1831  4863 D SecContentProvider: called from android.uid.honeyboard:10187
04-20 01:55:23.066  1831  4863 D RestrictionPolicy: isSettingsChangesAllowedAsUser, userId 0 : true
04-20 01:55:23.066  1831  4863 D KNOX_MDM_SettingsProvider: ret = 1
04-20 01:55:23.066  1327  1384 I SurfaceFlinger: id=107243 createSurf, flag=24004, Surface(name=WindowToken{a45e1fe type=2000 android.os.BinderProxy@d1eff80})/@0x6f6328d - animation-leash of token_transform#107243
04-20 01:55:23.066  5000  5000 I HBD     : c update cached prediction status : true 
04-20 01:55:23.066  5000  5000 I HBD     : b updateConfig: [LanguageItem] English(India) / [KeyboardViewTypeItem] 0 / [KeyboardInputTypeItem] mainType(0), subType(0) / [CurrentLanguageInputTypeItem] mainType(0), subType(0) / [KeyboardInputRangeItem] 1 / [SelectedLanguageItem] 1 / [TextOrNullInputClassItem] true / [NumberKeyFirstLineItem] true / [SpaceRowStyleCmItem] true / [SpaceRowStylePeriodItem] true / [SpaceRowStyleEmailURLPeriodItem] true /  
04-20 01:55:23.067  5000  5000 I HBD     : b updateConfig: [SpaceRowStyleEmailURLDotComItem] true / [SpaceRowStyleEmailURLPeriodItem] true / [SpaceRowStyleJapaneseArrowItem] true / [SpaceRowStyleJapanesePeriodItem] true / [TouchAndHoldSpaceBarTypeItem] cursor_control / [UseToolBarItem] true / [VoiceInputTypeItem] 1 / [DensityItem] 2.8125 / [DisplayWidthItem] 1080 / [DisplayHeightItem] 2125 / [MainTextLabelItem] 1 /  
04-20 01:55:23.067  1831  1868 D WindowManager: makeSurface duration=1 leash=Surface(name=Surface(name=WindowToken{a45e1fe type=2000 android.os.BinderProxy@d1eff80})/@0x6f6328d - animation-leash of token_transform)/@0x6b08043
04-20 01:55:23.067  1831  5089 D KNOX_MDM_SettingsProvider: isChangeAllowed() : name = default_input_method
04-20 01:55:23.067  1831  5089 D KNOX_MDM_SettingsProvider: edmUri: content://com.sec.knox.provider/RestrictionPolicy3
04-20 01:55:23.067  1831  5089 D KNOX_MDM_SettingsProvider: projectionArgs: isSettingsChangesAllowed
04-20 01:55:23.067  1831  5089 D KNOX_MDM_SettingsProvider: selectionArgs: false
04-20 01:55:23.067  1831  1868 I SurfaceControlRegistry: show, t=syncBuffer_VRI[NavigationBar0]@7904a44#17_seqId<303> sc=Surface(name=WindowToken{a45e1fe type=2000 android.os.BinderProxy@d1eff80})/@0x6f6328d - animation-leash of token_transform, caller=android.view.SurfaceControl$Transaction.show:3557 com.android.server.wm.WindowContainer.startAnimation:31 com.android.server.wm.WindowContainer.startAnimation:48 com.android.server.wm.FadeAnimationController.fadeWindowToken:107 com.android.server.wm.AsyncRotationController.finishOp:116 com.android.server.wm.DisplayContent.finishAsyncRotation:135 
04-20 01:55:23.067  1831  5089 D KNOX_MDM_SettingsProvider: selectionArgs: 10187
04-20 01:55:23.067  5000  5000 I HBD     : b updateConfig: [LanguageSwitchingUsingKeyItem] true / [VoiceEnabledItem] true / [PredictionStatusItem] true / [EditorEnterActionItem] -1 /  
04-20 01:55:23.067  1831  1868 D AsyncRotation_WindowManager: onAllCompleted
04-20 01:55:23.067  1831  5089 D SecContentProvider: query(), uri = 17 selection = isSettingsChangesAllowed
04-20 01:55:23.067  5000  5000 I HBD     : c update cached prediction status : true 
04-20 01:55:23.067  1831  5089 D SecContentProvider: called from android.uid.honeyboard:10187
04-20 01:55:23.067  1831  5089 D RestrictionPolicy: isSettingsChangesAllowedAsUser, userId 0 : true
04-20 01:55:23.067  1831  5089 D KNOX_MDM_SettingsProvider: ret = 1
04-20 01:55:23.068  5000  5000 I HBD     : b updateMultiTapTimeValue 
04-20 01:55:23.068  5000  5000 I HBD     : b getMultiTapTimeoutValue 
04-20 01:55:23.068  5000  5000 I HBD     : b getSingleVowelMultiTapTimeoutValue 
04-20 01:55:23.068  5000  5000 I HBD     : e [PF_OP][onStartInputViewActivate]  0 ms 
04-20 01:55:23.068  5000  7642 I HBD     : a [HBIC] requestCursorUpdates 2 
04-20 01:55:23.068  5000  5000 I HBD     : MultiModalSwitcher onStartInputView 
04-20 01:55:23.068  2509  2683 I BLASTBufferQueue: [VRI[NavigationBar0]@7904a44#4](f:1,a:2,s:1) onFrameAvailable-start syncTransactionSet=false
04-20 01:55:23.068  2509  2683 I BLASTBufferQueue: [VRI[NavigationBar0]@7904a44#4](f:1,a:2,s:1) onFrameAvailable framenumber=171042 syncTransactionSet=false
04-20 01:55:23.068  5000  9121 I HBD     : u updated Sub Types. English(India) 
04-20 01:55:23.068  2509  2683 I BLASTBufferQueue: [VRI[NavigationBar0]@7904a44#4](f:1,a:2,s:1) onFrameAvailable framenumber=171042 syncTransactionSet=false
04-20 01:55:23.068  2509  2683 I BLASTBufferQueue: [VRI[NavigationBar0]@7904a44#4](f:1,a:2,s:1) onFrameAvailable set 1 213040845509928
04-20 01:55:23.069  5000  5000 I HBD     : HoneyBoardService [PF_OP][onStartInputView]  25 ms 
04-20 01:55:23.070  5000  5000 I HBD     : a IIFO[r:bbcd176b71][type:finish] 
04-20 01:55:23.070  5000  7643 I HBD     : b InputMethodSubtype is set as local:en_IN 
04-20 01:55:23.070  1327  1327 I SurfaceFlinger: [Surface(name=WindowToken{a45e1fe type=2000 android.os.BinderProxy@d1eff80})/@0x6f6328d - animation-leash of token_transform#107243] attach to parent LayerHierarchy{RequestedLayerState{Leaf:15:15#17 parentId=16} 2 children}
04-20 01:55:23.071  1831  1831 I InputMethodManagerService: subtype state: oldSubtype = android.view.inputmethod.InputMethodSubtype@10013 newSubtype = android.view.inputmethod.InputMethodSubtype@10013 force = false, intent received : false
04-20 01:55:23.071  1831  1869 I SurfaceControlRegistry: hide, t=syncBuffer_VRI[NavigationBar0]@7904a44#17_seqId<303> sc=WallpaperWindowToken{7f7fa9e showWhenLocked=false}, caller=android.view.SurfaceControl$Transaction.hide:3583 android.view.SurfaceControl$Transaction.setVisibility:3525 com.android.server.wm.WallpaperWindowToken.prepareSurfaces:36 com.android.server.wm.WindowContainer.prepareSurfaces:18 com.android.server.wm.WindowContainer.prepareSurfaces:18 com.android.server.wm.WindowContainer.prepareSurfaces:18 
04-20 01:55:23.071  1831  1869 I SurfaceControlRegistry: hide, t=syncBuffer_VRI[NavigationBar0]@7904a44#17_seqId<303> sc=WallpaperWindowToken{3304075 showWhenLocked=false}, caller=android.view.SurfaceControl$Transaction.hide:3583 android.view.SurfaceControl$Transaction.setVisibility:3525 com.android.server.wm.WallpaperWindowToken.prepareSurfaces:36 com.android.server.wm.WindowContainer.prepareSurfaces:18 com.android.server.wm.WindowContainer.prepareSurfaces:18 com.android.server.wm.WindowContainer.prepareSurfaces:18 
04-20 01:55:23.071  5000  5000 I HBD     : a [SKE_LM] enable notTaggedWith:emoji
04-20 01:55:23.072  1831  1869 I SurfaceControlRegistry: apply, t=syncBuffer_VRI[NavigationBar0]@7904a44#17_seqId<303>, caller=android.view.SurfaceControl$Transaction.apply:3459 android.view.SurfaceControl$Transaction.apply:3447 android.view.SurfaceControl$Transaction.apply:3397 com.android.server.wm.WindowAnimator.animate:307 com.android.server.wm.WindowAnimator$$ExternalSyntheticLambda1.doFrame:14 android.view.Choreographer$CallbackRecord.run:1899 
04-20 01:55:23.072  1831  1869 I SurfaceComposerClient: setTransactionState with buffer. layerId: 100, bufferData(ID: 10776073020339, frameNumber: 171037, barrierFrameNumber: 171036)
04-20 01:55:23.075 15380 15380 I BLASTBufferQueue_Java: update, w= 1080 h= 2340 mName = VRI[Conversation]@6571d78 mNativeObject= 0xb4000075a21f5000 sc.mNativeObject= 0xb4000075b8980d40 format= -1 caller= android.view.ViewRootImpl.updateBlastSurfaceIfNeeded:3574 android.view.ViewRootImpl.relayoutWindow:11685 android.view.ViewRootImpl.performTraversals:4804 android.view.ViewRootImpl.doTraversal:3924 android.view.ViewRootImpl$TraversalRunnable.run:12903 android.view.Choreographer$CallbackRecord.run:1901 
04-20 01:55:23.075  1831  4863 I WindowManager: Relayout Window{86b9800 u0 com.whatsapp/com.whatsapp.Conversation}: viewVisibility=0 req=1080x2340 ty=1 d0
04-20 01:55:23.076 15380 15380 I VRI[Conversation]@6571d78: Relayout returned: old=(0,0,1080,2340) new=(0,0,1080,2340) relayoutAsync=true req=(1080,2340)0 dur=0 res=0x0 s={true 0xb4000075a71af500} ch=false seqId=0
04-20 01:55:23.076  5000  5000 I HBD     : a [SKE_LM] enable notTaggedWith:emoji, zh, yue_HK, nan_TW
04-20 01:55:23.076  5000  5000 W HBD     : f4 Engine Sync Finished by onStartInputView, check InputKey timing 
04-20 01:55:23.076  5000  5000 I HBD     : o0 EBD si t 0 
04-20 01:55:23.076  5000  5000 I InputMethod: showSoftInput(): flags=1
04-20 01:55:23.077  1831  5125 I InputMethodManagerService: isAccessoryKeyboard 0
04-20 01:55:23.077  5000  5000 I HBD     : HoneyBoardService onEvaluateInputViewShown: true 
04-20 01:55:23.077  2509  2683 I BLASTBufferQueue: [VRI[NavigationBar0]@7904a44#4](f:1,a:2,s:1) onFrameAvailable-start syncTransactionSet=false
04-20 01:55:23.077  2509  2683 I BLASTBufferQueue: [VRI[NavigationBar0]@7904a44#4](f:1,a:2,s:1) onFrameAvailable framenumber=171043 syncTransactionSet=false
04-20 01:55:23.077  1831  5125 I InputMethodManagerService: isAccessoryKeyboard 0
04-20 01:55:23.078  2509  2683 I BLASTBufferQueue: [VRI[NavigationBar0]@7904a44#4](f:1,a:2,s:1) onFrameAvailable framenumber=171043 syncTransactionSet=false
04-20 01:55:23.078  2509  2683 I BLASTBufferQueue: [VRI[NavigationBar0]@7904a44#4](f:1,a:2,s:1) onFrameAvailable set 2 213040854681928
04-20 01:55:23.078  5000  5000 I HBD     : HoneyBoardService onEvaluateInputViewShown: true 
04-20 01:55:23.078  5000  5000 I InputMethodService: startViews: mShowInputRequested=true, mInputViewStarted=true, mCandidatesViewStarted= false
04-20 01:55:23.078  1831  4863 I WindowManager: Relayout hash=86b9800, pid=0, syncId=-1: mAttrs={(0,0)(fillxfill) sim={state=always_visible adjust=resize} ty=BASE_APPLICATION wanim=0x1030317
04-20 01:55:23.078  1831  4863 I WindowManager:   fl=81810100
04-20 01:55:23.078  1831  4863 I WindowManager:   pfl=10008040
04-20 01:55:23.078  1831  4863 I WindowManager:   vsysui=2010
04-20 01:55:23.078  1831  4863 I WindowManager:   apr=18
04-20 01:55:23.078  1831  4863 I WindowManager:   bhv=1
04-20 01:55:23.078  1831  4863 I WindowManager:   fitSides=0
04-20 01:55:23.078  1831  4863 I WindowManager:   frameRateBoostOnTouch=true
04-20 01:55:23.078  1831  4863 I WindowManager:   dvrrWindowFrameRateHint=true naviIconColor=0}
04-20 01:55:23.078  5000  5000 I HBD     : HoneyBoardService onWindowShown 
04-20 01:55:23.078  5000  5000 I HBD     : e onWindowShown : true 
04-20 01:55:23.079  5000  5000 I HBD     : HoneyBoardService [PF_OP][onWindowShown]  1 ms 
04-20 01:55:23.080  2509  2509 D NavigationBarControllerImpl: setNavigationBarShortcut requestClass : com.android.wm.shell.controlpanel.activity.FlexPanelActivity, remoteViews : null, position : 0, priority : 11
04-20 01:55:23.080  2509  2509 D RemoteViewPack: OnSetRemoteView RemoteViewShortcut(requestClass=com.android.wm.shell.controlpanel.activity.FlexPanelActivity, remoteViews=null, position=0, priority=11)
04-20 01:55:23.080  2509  2509 D NavBarStateManager: NavBarStates(0) isGameMode: false
04-20 01:55:23.081  1327  1327 E SurfaceFlinger: alpha changed 1.000 -> 0.000 - Surface(name=WindowToken{a45e1fe type=2000 android.os.BinderProxy@d1eff80})/@0x6f6328d - animation-leash of token_transform#107243
04-20 01:55:23.082 15380 15380 D AbsListView:  in onLayout changed 
04-20 01:55:23.082  2491  2943 D SatelliteController: isInCarrierRoamingNbIotNtn: satellite is disabled
04-20 01:55:23.083 15380 15380 I VRI[Conversation]@6571d78: registerCallbackForPendingTransactions
04-20 01:55:23.083  2752  2752 I EPDG -- SIM0 [SMARTCELLULAR]: onSignalStrengthsChanged: SignalStrength:{mCdma=Invalid,mGsm=Invalid,mWcdma=Invalid,mTdscdma=Invalid,mLte=CellSignalStrengthLte: rssi=-93 rsrp=-92 rsrq=-12 rssnr=9 cqiTableIndex=1 cqi=2147483647 ta=2147483647 level=4 parametersUseForLevel=0,mNr=Invalid,SignalBarInfo{ lteLevel=4 },rat=14,primary=CellSignalStrengthLte}
04-20 01:55:23.084  2752  3852 I EPDG -- SIM0 [SMARTCELLULAR]: lastLteRSRP is -93 currentLteRSRP is -92 lastLteRSRQ is -12 currentLteRSRQ is -12 lastLteSNR is 9 currentLteSNR is 9
04-20 01:55:23.085 15380 15427 I VRI[Conversation]@6571d78: mWNT: t=0xb400007529ac5800 mBlastBufferQueue=0xb4000075a21f5000 fn= 146 HdrRenderState mRenderHdrSdrRatio=1.0 caller= android.view.ViewRootImpl$10.onFrameDraw:6536 android.view.ViewRootImpl$4.onFrameDraw:2489 android.view.ThreadedRenderer$1.onFrameDraw:718 
04-20 01:55:23.085  2509  2509 D NavBarStateManager: NavBarStates(0) canUseNavBarBackgroundFrame: false
04-20 01:55:23.085  5000  5839 W HBD     : c [SKE_KPM] -400 was not included in KPM.
04-20 01:55:23.086  5000  5839 W HBD     : c [SKE_KPM] -5 was not included in KPM.
04-20 01:55:23.086  5000  5839 W HBD     : c [SKE_KPM] -102 was not included in KPM.
04-20 01:55:23.086  5000  5839 W HBD     : c [SKE_KPM] -117 was not included in KPM.
04-20 01:55:23.086  5000  5839 W HBD     : c [SKE_KPM] -122 was not included in KPM.
04-20 01:55:23.086  5000  5839 W HBD     : c [SKE_KPM] 10 was not included in KPM.
04-20 01:55:23.086  5000  5839 I HBD     : c [SKE_KPM] load kpm : /data/user/0/com.samsung.android.honeyboard/app_KeyPressModel/model_0_0_-1475977478.im
04-20 01:55:23.086 15380 15380 I InsetsController: cancelAnimation: types=ime, animType=0, host=com.whatsapp/com.whatsapp.Conversation, from=android.view.InsetsController.notifyFinished:2006 android.view.InsetsAnimationThreadControlRunner$1.lambda$notifyFinished$0:82 android.view.InsetsAnimationThreadControlRunner$1.$r8$lambda$cDFF0h4Ncq-8EXdGszv69jrUu7c:0 
04-20 01:55:23.087 15380 15380 I ImeTracker: system_server:372fa016: onShown
04-20 01:55:23.087  5000  7642 I HBD     : a requestCursorUpdates returned  true ,  19
04-20 01:55:23.089  1831  5125 D SecContentProvider: query(), uri = 15 selection = isClipboardAllowedAsUser
04-20 01:55:23.089  1831  5125 D SecContentProvider: called from android.uid.honeyboard:10187
04-20 01:55:23.089  1831  5125 D RestrictionPolicy: isClipboardAllowed : true
04-20 01:55:23.089  1831  5125 D SecContentProvider: SemKnoxPolicyContract.RestrictionPolicy.CLIPBOARD_ALLOWED_AS_USER return = true
04-20 01:55:23.089  4581  8832 W ContentCaptureEvent: Text is not a SpannableString.
04-20 01:55:23.090  1831  2326 D BackgroundInstallControlService: Package event received: 0
04-20 01:55:23.090  2509  2683 I BLASTBufferQueue: [VRI[NavigationBar0]@7904a44#4](f:1,a:2,s:1) onFrameAvailable-start syncTransactionSet=false
04-20 01:55:23.090  2509  2683 I BLASTBufferQueue: [VRI[NavigationBar0]@7904a44#4](f:1,a:2,s:1) onFrameAvailable framenumber=171044 syncTransactionSet=false
04-20 01:55:23.090  1831  4863 I ActivityManager: Changes in 10108 15 to 5, 0 to 144
04-20 01:55:23.090  2509  2683 I BLASTBufferQueue: [VRI[NavigationBar0]@7904a44#4](f:1,a:2,s:1) onFrameAvailable framenumber=171044 syncTransactionSet=false
04-20 01:55:23.090  2509  2683 I BLASTBufferQueue: [VRI[NavigationBar0]@7904a44#4](f:1,a:2,s:1) onFrameAvailable set 1 213040867162543
04-20 01:55:23.091  5000  5000 I HBD     : DeX h DeX mode state change in non-main thread 
04-20 01:55:23.091  5000  5000 I HBD     : DeX h DeX mode state change: 3 
04-20 01:55:23.091  5000 29793 I ScsApi@Feature: checkFeature() : FEATURE_SPEECH_RECOGNITION, sdk : 4.0.20
04-20 01:55:23.092  5000 29793 I ScsApi@FeatureHolder: setStatus() : FEATURE_SPEECH_RECOGNITION : 0
04-20 01:55:23.092  5000 29793 I HBD     : p HoneyVoice checkFeature() 0 time: 1
04-20 01:55:23.092  1327  1327 I SurfaceFlinger: RequestedLayer [Surface(name=WindowToken{a45e1fe typ[...]tion-leash of token_transform#107243] hidden!! flag  from(1) --> to(0)
04-20 01:55:23.092  1327  1327 E SurfaceFlinger: alpha changed 0.000 -> 0.116 - Surface(name=WindowToken{a45e1fe type=2000 android.os.BinderProxy@d1eff80})/@0x6f6328d - animation-leash of token_transform#107243
04-20 01:55:23.092  1327  1327 I SurfaceFlinger: [LayerHierarchy{RequestedLayerState{WindowToken{a45e1fe type=2000 android.os.BinderProxy@d1eff80}#98 parentId=107243} 1 children}] reparent to LayerHierarchy{RequestedLayerState{Surface(name=WindowToken{a45e1fe type=2000 android.os.BinderProxy@d1eff80})/@0x6f6328d - animation-leash of token_transform#107243 parentId=17} 1 children}
04-20 01:55:23.092  1327  1327 I SurfaceFlinger: [LayerHierarchy{RequestedLayerState{Surface(name=WindowToken{a45e1fe type=2000 android.os.BinderProxy@d1eff80})/@0x6f6328d - animation-leash of token_transform#107238} no children}] reparent to OffscreenRoot
04-20 01:55:23.092  1327  1327 I SurfaceFlinger: [LayerHierarchy{RequestedLayerState{Surface(name=WindowToken{a45e1fe type=2000 android.os.BinderProxy@d1eff80})/@0x6f6328d - animation-leash of token_transform#107238} no children}] RelativeParent to null
04-20 01:55:23.092  5000 29793 I HBD     : a HoneyVoice isSCSSpeechFeatureEnabled : true 1 ms 
04-20 01:55:23.093  3197  3251 I RequestManager_FLP: onOpChanged, op=0 / packageName=com.osp.app.signin
04-20 01:55:23.094  2509  2530 I BLASTBufferQueue: [VRI[NavigationBar0]@7904a44#4](f:1,a:2,s:1) transactionCommittedCallback
04-20 01:55:23.094  2509  2530 I BLASTBufferQueue: [VRI[NavigationBar0]@7904a44#4](f:1,a:2,s:0) transactionCommittedCallback mSyncedFrameNumbers.erase(171037)
04-20 01:55:23.095  1270  1270 I hwcomposer: [HWCLayer] setHwlayerType(), id:28510, release queue sp, type 3 -> 0  
04-20 01:55:23.096  1270  1270 I hwcomposer: [DBQ] (q2:0xb400007e59a32c00) Buffer queue is destroyed, m_id(28510)  
04-20 01:55:23.096  1270  1270 I hwcomposer: [DBQ] (q2:0xb400007e59a32c00) ~DisplayBufferQueue(), m_id(28510), release buf  
04-20 01:55:23.096  1270  1270 I hwcomposer: [DBQ] (q2:0xb400007e59a32c00) Free Slot(0), handle=0xb400007e59a55100, 10108800 -> 0  
04-20 01:55:23.096  1270  1270 I hwcomposer: [DBQ] (q2:0xb400007e59a32c00) Free Slot(1), handle=0xb400007e59a51dc0, 10108800 -> 0  
04-20 01:55:23.096 14774 16386 I SamsungAccount: [AccountManagerProvider] isChildAccount
04-20 01:55:23.097  1281  1315 I mtkpower@impl: [setMode] type:6, enabled:1
04-20 01:55:23.097  1281  1315 E mtkpower@impl: [setMode] unknown type
04-20 01:55:23.097 14774 16386 I SamsungAccount: [AccountManagerProvider] Calling package : android.honeyboard.
04-20 01:55:23.098  1327  1649 D SurfaceFlinger: NotifyHwcComposition(), id 0, mode 0
04-20 01:55:23.099  1327  1327 D SurfaceFlinger: Display 4627039422300187648 HWC layers:
04-20 01:55:23.099  1327  1327 D SurfaceFlinger:   SOLID_COLOR |                        0 | 00000002 | N/A          |    0.0    0.0    0.0    0.0 |    0    0 1080 2340 | BackColorSurface#107242 (0)
04-20 01:55:23.099  1327  1327 D SurfaceFlinger:        CLIENT |           66056597012600 | 00002102 | RGBA_8888    |    0.0  627.0 1080.0 1713.0 |    0  623 1080 1717 | com.whatsapp/com.whatsapp.Conversation$_15380#107213 (146)
04-20 01:55:23.099  1327  1327 D SurfaceFlinger:        CLIENT |           21474836485035 | 00002100 | RGBA_8888    |    0.0  547.0 1080.0 1633.0 |    0  624 1080 1717 | InputMethod$_5000#107217 (51)
04-20 01:55:23.099  1327  1327 D SurfaceFlinger:        DEVICE |           10776073020342 | 00002100 | RGBA_8888    |    0.0    0.0    0.0    0.0 |    0    0   -1   -1 | StatusBar$_2509#105 (185513)
04-20 01:55:23.099  1327  1327 D SurfaceFlinger:        DEVICE |           10776073020339 | 00002100 | RGBA_8888    |    0.0    0.0    0.0    0.0 |    0    0   -1   -1 | NavigationBar0$_2509#100 (171037)
04-20 01:55:23.099  1327  1327 D SurfaceFlinger:        CLIENT |            5699421717714 | 00000002 | RGBA_8888    |    0.0    0.0 2340.0 1080.0 |    0    0 1080 2340 | RotationLayer_WmCore#107239 (100)
04-20 01:55:23.099  1327  1327 D SurfaceFlinger: 
04-20 01:55:23.100  2509  2530 E FrameEvents: addRelease: Did not find frame.
04-20 01:55:23.105  5000  5000 I VRI[InputMethod]@11a2eb0: Creating new active sync group VRI[InputMethod]@11a2eb0#29
04-20 01:55:23.106  5000  5834 I VRI[InputMethod]@11a2eb0: Setting up sync and frameCommitCallback
04-20 01:55:23.106 14774 16386 I SamsungAccount: [SignatureInfoDbHelper] searchOnUser(fromDb) - [10/lfgff][android.honeyboard.][64/3291d] => matched
04-20 01:55:23.106 14774 16386 I SamsungAccount: [AccountManagerProvider] This is the access of the allowed application
04-20 01:55:23.106 14774 16386 I SamsungAccount: [AccountManagerUtil] isSamsungAccountSignedIn : true
04-20 01:55:23.108 14774 16386 I SamsungAccount: [TPMU]  SIMState     :SIM_STATE_READY
04-20 01:55:23.108 14774 16386 I SamsungAccount: [CountryCodeUtil] isChinaCountryCode : false
04-20 01:55:23.112 14774 16386 I SamsungAccount: [TPMU] getMccFromUsim
04-20 01:55:23.112 14774 16386 I SamsungAccount: [MccManager] saveMccToPreference Start
04-20 01:55:23.112 14774 16386 I SamsungAccount: [MccManager] saveMccToPreference, mcc is same with previous mcc
04-20 01:55:23.113 14774 16386 I SamsungAccount: [ChildAccountSupportedListManager] getSupportedListFromLocal from cache
04-20 01:55:23.114 14774 16386 E SamsungAccount: [FamilyGroupUtil] getCountryCodeListWithRegionMcc - no country code with region mcc
04-20 01:55:23.114 14774 16386 I SamsungAccount: [FamilyGroupUtil] isSupportFamilyService: false
04-20 01:55:23.114 14774 16386 I SamsungAccount: [AccountManagerUtil] isSamsungAccountSignedIn : true
04-20 01:55:23.114 14774 16386 I SamsungAccount: [AccountManagerProvider] makeResultBundle - resultCode : 1
04-20 01:55:23.115  5000  9121 I HBD     : g [AiWriter] updateChildAccountInfo reset
04-20 01:55:23.115  5000  9121 I HBD     : g [AiWriter] setCurrentCc resetCcAndLegalAge
04-20 01:55:23.116  5000  5839 I HBD     : a [SKE_KPM] set layout in InputMap
04-20 01:55:23.117  5000  5837 I VRI[InputMethod]@11a2eb0: Received frameCommittedCallback lastAttemptedDrawFrameNum=52 didProduceBuffer=true
04-20 01:55:23.117  5000  5839 E HBD     : b [SKE_SDK] [SEVERE] Multiple occurence of keys, can not update location
04-20 01:55:23.117  5000  5839 E HBD     : 
04-20 01:55:23.118  5000  5000 I VRI[InputMethod]@11a2eb0: handleResized, frames=ClientWindowFrames{frame=[0,80][1080,2340] display=[0,80][1080,2340] parentFrame=[0,0][0,0]} displayId=0 dragResizing=false compatScale=1.0 frameChanged=false attachedFrameChanged=false configChanged=false displayChanged=false compatScaleChanged=false dragResizingChanged=false
04-20 01:55:23.118  5000  5000 I VRI[InputMethod]@11a2eb0: handleResized mSyncSeqId = 207
04-20 01:55:23.118  1831  3034 D WindowManager: finishDrawingWindow: Window{fb5d225 u0 InputMethod} mDrawState=HAS_DRAWN seqId=207
04-20 01:55:23.118  5000  5000 I VRI[InputMethod]@11a2eb0: handleResized, frames=ClientWindowFrames{frame=[0,80][1080,2340] display=[0,80][1080,2340] parentFrame=[0,0][0,0]} displayId=0 dragResizing=false compatScale=1.0 frameChanged=false attachedFrameChanged=false configChanged=false displayChanged=false compatScaleChanged=false dragResizingChanged=false
04-20 01:55:23.119 14774 16386 I SamsungAccount: [AccountManagerProvider] isChildAccount
04-20 01:55:23.120 14774 16386 I SamsungAccount: [AccountManagerProvider] Calling package : android.honeyboard.
04-20 01:55:23.121  1831  2238 D SecContentProvider: query(), uri = 15 selection = isClipboardAllowedAsUser
04-20 01:55:23.121  1831  2238 D SecContentProvider: called from android.uid.honeyboard:10187
04-20 01:55:23.121  1831  2238 D RestrictionPolicy: isClipboardAllowed : true
04-20 01:55:23.121  1831  2238 D SecContentProvider: SemKnoxPolicyContract.RestrictionPolicy.CLIPBOARD_ALLOWED_AS_USER return = true
04-20 01:55:23.121  5000  5839 W HBD     : c [SKE_KPM] -400 was not included in KPM.
04-20 01:55:23.121  5000  5839 W HBD     : c [SKE_KPM] -5 was not included in KPM.
04-20 01:55:23.121  5000  5839 W HBD     : c [SKE_KPM] -102 was not included in KPM.
04-20 01:55:23.121  5000  5839 W HBD     : c [SKE_KPM] -117 was not included in KPM.
04-20 01:55:23.122  5000  5839 W HBD     : c [SKE_KPM] -122 was not included in KPM.
04-20 01:55:23.122  5000  5839 W HBD     : c [SKE_KPM] 10 was not included in KPM.
04-20 01:55:23.122  5000  5839 I HBD     : c [SKE_KPM] load kpm : /data/user/0/com.samsung.android.honeyboard/app_KeyPressModel/model_0_0_-586088472.im
04-20 01:55:23.125  5000 27762 I ScsApi@Feature: checkFeature() : FEATURE_SPEECH_RECOGNITION, sdk : 4.0.20
04-20 01:55:23.125  5000 27762 I ScsApi@FeatureHolder: setStatus() : FEATURE_SPEECH_RECOGNITION : 0
04-20 01:55:23.125  5000 27762 I HBD     : p HoneyVoice checkFeature() 0 time: 0
04-20 01:55:23.125  5000 27762 I HBD     : a HoneyVoice isSCSSpeechFeatureEnabled : true 0 ms 
04-20 01:55:23.125  2509  2530 E FrameEvents: addRelease: Did not find frame.
04-20 01:55:23.129 14774 16386 I SamsungAccount: [SignatureInfoDbHelper] searchOnUser(fromDb) - [10/lfgff][android.honeyboard.][64/3291d] => matched
04-20 01:55:23.129 14774 16386 I SamsungAccount: [AccountManagerProvider] This is the access of the allowed application
04-20 01:55:23.130 14774 16386 I SamsungAccount: [AccountManagerUtil] isSamsungAccountSignedIn : true
04-20 01:55:23.130  5000  5000 I VRI[InputMethod]@11a2eb0: Creating new active sync group VRI[InputMethod]@11a2eb0#31
04-20 01:55:23.131 14774 16386 I SamsungAccount: [TPMU]  SIMState     :SIM_STATE_READY
04-20 01:55:23.131 14774 16386 I SamsungAccount: [CountryCodeUtil] isChinaCountryCode : false
04-20 01:55:23.131  5000  5835 I VRI[InputMethod]@11a2eb0: Setting up sync and frameCommitCallback
04-20 01:55:23.133 14774 16386 I SamsungAccount: [TPMU] getMccFromUsim
04-20 01:55:23.133 14774 16386 I SamsungAccount: [MccManager] saveMccToPreference Start
04-20 01:55:23.133 14774 16386 I SamsungAccount: [MccManager] saveMccToPreference, mcc is same with previous mcc
04-20 01:55:23.134 14774 16386 I SamsungAccount: [ChildAccountSupportedListManager] getSupportedListFromLocal from cache
04-20 01:55:23.134 14774 16386 E SamsungAccount: [FamilyGroupUtil] getCountryCodeListWithRegionMcc - no country code with region mcc
04-20 01:55:23.134 14774 16386 I SamsungAccount: [FamilyGroupUtil] isSupportFamilyService: false
04-20 01:55:23.134 14774 16386 I SamsungAccount: [AccountManagerUtil] isSamsungAccountSignedIn : true
04-20 01:55:23.135 14774 16386 I SamsungAccount: [AccountManagerProvider] makeResultBundle - resultCode : 1
04-20 01:55:23.135  5000  9121 I HBD     : g [AiWriter] updateChildAccountInfo reset
04-20 01:55:23.135  5000  9121 I HBD     : g [AiWriter] setCurrentCc resetCcAndLegalAge
04-20 01:55:23.140  5000  5839 I HBD     : a [SKE_KPM] set layout in InputMap
04-20 01:55:23.141  5000  5837 I VRI[InputMethod]@11a2eb0: Received frameCommittedCallback lastAttemptedDrawFrameNum=53 didProduceBuffer=true
04-20 01:55:23.141  1831  2238 D WindowManager: finishDrawingWindow: Window{fb5d225 u0 InputMethod} mDrawState=HAS_DRAWN seqId=207
04-20 01:55:23.144  5000  5000 I HBD     : c [SKE_TAM] makeSwiftKeyTouchArea English(India) [0/0] 1 44
04-20 01:55:23.144  5000  5000 I HBD     : c spaceGap 139 92 0.4813853 
04-20 01:55:23.144  5000  5000 I HBD     : c [SKE_TAM] addInvalid-[-400] : [0, 283, 240, 364]
04-20 01:55:23.144  5000  5000 I HBD     : c [SKE_TAM] addInvalid-[-5] : [1773, 283, 2013, 364]
04-20 01:55:23.144  5000  5000 I HBD     : c [SKE_TAM] addInvalid-[-102] : [0, 364, 195, 480]
04-20 01:55:23.144  5000  5000 I HBD     : c [SKE_TAM] addInvalid-[-117] : [159, 364, 318, 480]
04-20 01:55:23.144  5000  5000 I HBD     : c [SKE_TAM] addInvalid-[-122] : [1613, 364, 1772, 480]
04-20 01:55:23.144  5000  5000 I HBD     : c [SKE_TAM] addInvalid-[10] : [1736, 364, 2013, 480]
04-20 01:55:23.144  5000  5000 I HBD     : c [SKE_TAM] complete invalid area(size:6)
04-20 01:55:23.148  5000  5000 I HBD     : c [SKE_TAM] makeSwiftKeyTouchArea English(India) [0/0] 1 43
04-20 01:55:23.148  5000  5000 I HBD     : c spaceGap 139 92 0.4813853 
04-20 01:55:23.148  5000  5000 I HBD     : c [SKE_TAM] addInvalid-[-400] : [0, 452, 148, 568]
04-20 01:55:23.148  5000  5000 I HBD     : c [SKE_TAM] addInvalid-[-5] : [932, 452, 1080, 568]
04-20 01:55:23.148  5000  5000 I HBD     : c [SKE_TAM] addInvalid-[-102] : [0, 568, 182, 750]
04-20 01:55:23.148  5000  5000 I HBD     : c [SKE_TAM] addInvalid-[-117] : [162, 568, 269, 750]
04-20 01:55:23.148  5000  5000 I HBD     : c [SKE_TAM] addInvalid-[-122] : [811, 568, 917, 750]
04-20 01:55:23.148  5000  5000 I HBD     : c [SKE_TAM] addInvalid-[10] : [897, 568, 1080, 750]
04-20 01:55:23.148  5000  5000 I HBD     : c [SKE_TAM] complete invalid area(size:6)
04-20 01:55:23.156  1327  1327 I BufferQueueProducer: [FramebufferSurface](this:0xb400007102ef0370,id:-1,api:1,p:1327,c:1327) queueBuffer: fps=5.94 dur=1009.63 max=501.26 min=9.84
04-20 01:55:23.156  1270  1270 I hwcomposer: [HWCDisplay] [Display_0 (type:1, mode:2)] fps:24.766909,dur:1009.41,max:444.61,min:7.77  
04-20 01:55:23.170  1327  1327 D SurfaceFlinger: Display 4627039422300187648 HWC layers:
04-20 01:55:23.170  1327  1327 D SurfaceFlinger:   SOLID_COLOR |                        0 | 00000002 | N/A          |    0.0    0.0    0.0    0.0 |    0    0 1080 2340 | BackColorSurface#107242 (0)
04-20 01:55:23.170  1327  1327 D SurfaceFlinger:        CLIENT |           66056597012601 | 00002102 | RGBA_8888    |    0.0   23.0 1080.0 2317.0 |    0   14 1080 2326 | com.whatsapp/com.whatsapp.Conversation$_15380#107213 (148)
04-20 01:55:23.170  1327  1327 D SurfaceFlinger:        CLIENT |           21474836485037 | 00002100 | RGBA_8888    |    0.0    0.0 1080.0 2237.0 |    0   64 1080 2326 | InputMethod$_5000#107217 (53)
04-20 01:55:23.170  1327  1327 D SurfaceFlinger:        CLIENT |           10776073020348 | 00002100 | RGBA_8888    |    0.0   23.0  673.0   80.0 | 1047   14 1080  903 | StatusBar$_2509#105 (185517)
04-20 01:55:23.170  1327  1327 D SurfaceFlinger:        CLIENT |           10776073020341 | 00002100 | RGBA_8888    |  380.0    0.0 1080.0  112.0 |    0 1402   76 2326 | NavigationBar0$_2509#100 (171048)
04-20 01:55:23.170  1327  1327 D SurfaceFlinger:        CLIENT |            5699421717714 | 00000002 | RGBA_8888    |  263.0    0.0 2077.0 1080.0 |    0  185 1080 2155 | RotationLayer_WmCore#107239 (100)
04-20 01:55:23.170  1327  1327 D SurfaceFlinger: 
04-20 01:55:23.198  1327  1327 E SurfaceFlinger: alpha changed 0.034 -> 0.000 - Animation leash of screenshot rotation#107241
04-20 01:55:23.202  1327  1327 D SurfaceFlinger: Display 4627039422300187648 HWC layers:
04-20 01:55:23.202  1327  1327 D SurfaceFlinger:   SOLID_COLOR |                        0 | 00000002 | N/A          |    0.0    0.0    0.0    0.0 |    0    0 1080 2340 | BackColorSurface#107242 (0)
04-20 01:55:23.202  1327  1327 D SurfaceFlinger:        CLIENT |           66056597012601 | 00002102 | RGBA_8888    |    0.0    0.0 1080.0 2340.0 |    0    0 1080 2340 | com.whatsapp/com.whatsapp.Conversation$_15380#107213 (148)
04-20 01:55:23.202  1327  1327 D SurfaceFlinger:        CLIENT |           21474836485038 | 00002100 | RGBA_8888    |    0.0    0.0 1080.0 2260.0 |    0    0 1080 2340 | InputMethod$_5000#107217 (54)
04-20 01:55:23.202  1327  1327 D SurfaceFlinger:        CLIENT |           10776073020340 | 00002100 | RGBA_8888    |   22.0    0.0  685.0   80.0 |  573    0 1080  460 | StatusBar$_2509#105 (185520)
04-20 01:55:23.202  1327  1327 D SurfaceFlinger:        CLIENT |           10776073020343 | 00002100 | RGBA_8888    |  373.0    0.0 1080.0  135.0 |    0 1832  533 2340 | NavigationBar0$_2509#100 (171050)
04-20 01:55:23.202  1327  1327 D SurfaceFlinger: 
04-20 01:55:23.210  1539  2060 D AAL     : onALIChanged: 3 -> 2
04-20 01:55:23.227  5000  5000 I HBD     : o0 EBD ex 
04-20 01:55:23.227  5000  5757 I HBD     : o0 EBD tb start :1 
04-20 01:55:23.227  5000  5757 I HBD     : a [SKE_LM] enable notTaggedWith:emoji
04-20 01:55:23.227  5000  5757 I HBD     : a [SKE_LM] enable notTaggedWith:emoji, zh, yue_HK, nan_TW
04-20 01:55:23.227  5000  5757 I HBD     : o0 EBD tb end :1 
04-20 01:55:23.228  5000  5000 I HBD     : n0 [EmojiCandidate] getEmoji from EmojiCore-[0]
04-20 01:55:23.228  5000  5000 I HBD     : n1 [SCV] (9) 2 3 2 2 3 2 2 3 29 
04-20 01:55:23.250  1276  7635 I mtkpower_client: perf_lock_rel, hdl:118768, tid:7635
04-20 01:55:23.251  1276  7635 I mtkpower_client: perf_lock_acq, hdl:0, dur:0, num:2, tid:7635
04-20 01:55:23.251  1281  1364 I libPowerHal: [perfLockRel] hdl:118768, idx:1
04-20 01:55:23.251  1281  1364 I libPowerHal: [setClusterFreq]  set cpu_ctrl cpufreq: -1 -1 -1 -1 
04-20 01:55:23.252  1276  7635 I mtkpower_client: ret_hdl:118769
04-20 01:55:23.252  1281  1364 I libPowerHal: [perfLockAcq] idx:3 hdl:118769 hint:-1 pid:1276 tid:7635 duration:0 lock_user:vendor.samsung. => ret_hdl:118769
04-20 01:55:23.252  1281  1364 I libPowerHal: [setClusterFreq] vendor.samsung. set cpufreq[0] min:1150000 max:-1 cpufreq[1] min:-1 max:-1 
04-20 01:55:23.252  1281  1364 I libPowerHal: [setClusterFreq]  set cpu_ctrl cpufreq: 1150000 -1 -1 -1 
04-20 01:55:23.252  1276  7635 I HYPER-HAL: [RequestManager.cpp]releaseLocked(): Released ID : 12507502
04-20 01:55:23.276  1831  1869 I WindowManager: Reparenting to original parent: Surface(name=Leaf:15:15)/@0xad9aa5b, destroy=true, surface=Surface(name=WindowToken{a45e1fe type=2000 android.os.BinderProxy@d1eff80})/@0x6f6328d
04-20 01:55:23.297  1327  1327 I SurfaceFlinger: [LayerHierarchy{RequestedLayerState{WindowToken{a45e1fe type=2000 android.os.BinderProxy@d1eff80}#98 parentId=17} 1 children}] reparent to LayerHierarchy{RequestedLayerState{Leaf:15:15#17 parentId=16} 2 children}
04-20 01:55:23.298  1327  1327 I SurfaceFlinger: [LayerHierarchy{RequestedLayerState{Surface(name=WindowToken{a45e1fe type=2000 android.os.BinderProxy@d1eff80})/@0x6f6328d - animation-leash of token_transform#107243} no children}] reparent to OffscreenRoot
04-20 01:55:23.298  1327  1327 I SurfaceFlinger: [LayerHierarchy{RequestedLayerState{Surface(name=WindowToken{a45e1fe type=2000 android.os.BinderProxy@d1eff80})/@0x6f6328d - animation-leash of token_transform#107243} no children}] RelativeParent to null
04-20 01:55:23.298  1327  1327 I SurfaceFlinger: onHandleDestroyed: layerId=107243, name=Surface(name=WindowToken{a45e1fe type=2000 android.os.BinderProxy@d1eff80})/@0x6f6328d - animation-leash of token_transform#107243
04-20 01:55:23.298  1327  1327 I SurfaceFlinger: id=107243 Removed Surface(name=WindowToken{a45e1fe type=2000 android.os.BinderProxy@d1eff80})/@0x6f6328d - animation-leash of token_transform#107243 (180)
04-20 01:55:23.307  4581  5350 I AiAiPeople: [0] fragments remain to process, dispatched event [32]
04-20 01:55:23.309  1327  1327 I SurfaceFlinger: destroyed Surface(name=WindowToken{a45e1fe type=2000 android.os.BinderProxy@d1eff80})/@0x6f6328d - animation-leash of token_transform#107243
04-20 01:55:23.309  1327  1327 I Layer   : id=107243 Destroyed Surface(name=WindowToken{a45e1fe type=2000 android.os.BinderProxy@d1eff80})/@0x6f6328d - animation-leash of token_transform#107243
04-20 01:55:23.355  2509  2562 V WindowManagerShell: Transition animation finished (aborted=false), notifying core (#8210) android.os.BinderProxy@d0c4573@0
04-20 01:55:23.355  2509  2562 I SurfaceControlRegistry: apply, t=FinishTransaction_SyncId<8210>, caller=android.view.SurfaceControl$Transaction.apply:3459 android.view.SurfaceControl$Transaction.apply:3447 android.view.SurfaceControl$Transaction.apply:3397 com.android.wm.shell.transition.Transitions.onFinish:315 com.android.wm.shell.transition.Transitions$$ExternalSyntheticLambda7.onTransitionFinished:12 com.android.wm.shell.transition.DefaultTransitionHandler$$ExternalSyntheticLambda6.run:36 
04-20 01:55:23.357  1831  2238 V WindowManager: Finish Transition: TransitionRecord{94005d7 id=8210 type=CHANGE flags=0x0 c=[
04-20 01:55:23.357  1831  2238 V WindowManager:    ChangeInfo{2d482cb container=ActivityRecord{73058720 u0 com.whatsapp/.Conversation t5688} flags=0x0}
04-20 01:55:23.357  1831  2238 V WindowManager:    ChangeInfo{857baa8 container=Task{45e8fe2 #5688 type=standard A=10289:com.whatsapp} flags=0x10}
04-20 01:55:23.357  1831  2238 V WindowManager:    ChangeInfo{e29d9c1 container=WindowToken{b02c2dc type=2011 android.os.Binder@bc79bb0} flags=0x0}
04-20 01:55:23.357  1831  2238 V WindowManager:    ChangeInfo{470b566 container=DefaultTaskDisplayArea_d0@210603716 flags=0x10}
04-20 01:55:23.357  1831  2238 V WindowManager:    ChangeInfo{cc77330 container=Display{#0 state=ON size=1080x2340 ROTATION_0} flags=0x0}
04-20 01:55:23.357  1831  2238 V WindowManager: ]
04-20 01:55:23.357  1831  2238 V WindowManager: }, caller=com.android.server.wm.WindowOrganizerController.finishTransitionInner:31 com.android.server.wm.WindowOrganizerController.finishAllTransitions:60 android.window.IWindowOrganizerController$Stub.onTransact:283 
04-20 01:55:23.357  1831  1865 V WindowManager: Finish Transition (#8210): created at 04-20 01:55:22.701 collect-started=1.257ms request-sent=1.789ms started=9.029ms ready=46.58ms sent=343.978ms commit=15.931ms finished=655.896ms
04-20 01:55:23.357  1327  1384 I SurfaceFlinger: onHandleDestroyed: layerId=107238, name=Surface(name=WindowToken{a45e1fe type=2000 android.os.BinderProxy@d1eff80})/@0x6f6328d - animation-leash of token_transform#107238
04-20 01:55:23.357  1327  1384 I SurfaceFlinger: id=107238 Removed Surface(name=WindowToken{a45e1fe type=2000 android.os.BinderProxy@d1eff80})/@0x6f6328d - animation-leash of token_transform#107238 (179)
04-20 01:55:23.358  1831  2238 D ChangeTransitionController: onTransitionFinished: TransitionRecord{94005d7 id=8210 type=CHANGE flags=0x0 c=[
04-20 01:55:23.358  1831  2238 D ChangeTransitionController:    ChangeInfo{2d482cb container=ActivityRecord{73058720 u0 com.whatsapp/.Conversation t5688} flags=0x0}
04-20 01:55:23.358  1831  2238 D ChangeTransitionController:    ChangeInfo{857baa8 container=Task{45e8fe2 #5688 type=standard A=10289:com.whatsapp} flags=0x10}
04-20 01:55:23.358  1831  2238 D ChangeTransitionController:    ChangeInfo{e29d9c1 container=WindowToken{b02c2dc type=2011 android.os.Binder@bc79bb0} flags=0x0}
04-20 01:55:23.358  1831  2238 D ChangeTransitionController:    ChangeInfo{470b566 container=DefaultTaskDisplayArea_d0@210603716 flags=0x10}
04-20 01:55:23.358  1831  2238 D ChangeTransitionController:    ChangeInfo{cc77330 container=Display{#0 state=ON size=1080x2340 ROTATION_0} flags=0x0}
04-20 01:55:23.358  1831  2238 D ChangeTransitionController: ]
04-20 01:55:23.358  1831  2238 D ChangeTransitionController: }
04-20 01:55:23.358  1831  2238 V WindowManager: rotationForOrientation(orient=SCREEN_ORIENTATION_UNSPECIFIED (-1), last=ROTATION_0 (0)); user=ROTATION_0 (0) 
04-20 01:55:23.358  1831  2238 D WindowManager: rotationForOrientation, orientationSource=ActivityRecord{73058720 u0 com.whatsapp/.Conversation t5688}
04-20 01:55:23.358  1831  2238 V WindowManager: Computed rotation=ROTATION_0 (0) for display id=0 based on lastOrientation=SCREEN_ORIENTATION_UNSPECIFIED (-1) and oldRotation=ROTATION_0 (0), caller=com.android.server.wm.WindowManagerService.updateRotationUnchecked:72 com.android.server.wm.TransitionController.finishTransition:2544 com.android.server.wm.WindowOrganizerController.finishTransitionInner:31 com.android.server.wm.WindowOrganizerController.finishAllTransitions:60 android.window.IWindowOrganizerController$Stub.onTransact:283 com.android.server.wm.WindowOrganizerController.onTransact:1 
04-20 01:55:23.358  2509  2562 V WindowManagerShell: Track 0 became idle
04-20 01:55:23.358  2509  2562 V WindowManagerShell: All active transition animations finished
04-20 01:55:23.364  1327  1327 I SurfaceFlinger: [Display 0 name="Built-in Screen"#49] setFrameRateCategory: Default
04-20 01:55:23.364  1327  1327 I SurfaceFlinger: destroyed Surface(name=WindowToken{a45e1fe type=2000 android.os.BinderProxy@d1eff80})/@0x6f6328d - animation-leash of token_transform#107238
04-20 01:55:23.364  1327  1327 I SurfaceFlinger: [LayerHierarchy{RequestedLayerState{WindowedMagnification:0:31#2 parentId=49} 7 children}] reparent to LayerHierarchy{RequestedLayerState{Display 0 name="Built-in Screen"#49} 7 children}
04-20 01:55:23.364  1327  1327 I SurfaceFlinger: [LayerHierarchy{RequestedLayerState{DefaultTaskDisplayArea_d0#10 parentId=9} 20 children}] reparent to LayerHierarchy{RequestedLayerState{AppZoomOut:2:14#9 parentId=4 z=2} 3 children}
04-20 01:55:23.364  1327  1327 I SurfaceFlinger: [LayerHierarchy{RequestedLayerState{WindowToken{b02c2dc type=2011 android.os.Binder@bc79bb0}#121 parentId=15} 1 children}] reparent to LayerHierarchy{RequestedLayerState{ImeContainer#15 parentId=103344 relativeParentId=103345 z=1} 4 children}
04-20 01:55:23.364  1327  1327 I SurfaceFlinger: [LayerHierarchy{RequestedLayerState{RotationLayer_WmCore#107239 z=2147483647} no children}] reparent to OffscreenRoot
04-20 01:55:23.364  1327  1327 I SurfaceFlinger: [LayerHierarchy{RequestedLayerState{RotationLayer_WmCore#107239 z=2147483647} no children}] RelativeParent to null
04-20 01:55:23.364  1327  1327 I SurfaceFlinger: [LayerHierarchy{RequestedLayerState{BackColorSurface#107242 z=-1} no children}] reparent to OffscreenRoot
04-20 01:55:23.364  1327  1327 I SurfaceFlinger: [LayerHierarchy{RequestedLayerState{BackColorSurface#107242 z=-1} no children}] RelativeParent to null
04-20 01:55:23.364  1327  1327 I SurfaceFlinger: [LayerHierarchy{RequestedLayerState{Task=5688#103318 parentId=10 z=16} 2 children}] reparent to LayerHierarchy{RequestedLayerState{DefaultTaskDisplayArea_d0#10 parentId=9} 20 children}
04-20 01:55:23.364  1327  1327 I SurfaceFlinger: [LayerHierarchy{RequestedLayerState{Transition Root: Display 0 name="Built-in Screen"#107240} 1 children}] reparent to OffscreenRoot
04-20 01:55:23.364  1327  1327 I SurfaceFlinger: [LayerHierarchy{RequestedLayerState{Transition Root: Display 0 name="Built-in Screen"#107240} 1 children}] RelativeParent to null
04-20 01:55:23.364  1327  1327 I SurfaceFlinger: [LayerHierarchy{RequestedLayerState{Animation leash of screenshot rotation#107241 z=2010000} no children}] reparent to OffscreenRoot
04-20 01:55:23.364  1327  1327 I SurfaceFlinger: [LayerHierarchy{RequestedLayerState{Animation leash of screenshot rotation#107241 z=2010000} no children}] RelativeParent to null
04-20 01:55:23.365  1327  1327 I Layer   : id=107238 Destroyed Surface(name=WindowToken{a45e1fe type=2000 android.os.BinderProxy@d1eff80})/@0x6f6328d - animation-leash of token_transform#107238
04-20 01:55:23.365  1327  1327 I SurfaceFlinger: onHandleDestroyed: layerId=107240, name=Transition Root: Display 0 name="Built-in Screen"#107240
04-20 01:55:23.365  1327  1327 I SurfaceFlinger: id=107240 Removed Transition Root: Display 0 name="Built-in Screen"#107240 (178)
04-20 01:55:23.365  2509  2509 D SystemUIService: SYSUI_RAM_OPTIMIZATION onTrimMemory=20
04-20 01:55:23.365  1327  1327 I SurfaceFlinger: onHandleDestroyed: layerId=107242, name=BackColorSurface#107242
04-20 01:55:23.365  1327  1327 I SurfaceFlinger: id=107242 Removed BackColorSurface#107242 (178)
04-20 01:55:23.365  1327  1327 I SurfaceFlinger: onHandleDestroyed: layerId=107239, name=RotationLayer_WmCore#107239
04-20 01:55:23.365  1327  1327 I SurfaceFlinger: id=107239 Removed RotationLayer_WmCore#107239 (178)
04-20 01:55:23.365  1327  1327 I SurfaceFlinger: onHandleDestroyed: layerId=107241, name=Animation leash of screenshot rotation#107241
04-20 01:55:23.365  1327  1327 I SurfaceFlinger: id=107241 Removed Animation leash of screenshot rotation#107241 (178)
04-20 01:55:23.366  2509  2509 D CentralSurfaces: SYSUI_RAM_OPTIMIZATION onTrimMemory=20
04-20 01:55:23.366  1327  1327 E RefreshRateSelector: Can't find HRR max refresh rate by policy with the same group 0
04-20 01:55:23.366  2509  2683 D HWUI    : CacheManager::trimMemory(20)
04-20 01:55:23.367  1281  1315 I mtkpower@impl: [setMode] type:6, enabled:0
04-20 01:55:23.367  1281  1315 E mtkpower@impl: [setMode] unknown type
04-20 01:55:23.368  1327  1327 D SurfaceFlinger: Display 4627039422300187648 HWC layers:
04-20 01:55:23.368  1327  1327 D SurfaceFlinger:        DEVICE |           66056597012601 | 00002102 | RGBA_8888    |    0.0    0.0 1080.0 2340.0 |    0    0 1080 2340 | com.whatsapp/com.whatsapp.Conversation$_15380#107213 (148)
04-20 01:55:23.368  1327  1327 D SurfaceFlinger:        DEVICE |           21474836485038 | 00002100 | RGBA_8888    |    0.0    0.0 1080.0 2260.0 |    0   80 1080 2340 | InputMethod$_5000#107217 (54)
04-20 01:55:23.368  1327  1327 D SurfaceFlinger:        DEVICE |           10776073020340 | 00002100 | RGBA_8888    |    0.0    0.0 1080.0   80.0 |    0    0 1080   80 | StatusBar$_2509#105 (185520)
