04-20 01:55:23.005  2509  2509 D SystemUITextView: onAttachedToWindow mAttrCount = 7
04-20 01:55:23.005  2509  2509 D WallpaperEventNotifier: sendUpdates: typesTobeNotified = [ | | | BACKGROUND | ]
04-20 01:55:23.005  2509  2509 D SystemUITextView: updateStyle() flag=0,200 : com.android.systemui.widget.SystemUITextView{5f61b62 V.ED..... ......ID 0,0-0,0 #7f0a03d7 app:id/digit_text}
04-20 01:55:23.005  2509  2509 D SFText  : clearAllTextEffect
04-20 01:55:23.005  2509  2509 W Settings: Setting accessibility_reduce_transparency has moved from android.provider.Settings.System to android.provider.Settings.Global, returning read-only global URI.
04-20 01:55:23.006  2509  2509 D SystemUITextView: mOriginalFontSizeDp 8.888889  com.android.systemui.widget.SystemUITextView{a4a45b0 V.ED..... ......ID 0,0-0,0 #7f0a0652 app:id/klondike_text}
04-20 01:55:23.006  2509  2509 D SystemUITextView: onAttachedToWindow mAttrCount = 7
04-20 01:55:23.006  2509  2509 D WallpaperEventNotifier: sendUpdates: typesTobeNotified = [ | | | BACKGROUND | ]
04-20 01:55:23.006  2509  2509 D SystemUITextView: updateStyle() flag=0,200 : com.android.systemui.widget.SystemUITextView{a4a45b0 V.ED..... ......ID 0,0-0,0 #7f0a0652 app:id/klondike_text}
04-20 01:55:23.006  2509  2509 D SFText  : clearAllTextEffect
04-20 01:55:23.006  2509  2509 D DisplayLifecycle: updateDisplay id = 0
04-20 01:55:23.007  2509  2509 W ConstraintSet: id unknown bouncer_status_bar_area_root
04-20 01:55:23.007  2509  2509 W ConstraintSet: id unknown keyguard_arrow_view
04-20 01:55:23.007  2509  2509 W ConstraintSet: id unknown keyguard_punch_hole_vi_view
04-20 01:55:23.007  2509  2509 W ConstraintSet: id unknown keyguard_biometric_view
04-20 01:55:23.007  2509  2509 W ConstraintSet: id unknown view_flipper
04-20 01:55:23.007  2509  2509 W ConstraintSet: id unknown bouncer_status_bar_area_root
04-20 01:55:23.007  2509  2509 W ConstraintSet: id unknown keyguard_arrow_view
04-20 01:55:23.007  2509  2509 W ConstraintSet: id unknown keyguard_punch_hole_vi_view
04-20 01:55:23.008  2509  2509 D SystemUIImageView: apply style: default
04-20 01:55:23.008  2509  2509 I LockscreenNotificationIconsOnlyController: onNotificationInfoUpdated 0
04-20 01:55:23.008  2509  2509 I AODNotificationManager: updateNotification() 
04-20 01:55:23.009  2509  2509 W KeyguardSecurityViewFlipper: onMeasure: widthSpec MeasureSpec: EXACTLY 1080 should be AT_MOST
04-20 01:55:23.009  2509  2509 W KeyguardSecurityViewFlipper: onMeasure: heightSpec MeasureSpec: EXACTLY 2205 should be AT_MOST
04-20 01:55:23.011  5000  5000 I SemTspStateManager: setDeadZone() v2=0.69%,2.22%,78.21%,0.69%,1.67%, v3=null
04-20 01:55:23.011  5000  5000 I HBD     : a Set dead zone & edge zone for SamsungIME deadzone_v2 :  0.69%,2.22%,78.21%,0.69%,1.67%
04-20 01:55:23.011  5000  5000 I HBD     : PresenterContainerImpl [PresenterContainerImpl] onFirstOnLayoutChanged: set touch listeners 
04-20 01:55:23.011  5000  5000 I HBD     : [KeysCafeGesture] b createGestureDetectInfoList by default gesture 
04-20 01:55:23.011  5000  5000 I HBD     : [KeysCafeGesture] b gestureInfoList size = 2 
04-20 01:55:23.011  2509  2509 W KeyguardSecurityViewFlipper: onMeasure: widthSpec MeasureSpec: EXACTLY 1080 should be AT_MOST
04-20 01:55:23.011  2509  2509 W KeyguardSecurityViewFlipper: onMeasure: heightSpec MeasureSpec: EXACTLY 2205 should be AT_MOST
04-20 01:55:23.011  5000  5000 I HBD     : PresenterContainerImpl [PresenterContainerImpl] OnLayoutChangeListener: ViewInfo = pos(0, 0), size(1080, 750), posOnScreen(0, 1375), offset(0, 0), L 
04-20 01:55:23.011  5000  5000 I HBD     : a [BoardScrapCreator] create: keyboardCount(1) 
04-20 01:55:23.012  5000  5000 I HBD     : r2 updateChangedBoard - [LC:false][TC:false][RC:false][RB:false] 
04-20 01:55:23.012  5000  5000 I HBD     : c update cached prediction status : true 
04-20 01:55:23.012  5000  5000 I HBD     : f updateCurrentEngine,  65555 ,  SWIFTKEY
04-20 01:55:23.012  5000  5000 I HBD     : b [SKE_TAM] Changed false
04-20 01:55:23.012  5000  5000 I HBD     : b [SKE_TAM] custom = false , useEngine = true
04-20 01:55:23.012  5000  5000 I HBD     : b [SKE_TAM] Changed false
04-20 01:55:23.012  1831  7639 D SemInputDeviceManager: setProperty: (0) CMD,GRIP_DATA,1,18,7,24,1830
04-20 01:55:23.012  5000  5000 I HBD     : a [SKE_LM] enable notTaggedWith:emoji, zh, yue_HK, nan_TW
04-20 01:55:23.013  5000  5000 I HBD     : a refresh(), mParameterMode,  0
04-20 01:55:23.013  1831  7639 D TspStateManager: wrote command: cmd=1,18,7,24,1830, type=1
04-20 01:55:23.013  1831  2048 D SemInputDevice:TSP: SetPropertyTask: CMD,set_grip_data,1,18,7,24,1830 [04-20 01:55:23.012]
04-20 01:55:23.013  5000  5000 I HBD     : c [PF_EN] updateChangedBoard() 1 
04-20 01:55:23.014  2509  2509 W RefactorFlag: New code path expects SceneContainerFlag to be enabled.
04-20 01:55:23.014  1296  1296 I sysinput:Touch: writeInformation:249, OK
04-20 01:55:23.014  1831  2048 D SysinputHAL_V1_3(V1_2): runTspCmdNoRead(TSP(1)): set_grip_data,1,18,7,24,1830 ret=0
04-20 01:55:23.015  5000  5000 I HBD     : c TMST - update statistics 
04-20 01:55:23.016  5000  5000 I HBD     : e [PF_OP][OnLayoutChangeListener]  5 ms 
04-20 01:55:23.016  2509  2509 D VRI[NavigationBar0]@7904a44: cancelDraw returned false
04-20 01:55:23.016  2509  2509 D NavBarStateManager: NavBarStates(0) canUseNavBarBackgroundFrame: false
04-20 01:55:23.017  1831  4863 D WindowManager: setInsetsWindow Window{fb5d225 u0 InputMethod}, contentInsets=Rect(0, 996 - 0, 0) -> Rect(0, 1252 - 0, 0), visibleInsets=Rect(0, 996 - 0, 0) -> Rect(0, 1252 - 0, 0), touchableRegion=SkRegion() -> SkRegion((0,1252,1080,2125)), touchableInsets 0 -> 3
04-20 01:55:23.017  5000  5000 I VRI[InputMethod]@11a2eb0: Creating new active sync group VRI[InputMethod]@11a2eb0#26
04-20 01:55:23.019  1831  4863 D BLASTSyncEngine: SyncGroup 8210:  Unfinished container: WindowToken{b02c2dc type=2011 android.os.Binder@bc79bb0} mSyncState=2
04-20 01:55:23.020 15380 15380 I InsetsController: onStateChanged: host=com.whatsapp/com.whatsapp.Conversation, from=android.view.ViewRootImpl.onInsetsStateChanged:3026, state=InsetsState: {mDisplayFrame=Rect(0, 0 - 1080, 2340), mDisplayCutout=DisplayCutout{insets=Rect(0, 80 - 0, 0) waterfall=Insets{left=0, top=0, right=0, bottom=0} boundingRect={Bounds=[Rect(0, 0 - 0, 0), Rect(472, 0 - 608, 80), Rect(0, 0 - 0, 0), Rect(0, 0 - 0, 0)]} cutoutPathParserInfo={CutoutPathParserInfo{displayWidth=1080 displayHeight=2340 physicalDisplayWidth=1080 physicalDisplayHeight=2340 density={2.8125} cutoutSpec={M 0,0 H -24.177777778 V 28.4444444444 H 24.177777778 V 0 H 0 Z @dp} rotation={0} scale={1.0} physicalPixelDisplaySizeRatio={1.0}}} sideOverrides={}}, mRoundedCorners=RoundedCorners{[RoundedCorner{position=TopLeft, radius=113, center=Point(113, 113)}, RoundedCorner{position=TopRight, radius=113, center=Point(967, 113)}, RoundedCorner{position=BottomRight, radius=113, center=Point(967, 2227)}, RoundedCorner{position=BottomLeft, radius=113, center=Point(113, 2227)}]}  mRoundedCornerFrame=Rect(0, 0 - 1080, 2340), mPrivacyIndicatorBounds=PrivacyIndicatorBounds {static bounds=Rect(956, 0 - 1080, 80) rotation=0}, mDisplayShape=DisplayShape{ spec=-311912193 displayWidth=1080 displayHeight=2340 physicalPixelDisplaySizeRatio=1.0 rotation=0 offsetX=0 offsetY=0 scale=1.0}, mSources= { InsetsSource: {3 mType=ime mFrame=[0,0][0,0] mVisible=false mFlags= mSideHint=NONE mBoundingRects=null}, InsetsSource: {27 mType=displayCutout mFrame=[0,0][1080,80] mVisible=true mFlags= mSideHint=TOP mBoundingRects=null}, InsetsSource: {65150000 mType=statusBars mFrame=[0,0][1080,80] mVisible=true mFlags= mSideHint=TOP mBoundingRects=null}, InsetsSource: {65150005 mType=mandatorySystemGestures mFrame=[0,0][1080,114] mVisible=true mFlags= mSideHint=TOP mBoundingRects=null}, InsetsSource: {65150006 mType=tappableElement mFrame=[0,0][1080,80] mVisible=true mFlags= mSideHint=TOP mBoundingRects=null}, InsetsSource: {71ac0001 mType=navigationBars mFrame=[0,2205][1080,2340] mVisible=true mFlags= mSideHint=BOTTOM mBoundingRects=null}, InsetsSource: {71ac0004 mType=systemGestures mFrame=[0,0][0,0] mVisible=true mFlags= mSideHint=NONE mBoundingRects=null}, InsetsSource: {71ac0005 mType=mandatorySystemGestures mFrame=[0,2205][1080,2340] mVisible=true mFlags= mSideHint=BOTTOM mBoundingRects=null}, InsetsSource: {71ac0006 mType=tappableElement mFrame=[0,2205][1080,2340] mVisible=true mFlags= mSideHint=BOTTOM mBoundingRects=null}, InsetsSource: {71ac0024 mType=systemGestures mFrame=[0,0][0,0] mVisible=true mFlags= mSideHint=NONE mBoundingRects=null} }
04-20 01:55:23.020 15380 15380 I VRI[Conversation]@6571d78: handleResized, frames=ClientWindowFrames{frame=[0,0][1080,2340] display=[0,0][1080,2340] parentFrame=[0,0][0,0]} displayId=0 dragResizing=false compatScale=1.0 frameChanged=false attachedFrameChanged=false configChanged=false displayChanged=false compatScaleChanged=false dragResizingChanged=false
04-20 01:55:23.020  2509  2562 D WindowManagerShell: onKeepClearAreasChanged: restricted={}, unrestricted={Rect(0, 1332 - 1080, 2205)}
04-20 01:55:23.021  2509  2683 I BLASTBufferQueue: [VRI[NavigationBar0]@7904a44#4](f:0,a:2,s:1) onFrameAvailable-start syncTransactionSet=false
04-20 01:55:23.021  2509  2683 I BLASTBufferQueue: [VRI[NavigationBar0]@7904a44#4](f:0,a:2,s:1) onFrameAvailable framenumber=171038 syncTransactionSet=false
04-20 01:55:23.021  2509  2683 I BLASTBufferQueue: [VRI[NavigationBar0]@7904a44#4](f:1,a:2,s:1) onFrameAvailable framenumber=171038 syncTransactionSet=false
04-20 01:55:23.021  2509  2683 I BLASTBufferQueue: [VRI[NavigationBar0]@7904a44#4](f:1,a:2,s:1) onFrameAvailable set 1 213040798436697
04-20 01:55:23.023  2509  2509 D NavigationBarControllerImpl: setNavigationBarShortcut requestClass : com.samsung.android.honeyboard, remoteViews : null, position : 0, priority : 12
04-20 01:55:23.023  2509  2509 D RemoteViewPack: OnSetRemoteView RemoteViewShortcut(requestClass=com.samsung.android.honeyboard, remoteViews=null, position=0, priority=12)
04-20 01:55:23.023  2509  2509 D NavBarStateManager: NavBarStates(0) isGameMode: false
04-20 01:55:23.023  2509  2509 D NavigationBarControllerImpl: setNavigationBarShortcut requestClass : com.samsung.android.honeyboard, remoteViews : android.widget.RemoteViews@76dc0e3, position : 0, priority : 12
04-20 01:55:23.023  2509  2509 D RemoteViewPack: OnSetRemoteView RemoteViewShortcut(requestClass=com.samsung.android.honeyboard, remoteViews=android.widget.RemoteViews@76dc0e3, position=0, priority=12)
04-20 01:55:23.023  5000  5835 I VRI[InputMethod]@11a2eb0: mWNT: t=0xb4000075b27a8000 mBlastBufferQueue=0xb40000765cb8bc00 fn= 51 HdrRenderState mRenderHdrSdrRatio=1.0 caller= android.view.ViewRootImpl$12.onFrameDraw:15441 android.view.ThreadedRenderer$1.onFrameDraw:718 <bottom of call stack> 
04-20 01:55:23.024  5000  5835 I VRI[InputMethod]@11a2eb0: Setting up sync and frameCommitCallback
04-20 01:55:23.024  5000  5835 I BLASTBufferQueue_Java: syncNextTransaction, mName= VRI[InputMethod]@11a2eb0 acquireSingleBuffer= true mNativeObject= 0xb40000765cb8bc00 callback= android.view.ViewRootImpl$12$$ExternalSyntheticLambda0@e3442b4 caller= android.graphics.BLASTBufferQueue.syncNextTransaction:203 android.view.ViewRootImpl$12.onFrameDraw:15467 android.view.ThreadedRenderer$1.onFrameDraw:718 <bottom of call stack> <bottom of call stack> <bottom of call stack> 
04-20 01:55:23.024  5000  5835 I BLASTBufferQueue: [VRI[InputMethod]@11a2eb0#997](f:0,a:1,s:0) syncNextTransaction callback: 1, acquireSingleBuffer: 1, mTransactionReadyCallback: 0
04-20 01:55:23.025  2509  2509 D NavBarStateManager: NavBarStates(0) isGameMode: false
04-20 01:55:23.026  2509  2509 D QSClock : StatusBar clock=1:55 notifyTimeChanged(QSClockBellSound - TimeText:1:55, TimeContentDescription:1:55 am, DateText:Mon, 20 April, ShortDateText:Mon, 20 Apr, Demo:false) clockVisibleByPolicy=true, clockVisibleByUser=true, visible=true, parent=android.widget.LinearLayout{f6707e0 V.E...... ......ID 0,0-78,72 #7f0a069b app:id/left_clock_container} caller=com.android.systemui.statusbar.phone.fragment.CollapsedStatusBarFragment.animateShow:52 com.android.systemui.statusbar.phone.fragment.CollapsedStatusBarFragment.updateStatusBarVisibilitiesInner:230 com.android.systemui.statusbar.phone.fragment.CollapsedStatusBarFragment.updateStatusBarVisibilities:65 com.android.systemui.statusbar.phone.ongoingactivity.OngoingActivityController.updateParentViewVisibility:99 com.android.systemui.statusbar.phone.ongoingactivity.OngoingActivityController$configurationListener$1.onConfigChanged:26  
04-20 01:55:23.030  2509  2509 W RefactorFlag: New code path expects SceneContainerFlag to be enabled.
04-20 01:55:23.031  2509  2509 D NavBarStateManager: NavBarStates(0) canUseNavBarBackgroundFrame: false
04-20 01:55:23.033  5000  5837 I BLASTBufferQueue: [VRI[InputMethod]@11a2eb0#997](f:0,a:1,s:0) onFrameAvailable-start syncTransactionSet=true
04-20 01:55:23.033  5000  5837 I BLASTBufferQueue: [VRI[InputMethod]@11a2eb0#997](f:0,a:1,s:0) onFrameAvailable framenumber=51 syncTransactionSet=true
04-20 01:55:23.033  5000  5837 I BLASTBufferQueue: [VRI[InputMethod]@11a2eb0#997](f:1,a:1,s:0) onFrameAvailable framenumber=51 syncTransactionSet=true
04-20 01:55:23.033  5000  5837 I BLASTBufferQueue: [VRI[InputMethod]@11a2eb0#997](f:1,a:1,s:0) onFrameAvailable set 0 213040810100158
04-20 01:55:23.033  5000  5837 I BLASTBufferQueue: [VRI[InputMethod]@11a2eb0#997](f:0,a:2,s:1) producer disconnected before acquireNextBufferLocked
04-20 01:55:23.033  5000  5837 I BLASTBufferQueue: [VRI[InputMethod]@11a2eb0#997](f:0,a:2,s:1) mergePendingTransactions t: 21474836909587, frameNumber: 51
04-20 01:55:23.033  5000  5837 I BLASTBufferQueue: [VRI[InputMethod]@11a2eb0#997] transaction merge. this(id: 21474836909587, fn: 51). other(id: 21474836909586, fn: 51)
04-20 01:55:23.033  5000  5837 I BLASTBufferQueue: [VRI[InputMethod]@11a2eb0#997](f:0,a:2,s:1) acquireNextBufferLocked t: 21474836909587, mLastAppliedFrameNumber: 50
04-20 01:55:23.033  5000  5837 I BLASTBufferQueue: [VRI[InputMethod]@11a2eb0#997](f:0,a:2,s:1) acquireNextBufferLocked size=1080x2260 mFrameNumber=51 applyTransaction=false mTimestamp=213040809888389(auto) mPendingTransactions.size=0 graphicBufferId=21474836485035 transform=0
04-20 01:55:23.033  5000  5837 I VRI[InputMethod]@11a2eb0: Received ready transaction from native, debugName=syncBuffer_VRI[InputMethod]@11a2eb0#26
04-20 01:55:23.034  5000  5837 I VRI[InputMethod]@11a2eb0: Received frameCommittedCallback lastAttemptedDrawFrameNum=51 didProduceBuffer=true
04-20 01:55:23.035  5000  5000 I VRI[InputMethod]@11a2eb0: handleResized, frames=ClientWindowFrames{frame=[0,80][1080,2340] display=[0,80][1080,2340] parentFrame=[0,0][0,0]} displayId=0 dragResizing=false compatScale=1.0 frameChanged=false attachedFrameChanged=false configChanged=false displayChanged=false compatScaleChanged=false dragResizingChanged=false
04-20 01:55:23.035  5000  5000 I VRI[InputMethod]@11a2eb0: handleResized mSyncSeqId = 207
04-20 01:55:23.035  5000  5000 I HBD     : c isPhysicalKeyboard() isPhysicalKeyboard false: deviceId=-1, isVirtual=true, keyboardType=2, isKeyboardTypedMouse=false 
04-20 01:55:23.035  5000  5000 I HBD     : c isPhysicalKeyboard() isPhysicalKeyboard false: deviceId=2, isVirtual=false, keyboardType=1, isKeyboardTypedMouse=false 
04-20 01:55:23.035  5000  5000 I HBD     : c isPhysicalKeyboard() isPhysicalKeyboard false: deviceId=3, isVirtual=false, keyboardType=1, isKeyboardTypedMouse=false 
04-20 01:55:23.035  5000  5000 I HBD     : c isPhysicalKeyboard() isPhysicalKeyboard false: deviceId=4, isVirtual=false, keyboardType=1, isKeyboardTypedMouse=false 
04-20 01:55:23.035  5000  5000 I HBD     : c isPhysicalKeyboard() isPhysicalKeyboard false: deviceId=5, isVirtual=false, keyboardType=1, isKeyboardTypedMouse=false 
04-20 01:55:23.035  1831  4863 D WindowManager: finishDrawingWindow: Window{fb5d225 u0 InputMethod} mDrawState=DRAW_PENDING seqId=207
04-20 01:55:23.036  1831  4863 D WindowManager: finishDrawingWindow: syncBuffer=syncBuffer_VRI[InputMethod]@11a2eb0#26_seqId<207>
04-20 01:55:23.036  1831  4863 I WindowManager: finishDrawing of orientation change: Window{fb5d225 u0 InputMethod} 285ms
04-20 01:55:23.036  5000  5000 I HBD     : c isPhysicalKeyboard() isPhysicalKeyboard false: deviceId=6, isVirtual=false, keyboardType=1, isKeyboardTypedMouse=false 
04-20 01:55:23.036  5000  5000 I HBD     : c currentConnectionState : false 
04-20 01:55:23.036  1831  4863 D WindowManager: executeDrawHandlers, seqId=207, h.mSeqId=207, hadHandlers=true, win=Window{fb5d225 u0 InputMethod}
04-20 01:55:23.036  1831  4863 D WindowManager: finishDrawing, postDrawTransaction=syncBuffer_VRI[InputMethod]@11a2eb0#26_seqId<207>, syncTransaction=null, pendingTransaction=null, w=Window{fb5d225 u0 InputMethod}
04-20 01:55:23.036  5000  5000 I InputMethod: showSoftInput(): flags=1
04-20 01:55:23.036  2509  2683 I BLASTBufferQueue: [VRI[NavigationBar0]@7904a44#4](f:1,a:2,s:1) onFrameAvailable-start syncTransactionSet=false
04-20 01:55:23.036  2509  2683 I BLASTBufferQueue: [VRI[NavigationBar0]@7904a44#4](f:1,a:2,s:1) onFrameAvailable framenumber=171039 syncTransactionSet=false
04-20 01:55:23.036  2509  2683 I BLASTBufferQueue: [VRI[NavigationBar0]@7904a44#4](f:1,a:2,s:1) onFrameAvailable framenumber=171039 syncTransactionSet=false
04-20 01:55:23.036  2509  2683 I BLASTBufferQueue: [VRI[NavigationBar0]@7904a44#4](f:1,a:2,s:1) onFrameAvailable set 2 213040813437697
04-20 01:55:23.036  1831  3034 I InputMethodManagerService: isAccessoryKeyboard 0
04-20 01:55:23.036  5000  5000 I HBD     : HoneyBoardService onEvaluateInputViewShown: true 
04-20 01:55:23.037  1831  1869 V WindowManager: performShowLocked: mDrawState=HAS_DRAWN in Window{fb5d225 u0 InputMethod}
04-20 01:55:23.037  2509  2509 I VRI[StatusBar]@b28a02a: handleResized, frames=ClientWindowFrames{frame=[0,0][1080,80] display=[0,0][1080,2340] parentFrame=[0,0][0,0]} displayId=0 dragResizing=false compatScale=1.0 frameChanged=false attachedFrameChanged=false configChanged=false displayChanged=false compatScaleChanged=false dragResizingChanged=false
04-20 01:55:23.037  2509  2509 I VRI[NavigationBar0]@7904a44: handleResized, frames=ClientWindowFrames{frame=[0,2205][1080,2340] display=[0,0][1080,2340] parentFrame=[0,0][0,0]} displayId=0 dragResizing=false compatScale=1.0 frameChanged=false attachedFrameChanged=false configChanged=false displayChanged=false compatScaleChanged=false dragResizingChanged=false
04-20 01:55:23.038  1831  1869 V WindowManager: SyncGroup 8210: Finished!
04-20 01:55:23.038  2509  2509 D NavigationBarControllerImpl: setNavigationBarShortcut requestClass : com.android.wm.shell.controlpanel.activity.FlexPanelActivity, remoteViews : null, position : 0, priority : 11
04-20 01:55:23.038  2509  2509 D RemoteViewPack: OnSetRemoteView RemoteViewShortcut(requestClass=com.android.wm.shell.controlpanel.activity.FlexPanelActivity, remoteViews=null, position=0, priority=11)
04-20 01:55:23.038  2509  2509 D NavBarStateManager: NavBarStates(0) isGameMode: false
04-20 01:55:23.038  1831  3034 I InputMethodManagerService: isAccessoryKeyboard 0
04-20 01:55:23.038  5000  5000 I HBD     : HoneyBoardService onEvaluateInputViewShown: true 
04-20 01:55:23.038  5000  5000 I InputMethodService: startViews: mShowInputRequested=true, mInputViewStarted=true, mCandidatesViewStarted= false
04-20 01:55:23.038  1831  1869 D ChangeTransitionController: onTransactionReady: TransitionRecord{94005d7 id=8210 type=CHANGE flags=0x0 c=[
04-20 01:55:23.038  1831  1869 D ChangeTransitionController:    ChangeInfo{2d482cb container=ActivityRecord{73058720 u0 com.whatsapp/.Conversation t5688} flags=0x0}
04-20 01:55:23.038  1831  1869 D ChangeTransitionController:    ChangeInfo{857baa8 container=Task{45e8fe2 #5688 type=standard A=10289:com.whatsapp} flags=0x0}
04-20 01:55:23.038  1831  1869 D ChangeTransitionController:    ChangeInfo{e29d9c1 container=WindowToken{b02c2dc type=2011 android.os.Binder@bc79bb0} flags=0x0}
04-20 01:55:23.038  1831  1869 D ChangeTransitionController:    ChangeInfo{470b566 container=DefaultTaskDisplayArea_d0@210603716 flags=0x0}
04-20 01:55:23.038  1831  1869 D ChangeTransitionController:    ChangeInfo{cc77330 container=Display{#0 state=ON size=1080x2340 ROTATION_0} flags=0x0}
04-20 01:55:23.038  1831  1869 D ChangeTransitionController: ]
04-20 01:55:23.038  1831  1869 D ChangeTransitionController: }
04-20 01:55:23.039  1831  1869 V WindowManager: Start calculating TransitionInfo based on participants: {ActivityRecord{73058720 u0 com.whatsapp/.Conversation t5688}, Task{45e8fe2 #5688 type=standard A=10289:com.whatsapp}, WindowToken{b02c2dc type=2011 android.os.Binder@bc79bb0}, Display{#0 state=ON size=1080x2340 ROTATION_0}}
04-20 01:55:23.039  1831  1869 V WindowManager:   Final targets: [ChangeInfo{e29d9c1 container=WindowToken{b02c2dc type=2011 android.os.Binder@bc79bb0} flags=0x0}, ChangeInfo{857baa8 container=Task{45e8fe2 #5688 type=standard A=10289:com.whatsapp} flags=0x10}, ChangeInfo{470b566 container=DefaultTaskDisplayArea_d0@210603716 flags=0x10}, ChangeInfo{cc77330 container=Display{#0 state=ON size=1080x2340 ROTATION_0} flags=0x0}]
04-20 01:55:23.039  1327  1383 I SurfaceFlinger: id=107240 createSurf, flag=84004, Transition Root: Display 0 name="Built-in Screen"#107240
04-20 01:55:23.041  1831  1869 I SurfaceControlRegistry: show, t=syncBuffer_VRI[InputMethod]@11a2eb0#26_seqId<207> StartTransaction_SyncId<8210> sc=ActivityRecord{73058720 u0 com.whatsapp/.Conversation t5688}, caller=android.view.SurfaceControl$Transaction.show:3557 com.android.server.wm.Transition.onTransactionReady:2048 com.android.server.wm.BLASTSyncEngine$SyncGroup.finishNow:240 com.android.server.wm.BLASTSyncEngine.onSurfacePlacement:263 com.android.server.wm.RootWindowContainer.performSurfacePlacementNoTrace:1083 com.android.server.wm.WindowSurfacePlacer.performSurfacePlacement:166 
04-20 01:55:23.041  5000  5000 I HBD     : HoneyBoardService onWindowShown 
04-20 01:55:23.041  5000  5000 I HBD     : e onWindowShown : true 
04-20 01:55:23.041  5000  5000 I HBD     : HoneyBoardService [PF_OP][onWindowShown]  0 ms 
04-20 01:55:23.042  5000  5000 I HBD     : HoneyBoardService [IMI] onStartInput - caller pid : 15380 , caller uid : 10289 
04-20 01:55:23.042  5000  5000 I HBD     : k updateConfigs 
04-20 01:55:23.042  5000  5000 I HBD     : k isEnabledNightMode : false 
04-20 01:55:23.042  5000  5000 I HBD     : a IC have been binding, RemoteInputConnection{idHash=#4d78123} 
04-20 01:55:23.042  5000  5000 W HBD     : b [EditorInputType] undefined Enter action code : 0x40000006
04-20 01:55:23.042  5000  5000 I HBD     : h [EditorInputType]setPrivateImeOptionsToTable privateImeOptions ( null )
04-20 01:55:23.042  5000  5000 I HBD     : b incognitoMode : false 
04-20 01:55:23.042  5000  5000 W HBD     : b [EditorInputType] undefined Enter action code : 0x40000006
04-20 01:55:23.042  5000  5000 I HBD     : h getDefaultInputRange : UNKNOWN 
04-20 01:55:23.042  5000  5000 I HBD     : h getDefaultInputRange : UNKNOWN 
04-20 01:55:23.042  5000  5000 I HBD     : h getDefaultInputRange : UNKNOWN 
04-20 01:55:23.043  5000  5000 I HBD     : c update cached prediction status : true 
04-20 01:55:23.043  5000  5000 I HBD     : h getDefaultInputRange : UNKNOWN 
04-20 01:55:23.043  5000  5000 I HBD     : a currentState : 0 
04-20 01:55:23.043  5000  5000 I HBD     : a [UpdatePolicy] [post] a: 0 cl: 65555 kit: [0/0] vt: 0 ir: 1 
04-20 01:55:23.044  1831  1869 D AsyncRotation_WindowManager: Setup unrotate Window{eeaad28 u0 NavigationBar0}
04-20 01:55:23.044  1831  1869 D AsyncRotation_WindowManager: Setup alpha0 Window{de626f1 u0 StatusBar}
04-20 01:55:23.044  5000  5000 I HBD     : a [NRIC] resetNoResponseState 
04-20 01:55:23.044  5000  5000 I HBD     : c update cached prediction status : true 
04-20 01:55:23.044  5000  5000 I HBD     : HoneyBoardService [PF_OP][onStartInput]  3 ms 
04-20 01:55:23.045  5000  5000 I HBD     : HoneyBoardService onStartInputView : restarting=true, client=com.whatsapp, pid=15380 
04-20 01:55:23.045  5000  5000 W HBD     : b [EditorInputType] undefined Enter action code : 0x40000006
04-20 01:55:23.045  5000  5000 I HBD     : h [EditorInputType]setPrivateImeOptionsToTable privateImeOptions ( null )
04-20 01:55:23.045  5000  5000 I HBD     : b incognitoMode : false 
04-20 01:55:23.045  2509  2509 D NavBarStateManager: NavBarStates(0) canUseNavBarBackgroundFrame: false
04-20 01:55:23.045  5000  5000 W HBD     : b [EditorInputType] undefined Enter action code : 0x40000006
04-20 01:55:23.045  5000  5000 I HBD     : h getDefaultInputRange : UNKNOWN 
04-20 01:55:23.045  5000  5000 I HBD     : h getDefaultInputRange : UNKNOWN 
04-20 01:55:23.045  5000  5000 I HBD     : h getDefaultInputRange : UNKNOWN 
04-20 01:55:23.045  5000  5000 I HBD     : HoneyBoardService onStartInputViewInternal: inputType=0x2c001, imeOptions=0x40000006, initialSelStart=0, initialSelEnd=0 
04-20 01:55:23.045  5000  5000 I HBD     : f applyThemesPolicy 
04-20 01:55:23.045  1831  1869 V WindowManager: Calling onTransitionReady: {id=8210 t=CHANGE f=0x0 trk=0 r=[0@Point(0, 0)] c=[
04-20 01:55:23.045  1831  1869 V WindowManager:         {m=CHANGE f=IS_INPUT_METHOD|TRANSLUCENT p=WCT{RemoteToken{28b6288 Display{#0 state=ON size=1080x2340 ROTATION_0}}} leash=Surface(name=WindowToken{b02c2dc type=2011 android.os.Binder@bc79bb0})/@0xa2d7fb1 sb=Rect(0, 0 - 2340, 1080) eb=Rect(0, 0 - 1080, 2340) epz=Point(1080, 2340) d=0 r=1->0:-1 inset=Rect(0, 0 - 0, 0)},
04-20 01:55:23.045  1831  1869 V WindowManager:         {WCT{RemoteToken{5935a8 Task{45e8fe2 #5688 type=standard A=10289:com.whatsapp}}} m=CHANGE f=NONE p=WCT{RemoteToken{81aec0b DefaultTaskDisplayArea_d0@210603716}} leash=Surface(name=Task=5688)/@0x6eadc9a sb=Rect(0, 0 - 2340, 1080) eb=Rect(0, 0 - 1080, 2340) epz=Point(1080, 2340) d=0 r=1->0:0 taskParent=-1 inset=Rect(0, 80 - 0, 135) allowAppBgLayer=true},
04-20 01:55:23.045  1831  1869 V WindowManager:         {WCT{RemoteToken{81aec0b DefaultTaskDisplayArea_d0@210603716}} m=CHANGE f=FLAG_IS_TASK_DISPLAY_AREA p=WCT{RemoteToken{28b6288 Display{#0 state=ON size=1080x2340 ROTATION_0}}} leash=Surface(name=DefaultTaskDisplayArea_d0)/@0xa603fef sb=Rect(0, 0 - 2340, 1080) eb=Rect(0, 0 - 1080, 2340) epz=Point(1080, 2340) d=0 r=1->0:-1 inset=Rect(0, 0 - 0, 0)},
04-20 01:55:23.045  1831  1869 V WindowManager:         {WCT{RemoteToken{28b6288 Display{#0 state=ON size=1080x2340 ROTATION_0}}} m=CHANGE f=IS_DISPLAY leash=Surface(name=WindowedMagnification:0:31)/@0xf83c308 sb=Rect(0, 0 - 2340, 1080) eb=Rect(0, 0 - 1080, 2340) epz=Point(1080, 2340) d=0 r=1->0:-1 snapshot=Surface(name=RotationLayer_WmCore)/@0xd24dba9 inset=Rect(0, 0 - 0, 0)}
04-20 01:55:23.045  1831  1869 V WindowManager:     ]}
04-20 01:55:23.045  5000  5000 I HBD     : e mIsGalaxyTheme = false mIsDexDesktopDisplay : false IsRequiredDarkTypeTheme = false night mode : false mIsEnabledHighContrast = false mIsOpenThemeForHoneyBoardInstalled = false mIsWallpaperThemeInstalled = false mIsThemeParkTheme = false
04-20 01:55:23.045  5000  5000 I HBD     : f ThemeIndex By PolicyInternal theme index :  301989888 Dark
04-20 01:55:23.045  5000  5000 I HBD     : f update KeyboardTheme themeIndex : 0x 12000000  theme :  Dark
04-20 01:55:23.045  5000  5000 I HBD     : a set Theme convertedIndex : 4 
04-20 01:55:23.045  5000  5000 I HBD     : a onThemeChanged: currTheme = 4, nextTheme = 4 
04-20 01:55:23.045  5000  5000 I HBD     : e onUpdate: mThemeStyle = 4 
04-20 01:55:23.045  5000  5000 I HBD     : c updatePredictionStatus : 1, editorOpt 
04-20 01:55:23.046  2509  2509 D SystemUIService: SYSUI_RAM_OPTIMIZATION onTrimMemory=20
04-20 01:55:23.046  2509  2509 D CentralSurfaces: SYSUI_RAM_OPTIMIZATION onTrimMemory=20
04-20 01:55:23.046  5000  5000 I HBD     : c updateForEditorClass isPredictionOn = true 
04-20 01:55:23.046  2509  2683 I BLASTBufferQueue: [VRI[NavigationBar0]@7904a44#4](f:1,a:2,s:1) onFrameAvailable-start syncTransactionSet=false
04-20 01:55:23.046  2509  2683 I BLASTBufferQueue: [VRI[NavigationBar0]@7904a44#4](f:1,a:2,s:1) onFrameAvailable framenumber=171040 syncTransactionSet=false
04-20 01:55:23.046  2509  2683 I BLASTBufferQueue: [VRI[NavigationBar0]@7904a44#4](f:1,a:2,s:1) onFrameAvailable framenumber=171040 syncTransactionSet=false
04-20 01:55:23.046  2509  2683 I BLASTBufferQueue: [VRI[NavigationBar0]@7904a44#4](f:1,a:2,s:1) onFrameAvailable set 1 213040823580466
04-20 01:55:23.047  2509  2683 D HWUI    : CacheManager::trimMemory(20)
04-20 01:55:23.047  1831  1865 V WindowManager: Sent Transition (#8210) createdAt=04-20 01:55:22.701 via request=TransitionRequestInfo { type = CHANGE, triggerTask = null, pipChange = null, remoteTransition = null, displayChange = DisplayChange { displayId = 0, startAbsBounds = null, endAbsBounds = null, startRotation = 1, endRotation = 0, physicalDisplayChanged = false, disconnectReparentDisplay = -1 }, flags = 0, debugId = 8210 }
04-20 01:55:23.047  5000  5757 I HBD     : o0 EBD tb start :1 
04-20 01:55:23.047  1831  1865 V WindowManager:     startWCT=WindowContainerTransaction { changes= {} hops= [] errorCallbackToken=null taskFragmentOrganizer=null }
04-20 01:55:23.047  5000  5757 I HBD     : a [SKE_LM] enable notTaggedWith:emoji
04-20 01:55:23.048  1831  1865 V WindowManager:     info={id=8210 t=CHANGE f=0x0 trk=0 r=[0@Point(0, 0)] c=[
04-20 01:55:23.048  1831  1865 V WindowManager:         {m=CHANGE f=IS_INPUT_METHOD|TRANSLUCENT p=WCT{RemoteToken{28b6288 Display{#0 state=ON size=1080x2340 ROTATION_0}}} leash=Surface(name=WindowToken{b02c2dc type=2011 android.os.Binder@bc79bb0})/@0xa2d7fb1 sb=Rect(0, 0 - 2340, 1080) eb=Rect(0, 0 - 1080, 2340) epz=Point(1080, 2340) d=0 r=1->0:-1 inset=Rect(0, 0 - 0, 0)},
04-20 01:55:23.048  1831  1865 V WindowManager:         {WCT{RemoteToken{5935a8 Task{45e8fe2 #5688 type=standard A=10289:com.whatsapp}}} m=CHANGE f=NONE p=WCT{RemoteToken{81aec0b DefaultTaskDisplayArea_d0@210603716}} leash=Surface(name=Task=5688)/@0x6eadc9a sb=Rect(0, 0 - 2340, 1080) eb=Rect(0, 0 - 1080, 2340) epz=Point(1080, 2340) d=0 r=1->0:0 taskParent=-1 inset=Rect(0, 80 - 0, 135) allowAppBgLayer=true},
04-20 01:55:23.048  1831  1865 V WindowManager:         {WCT{RemoteToken{81aec0b DefaultTaskDisplayArea_d0@210603716}} m=CHANGE f=FLAG_IS_TASK_DISPLAY_AREA p=WCT{RemoteToken{28b6288 Display{#0 state=ON size=1080x2340 ROTATION_0}}} leash=Surface(name=DefaultTaskDisplayArea_d0)/@0xa603fef sb=Rect(0, 0 - 2340, 1080) eb=Rect(0, 0 - 1080, 2340) epz=Point(1080, 2340) d=0 r=1->0:-1 inset=Rect(0, 0 - 0, 0)},
04-20 01:55:23.048  1831  1865 V WindowManager:         {WCT{RemoteToken{28b6288 Display{#0 state=ON size=1080x2340 ROTATION_0}}} m=CHANGE f=IS_DISPLAY leash=Surface(name=WindowedMagnification:0:31)/@0xf83c308 sb=Rect(0, 0 - 2340, 1080) eb=Rect(0, 0 - 1080, 2340) epz=Point(1080, 2340) d=0 r=1->0:-1 inset=Rect(0, 0 - 0, 0)}
04-20 01:55:23.048  1831  1865 V WindowManager:     ]}
04-20 01:55:23.048  1327  1327 I SurfaceFlinger: [Transition Root: Display 0 name="Built-in Screen"#107240] attach to parent LayerHierarchy{RequestedLayerState{Display 0 name="Built-in Screen"#49} 8 children}
04-20 01:55:23.048  2509  2509 W AodBurnInViewModel: minViewY is below topInset: BurnInParameters(topInset=80, minViewY=56, translationY=com.android.systemui.keyguard.ui.binder.KeyguardRootViewBinder$$ExternalSyntheticLambda1@7730d4a, translationX=com.android.systemui.keyguard.ui.binder.KeyguardRootViewBinder$$ExternalSyntheticLambda1@b4564bb)
04-20 01:55:23.048  1831  1869 D InsetsSourceProvider: updateVisibility: serverVisible=true, clientVisible=true, source=InsetsSource: {3 mType=ime mFrame=[0,1332][1080,2340] mVisible=true mFlags= mSideHint=BOTTOM mBoundingRects=null}, controlTarget=Window{86b9800 u0 com.whatsapp/com.whatsapp.Conversation}, from=com.android.server.wm.ImeInsetsSourceProvider.updateVisibility:7 com.android.server.wm.InsetsSourceProvider.setServerVisible:6 com.android.server.wm.ImeInsetsSourceProvider.setServerVisible:75 com.android.server.wm.InsetsSourceProvider.onPostLayout:30 com.android.server.wm.ImeInsetsSourceProvider.onPostLayout:3 com.android.server.wm.InsetsStateController.onPostLayout:26 com.android.server.wm.RootWindowContainer.applySurfaceChangesTransaction$1:203 com.android.server.wm.RootWindowContainer.performSurfacePlacementNoTrace:59 com.android.server.wm.WindowSurfacePlacer.performSurfacePlacement:166 com.android.server.wm.WindowSurfacePlacer$Traverser.run:14 
04-20 01:55:23.049  2509  2750 V WindowManagerShell: onTransitionReady(transaction=7864085656361)
04-20 01:55:23.049  2509  2562 V WindowManagerShell: onTransitionReady (#8210) android.os.BinderProxy@d0c4573: {id=8210 t=CHANGE f=0x0 trk=0 r=[0@Point(0, 0)] c=[
04-20 01:55:23.049  2509  2562 V WindowManagerShell:         {m=CHANGE f=IS_INPUT_METHOD|TRANSLUCENT p=WCT{android.window.IWindowContainerToken$Stub$Proxy@d3d790e} leash=Surface(name=WindowToken{b02c2dc type=2011 android.os.Binder@bc79bb0})/@0xbe049a4 sb=Rect(0, 0 - 2340, 1080) eb=Rect(0, 0 - 1080, 2340) epz=Point(1080, 2340) d=0 r=1->0:-1 inset=Rect(0, 0 - 0, 0)},
04-20 01:55:23.049  2509  2562 V WindowManagerShell:         {m=CHANGE f=NONE p=WCT{android.window.IWindowContainerToken$Stub$Proxy@ce2ff2f} leash=Surface(name=Task=5688)/@0xdc7830d sb=Rect(0, 0 - 2340, 1080) eb=Rect(0, 0 - 1080, 2340) epz=Point(1080, 2340) d=0 r=1->0:0 taskParent=-1 inset=Rect(0, 80 - 0, 135) allowAppBgLayer=true},
04-20 01:55:23.049  2509  2562 V WindowManagerShell:         {m=CHANGE f=FLAG_IS_TASK_DISPLAY_AREA p=WCT{android.window.IWindowContainerToken$Stub$Proxy@3c1293c} leash=Surface(name=DefaultTaskDisplayArea_d0)/@0xeef2c2 sb=Rect(0, 0 - 2340, 1080) eb=Rect(0, 0 - 1080, 2340) epz=Point(1080, 2340) d=0 r=1->0:-1 inset=Rect(0, 0 - 0, 0)},
04-20 01:55:23.049  2509  2562 V WindowManagerShell:         {m=CHANGE f=IS_DISPLAY leash=Surface(name=WindowedMagnification:0:31)/@0x7c0a8d3 sb=Rect(0, 0 - 2340, 1080) eb=Rect(0, 0 - 1080, 2340) epz=Point(1080, 2340) d=0 r=1->0:-1 snapshot=Surface(name=RotationLayer_WmCore)/@0x6aa5c10 inset=Rect(0, 0 - 0, 0)}
04-20 01:55:23.049  2509  2562 V WindowManagerShell:     ]}
04-20 01:55:23.050  2509  2562 V ShellDesktopMode: DesktopModeLogger: taskInfo map after processing changes 0
04-20 01:55:23.050  2509  2562 D ShellDesktopMode: DesktopTaskChangeListener: onTaskChanging for taskId=5688, displayId=0
04-20 01:55:23.050  2509  2562 I SurfaceControlRegistry: show, t=syncBuffer_VRI[InputMethod]@11a2eb0#26_seqId<207> StartTransaction_SyncId<8210> sc=DefaultTaskDisplayArea_d0, caller=android.view.SurfaceControl$Transaction.show:3557 com.android.wm.shell.transition.Transitions.dispatchReady:907 com.android.wm.shell.transition.Transitions.onTransitionReady:251 com.android.wm.shell.transition.Transitions$TransitionPlayerImpl$$ExternalSyntheticLambda0.run:13 android.os.Handler.handleCallback:995 android.os.Handler.dispatchMessage:103 
04-20 01:55:23.051  2509  2562 I SurfaceControlRegistry: show, t=syncBuffer_VRI[InputMethod]@11a2eb0#26_seqId<207> StartTransaction_SyncId<8210> sc=Task=5688, caller=android.view.SurfaceControl$Transaction.show:3557 com.android.wm.shell.transition.Transitions.dispatchReady:907 com.android.wm.shell.transition.Transitions.onTransitionReady:251 com.android.wm.shell.transition.Transitions$TransitionPlayerImpl$$ExternalSyntheticLambda0.run:13 android.os.Handler.handleCallback:995 android.os.Handler.dispatchMessage:103 
04-20 01:55:23.051 15380 15380 I InsetsController: onStateChanged: host=com.whatsapp/com.whatsapp.Conversation, from=android.view.ViewRootImpl.onInsetsStateChanged:3026, state=InsetsState: {mDisplayFrame=Rect(0, 0 - 1080, 2340), mDisplayCutout=DisplayCutout{insets=Rect(0, 80 - 0, 0) waterfall=Insets{left=0, top=0, right=0, bottom=0} boundingRect={Bounds=[Rect(0, 0 - 0, 0), Rect(472, 0 - 608, 80), Rect(0, 0 - 0, 0), Rect(0, 0 - 0, 0)]} cutoutPathParserInfo={CutoutPathParserInfo{displayWidth=1080 displayHeight=2340 physicalDisplayWidth=1080 physicalDisplayHeight=2340 density={2.8125} cutoutSpec={M 0,0 H -24.177777778 V 28.4444444444 H 24.177777778 V 0 H 0 Z @dp} rotation={0} scale={1.0} physicalPixelDisplaySizeRatio={1.0}}} sideOverrides={}}, mRoundedCorners=RoundedCorners{[RoundedCorner{position=TopLeft, radius=113, center=Point(113, 113)}, RoundedCorner{position=TopRight, radius=113, center=Point(967, 113)}, RoundedCorner{position=BottomRight, radius=113, center=Point(967, 2227)}, RoundedCorner{position=BottomLeft, radius=113, center=Point(113, 2227)}]}  mRoundedCornerFrame=Rect(0, 0 - 1080, 2340), mPrivacyIndicatorBounds=PrivacyIndicatorBounds {static bounds=Rect(956, 0 - 1080, 80) rotation=0}, mDisplayShape=DisplayShape{ spec=-311912193 displayWidth=1080 displayHeight=2340 physicalPixelDisplaySizeRatio=1.0 rotation=0 offsetX=0 offsetY=0 scale=1.0}, mSources= { InsetsSource: {3 mType=ime mFrame=[0,1332][1080,2340] mVisible=true mFlags= mSideHint=BOTTOM mBoundingRects=null}, InsetsSource: {27 mType=displayCutout mFrame=[0,0][1080,80] mVisible=true mFlags= mSideHint=TOP mBoundingRects=null}, InsetsSource: {65150000 mType=statusBars mFrame=[0,0][1080,80] mVisible=true mFlags= mSideHint=TOP mBoundingRects=null}, InsetsSource: {65150005 mType=mandatorySystemGestures mFrame=[0,0][1080,114] mVisible=true mFlags= mSideHint=TOP mBoundingRects=null}, InsetsSource: {65150006 mType=tappableElement mFrame=[0,0][1080,80] mVisible=true mFlags= mSideHint=TOP mBoundingRects=null}, InsetsSource: {71ac0001 mType=navigationBars mFrame=[0,2205][1080,2340] mVisible=true mFlags= mSideHint=BOTTOM mBoundingRects=null}, InsetsSource: {71ac0004 mType=systemGestures mFrame=[0,0][0,0] mVisible=true mFlags= mSideHint=NONE mBoundingRects=null}, InsetsSource: {71ac0005 mType=mandatorySystemGestures mFrame=[0,2205][1080,2340] mVisible=true mFlags= mSideHint=BOTTOM mBoundingRects=null}, InsetsSource: {71ac0006 mType=tappableElement mFrame=[0,2205][1080,2340] mVisible=true mFlags= mSideHint=BOTTOM mBoundingRects=null}, InsetsSource: {71ac0024 mType=systemGestures mFrame=[0,0][0,0] mVisible=true mFlags= mSideHint=NONE mBoundingRects=null} }
04-20 01:55:23.051  5000  5757 I HBD     : a [SKE_LM] enable notTaggedWith:emoji, zh, yue_HK, nan_TW
04-20 01:55:23.051  2509  2562 V WindowManagerShell: Playing animation for (#8210) android.os.BinderProxy@d0c4573@0
04-20 01:55:23.051 15380 15380 I VRI[Conversation]@6571d78: handleResized, frames=ClientWindowFrames{frame=[0,0][1080,2340] display=[0,0][1080,2340] parentFrame=[0,0][0,0]} displayId=0 dragResizing=false compatScale=1.0 frameChanged=false attachedFrameChanged=false configChanged=false displayChanged=false compatScaleChanged=false dragResizingChanged=false
04-20 01:55:23.051  5000  5757 I HBD     : o0 EBD tb end :1 
04-20 01:55:23.051  2509  2562 I SurfaceControlRegistry: show, t=syncBuffer_VRI[InputMethod]@11a2eb0#26_seqId<207> StartTransaction_SyncId<8210> sc=Transition Root: Display 0 name="Built-in Screen", caller=android.view.SurfaceControl$Transaction.show:3557 com.android.wm.shell.transition.Transitions.playTransition:79 com.android.wm.shell.transition.Transitions.processReadyQueue:239 com.android.wm.shell.transition.Transitions.dispatchReady:1352 com.android.wm.shell.transition.Transitions.onTransitionReady:251 com.android.wm.shell.transition.Transitions$TransitionPlayerImpl$$ExternalSyntheticLambda0.run:13 
04-20 01:55:23.051  2509  2562 V ShellRecents: RecentsTransitionHandler.startAnimation: no controller found
04-20 01:55:23.051  2509  2562 V ShellDesktopMode: DesktopMixedTransitionHandler: No pending desktop transition
04-20 01:55:23.052  2509  2562 V WindowManagerShell: start default transition animation, info = {id=8210 t=CHANGE f=0x0 trk=0 r=[0@Point(0, 0)] c=[{m=CHANGE f=IS_INPUT_METHOD|TRANSLUCENT p=WCT{android.window.IWindowContainerToken$Stub$Proxy@d3d790e} leash=Surface(name=WindowToken{b02c2dc type=2011 android.os.Binder@bc79bb0})/@0xbe049a4 sb=Rect(0, 0 - 2340, 1080) eb=Rect(0, 0 - 1080, 2340) epz=Point(1080, 2340) d=0 r=1->0:-1 inset=Rect(0, 0 - 0, 0)},{m=CHANGE f=NONE p=WCT{android.window.IWindowContainerToken$Stub$Proxy@ce2ff2f} leash=Surface(name=Task=5688)/@0xdc7830d sb=Rect(0, 0 - 2340, 1080) eb=Rect(0, 0 - 1080, 2340) epz=Point(1080, 2340) d=0 r=1->0:0 taskParent=-1 inset=Rect(0, 80 - 0, 135) allowAppBgLayer=true},{m=CHANGE f=FLAG_IS_TASK_DISPLAY_AREA p=WCT{android.window.IWindowContainerToken$Stub$Proxy@3c1293c} leash=Surface(name=DefaultTaskDisplayArea_d0)/@0xeef2c2 sb=Rect(0, 0 - 2340, 1080) eb=Rect(0, 0 - 1080, 2340) epz=Point(1080, 2340) d=0 r=1->0:-1 inset=Rect(0, 0 - 0, 0)},{m=CHANGE f=IS_DISPLAY leash=Surface(name=WindowedMagnification:0:31)/@0x7c0a8d3 sb=Rect(0, 0 - 2340, 1080) eb=Rect(0, 0 - 1080, 2340) epz=Point(1080, 2340) d=0 r=1->0:-1 snapshot=Surface(name=RotationLayer_WmCore)/@0x6aa5c10 inset=Rect(0, 0 - 0, 0)}]}
04-20 01:55:23.052  2509  2562 V WindowManagerShell: Display is changing, resolve the animation hint.
04-20 01:55:23.052  2509  2562 V WindowManagerShell:   task 5688 isn't requesting seamless, so not seamless.
04-20 01:55:23.052  1831  5125 D ImeInsetsSourceProvider: showImePostLayout cancelled, isScheduledAndReadyToShowIme: false, mImeRequester: null, serverVisible: true, frozen: false, mWindowContainer is: non-null, windowState: Window{fb5d225 u0 InputMethod}, isDrawn: true, mGivenInsetsPending: false, dcTarget: Window{86b9800 u0 com.whatsapp/com.whatsapp.Conversation}, controlTarget: Window{86b9800 u0 com.whatsapp/com.whatsapp.Conversation}
04-20 01:55:23.052  1831  5125 I ImeTracker: com.samsung.android.honeyboard:9320bd7a: onCancelled at PHASE_WM_ABORT_SHOW_IME_POST_LAYOUT
04-20 01:55:23.052  2509  2509 D NavigationBarControllerImpl: setNavigationBarShortcut requestClass : com.android.wm.shell.controlpanel.activity.FlexPanelActivity, remoteViews : null, position : 0, priority : 11
04-20 01:55:23.052  2509  2509 D RemoteViewPack: OnSetRemoteView RemoteViewShortcut(requestClass=com.android.wm.shell.controlpanel.activity.FlexPanelActivity, remoteViews=null, position=0, priority=11)
04-20 01:55:23.052  2509  2509 D NavBarStateManager: NavBarStates(0) isGameMode: false
04-20 01:55:23.052  1327  1384 I SurfaceFlinger: id=107241 createSurf, flag=24004, Animation leash of screenshot rotation#107241
04-20 01:55:23.053  5000  5000 I HBD     : n0 [EmojiCandidate] getEmoji from EmojiCore-[0]
04-20 01:55:23.053  5000  5000 I HBD     : n1 [SCV] (9) 2 3 2 2 3 2 2 3 29 
04-20 01:55:23.053  5000  5000 I HBD     : o0 EBD ssu f 1 
04-20 01:55:23.053  2509  2562 I SurfaceControlRegistry: show, t=syncBuffer_VRI[InputMethod]@11a2eb0#26_seqId<207> StartTransaction_SyncId<8210> sc=Animation leash of screenshot rotation, caller=android.view.SurfaceControl$Transaction.show:3557 com.android.wm.shell.transition.ScreenRotationAnimation.<init>:416 com.android.wm.shell.transition.DefaultTransitionHandler.startRotationAnimation:26 com.android.wm.shell.transition.DefaultTransitionHandler.startAnimation:946 com.android.wm.shell.transition.Transitions.dispatchTransition:90 com.android.wm.shell.transition.Transitions.playTransition:774 
04-20 01:55:23.053  2509  2509 D NavBarStateManager: NavBarStates(0) canUseNavBarBackgroundFrame: false
04-20 01:55:23.053  5000  5757 I HBD     : o0 EBD tb start :1 
04-20 01:55:23.054  5000  5757 I HBD     : a [SKE_LM] enable notTaggedWith:emoji
04-20 01:55:23.054  1327  1384 I SurfaceFlinger: id=107242 createSurf, flag=20404, BackColorSurface#107242
04-20 01:55:23.054  4581  5350 I AiAiPeople: [0] fragments remain to process, dispatched event [32]
04-20 01:55:23.054  2509  2562 I SurfaceControlRegistry: show, t=syncBuffer_VRI[InputMethod]@11a2eb0#26_seqId<207> StartTransaction_SyncId<8210> sc=BackColorSurface, caller=android.view.SurfaceControl$Transaction.show:3557 com.android.wm.shell.transition.ScreenRotationAnimation.<init>:551 com.android.wm.shell.transition.DefaultTransitionHandler.startRotationAnimation:26 com.android.wm.shell.transition.DefaultTransitionHandler.startAnimation:946 com.android.wm.shell.transition.Transitions.dispatchTransition:90 com.android.wm.shell.transition.Transitions.playTransition:774 
04-20 01:55:23.054  2509  2509 I VRI[StatusBar]@b28a02a: handleResized, frames=ClientWindowFrames{frame=[0,0][1080,80] display=[0,0][1080,2340] parentFrame=[0,0][0,0]} displayId=0 dragResizing=false compatScale=1.0 frameChanged=false attachedFrameChanged=false configChanged=false displayChanged=false compatScaleChanged=false dragResizingChanged=false
04-20 01:55:23.054  2509  2509 I VRI[NavigationBar0]@7904a44: handleResized, frames=ClientWindowFrames{frame=[0,2205][1080,2340] display=[0,0][1080,2340] parentFrame=[0,0][0,0]} displayId=0 dragResizing=false compatScale=1.0 frameChanged=false attachedFrameChanged=false configChanged=false displayChanged=false compatScaleChanged=false dragResizingChanged=false
04-20 01:55:23.055  2509  2562 I SurfaceControlRegistry: apply, t=syncBuffer_VRI[InputMethod]@11a2eb0#26_seqId<207> StartTransaction_SyncId<8210>, caller=android.view.SurfaceControl$Transaction.apply:3459 android.view.SurfaceControl$Transaction.apply:3447 android.view.SurfaceControl$Transaction.apply:3397 com.android.wm.shell.transition.ScreenRotationAnimation.<init>:709 com.android.wm.shell.transition.DefaultTransitionHandler.startRotationAnimation:26 com.android.wm.shell.transition.DefaultTransitionHandler.startAnimation:946 
04-20 01:55:23.055  2509  2562 I SurfaceComposerClient: apply DisplayState::eDisplayProjectionChanged(index:0) orientation(0) layerStackSpaceRect(1080x2340) orientedDisplaySpaceRect(1080x2340)
04-20 01:55:23.055  2509  2562 I SurfaceComposerClient: setTransactionState with buffer. layerId: 107217, bufferData(ID: 21474836485035, frameNumber: 51, barrierFrameNumber: 50)
04-20 01:55:23.057  2509  2683 I BLASTBufferQueue: [VRI[NavigationBar0]@7904a44#4](f:1,a:2,s:1) onFrameAvailable-start syncTransactionSet=false
04-20 01:55:23.057  2509  2683 I BLASTBufferQueue: [VRI[NavigationBar0]@7904a44#4](f:1,a:2,s:1) onFrameAvailable framenumber=171041 syncTransactionSet=false
04-20 01:55:23.057  2509  2683 I BLASTBufferQueue: [VRI[NavigationBar0]@7904a44#4](f:1,a:2,s:1) onFrameAvailable framenumber=171041 syncTransactionSet=false
04-20 01:55:23.057  2509  2683 I BLASTBufferQueue: [VRI[NavigationBar0]@7904a44#4](f:1,a:2,s:1) onFrameAvailable set 2 213040834107235
04-20 01:55:23.058  2509  2562 V WindowManagerShell:  animated by com.android.wm.shell.transition.DefaultTransitionHandler@a560f27
04-20 01:55:23.059  1327  1327 I SurfaceFlinger: RequestedLayer [Letterbox - left#107226] hidden!! flag  from(0) --> to(1)
04-20 01:55:23.059  1327  1327 I SurfaceFlinger: RequestedLayer [Transition Root: Display 0 name="Built-in Screen"#107240] hidden!! flag  from(1) --> to(0)
04-20 01:55:23.059  1327  1327 E SurfaceFlinger: alpha changed 1.000 -> 0.000 - Surface(name=WindowToken{a45e1fe type=2000 android.os.BinderProxy@d1eff80})/@0x6f6328d - animation-leash of token_transform#107238
04-20 01:55:23.059  1327  1327 I SurfaceFlinger: RequestedLayer [Animation leash of screenshot rotation#107241] hidden!! flag  from(1) --> to(0)
04-20 01:55:23.059  1327  1327 I SurfaceFlinger: RequestedLayer [BackColorSurface#107242] hidden!! flag  from(1) --> to(0)
04-20 01:55:23.059  1327  1327 I SurfaceFlinger: [LayerHierarchy{RequestedLayerState{WindowedMagnification:0:31#2 parentId=107240 z=6} 7 children}] reparent to LayerHierarchy{RequestedLayerState{Transition Root: Display 0 name="Built-in Screen"#107240 parentId=49} 1 children}
04-20 01:55:23.059  1327  1327 I SurfaceFlinger: [LayerHierarchy{RequestedLayerState{ImeContainer#15 parentId=103344 relativeParentId=103345 z=1} 4 children}] RelativeParent to LayerHierarchy{RequestedLayerState{86b9800 com.whatsapp/com.whatsapp.Conversation#103345 parentId=103344} 2 children}
04-20 01:55:23.059  1327  1327 I SurfaceFlinger: [LayerHierarchy{RequestedLayerState{RotationLayer_WmCore#107239 parentId=107241 z=2147483647} no children}] reparent to LayerHierarchy{RequestedLayerState{Animation leash of screenshot rotation#107241 parentId=107240 z=2010000} 1 children}
04-20 01:55:23.059  1327  1327 I SurfaceFlinger: [Animation leash of screenshot rotation#107241] attach to parent LayerHierarchy{RequestedLayerState{Transition Root: Display 0 name="Built-in Screen"#107240 parentId=49} 2 children}
04-20 01:55:23.059  1327  1327 I SurfaceFlinger: [BackColorSurface#107242] attach to parent LayerHierarchy{RequestedLayerState{Transition Root: Display 0 name="Built-in Screen"#107240 parentId=49} 3 children}
04-20 01:55:23.060  5000  5757 I HBD     : a [SKE_LM] enable notTaggedWith:emoji, zh, yue_HK, nan_TW
04-20 01:55:23.060  5000  5757 I HBD     : o0 EBD tb end :1 
04-20 01:55:23.061  5000  5018 I BLASTBufferQueue: [VRI[InputMethod]@11a2eb0#997](f:0,a:2,s:1) transactionCommittedCallback
04-20 01:55:23.061  5000  5018 I BLASTBufferQueue: [VRI[InputMethod]@11a2eb0#997](f:0,a:2,s:0) transactionCommittedCallback mSyncedFrameNumbers.erase(51)
04-20 01:55:23.062  5000  5000 I HBD     : n0 [EmojiCandidate] getEmoji from EmojiCore-[0]
04-20 01:55:23.062  5000  5000 I HBD     : n1 [SCV] (9) 2 3 2 2 3 2 2 3 29 
04-20 01:55:23.062  5000  5000 I HBD     : o0 EBD ssu f 1 
04-20 01:55:23.063  5000  5000 I HBD     : a [UpdatePolicy] [post] a: 1 cl: 65555 kit: [0/0] vt: 0 ir: 1 
