04-20 00:48:58.418  3033  3287 I HoneySpace.TaskDataRepositoryImpl: Request icon and label, id=5641, iconAndLabel: IconAndLabel(icon=android.graphics.Bitmap@28ee03e, label=WhatsApp), componentKey: com.whatsapp/.Main#UserHandle{0}
04-20 00:48:58.418  3033 31808 I HoneySpace.TaskDataRepositoryImpl: Request task thumbnail, id=5632
04-20 00:48:58.418  3033  3287 I HoneySpace.TaskDataRepositoryImpl: getTaskIconLabelComponent key: id=5632 windowingMode=1 user=0 lastActiveTime=352511401
04-20 00:48:58.419  3033  3287 I HoneySpace.TaskDataRepositoryImpl: Request icon and label, id=5632, iconAndLabel: IconAndLabel(icon=android.graphics.Bitmap@7fce1f3, label=Internet), componentKey: com.sec.android.app.sbrowser/.SBrowserMainActivity#UserHandle{0}
04-20 00:48:58.419  3033 25194 I HoneySpace.TaskDataRepositoryImpl: Request task thumbnail, id=5658
04-20 00:48:58.419  3033 30156 I HoneySpace.TaskDataRepositoryImpl: getTaskIconLabelComponent key: id=5658 windowingMode=1 user=0 lastActiveTime=353705443
04-20 00:48:58.419  1831  1968 I WindowManager: Relayout hash=eeeaf72, pid=0, syncId=-1: mAttrs={(0,0)(fillxfill) sim={adjust=resize} layoutInDisplayCutoutMode=always ty=BASE_APPLICATION fmt=TRANSPARENT wanim=0x1030306
04-20 00:48:58.419  1831  1968 I WindowManager:   fl=81910100
04-20 00:48:58.419  1831  1968 I WindowManager:   pfl=10008840
04-20 00:48:58.419  1831  1968 I WindowManager:   bhv=2
04-20 00:48:58.419  1831  1968 I WindowManager:   fitSides=0
04-20 00:48:58.419  1831  1968 I WindowManager:   frameRateBoostOnTouch=true
04-20 00:48:58.419  1831  1968 I WindowManager:   dvrrWindowFrameRateHint=true naviIconColor=0
04-20 00:48:58.419  1831  1968 I WindowManager:   sfl=4000000}
04-20 00:48:58.419  3033  3033 I HoneySpace.RecentAdapter[cf2200a]: onViewAttachedToWindow, RecentViewHolder(position: 2, itemView: TaskView[269216d])
04-20 00:48:58.419  3033 30156 I HoneySpace.TaskDataRepositoryImpl: Request icon and label, id=5658, iconAndLabel: IconAndLabel(icon=android.graphics.Bitmap@6576ef7, label=Claude), componentKey: com.anthropic.claude/.mainactivity.MainActivity#UserHandle{0}
04-20 00:48:58.419  3033  3033 I HoneySpace.TiltStackLayoutManager[f5d340e]: doLayout() => pos: 1, layout: [10, 245, 691, 1665], view: TaskView[269216d], childCount: 3
04-20 00:48:58.419  3033  3033 I HoneySpace.RecentAdapter[cf2200a]: onBindViewHolder, [position: 3], RecentViewHolder(position: 3, itemView: TaskView[24c2a2])
04-20 00:48:58.419  3033  3033 I HoneySpace.TaskView: bindTaskView, tasks = [[id=5629 windowingMode=1 user=0 lastActiveTime=352418624] null], view: TaskView[24c2a2]
04-20 00:48:58.419  3033 25194 I HoneySpace.TaskDataRepositoryImpl: getTaskIconLabelComponent key: id=5629 windowingMode=1 user=0 lastActiveTime=352418624
04-20 00:48:58.420  3033 30156 I HoneySpace.TaskDataRepositoryImpl: Request task thumbnail, id=5629
04-20 00:48:58.420  3033 25194 I HoneySpace.TaskDataRepositoryImpl: Request icon and label, id=5629, iconAndLabel: IconAndLabel(icon=android.graphics.Bitmap@be06287, label=Instagram), componentKey: com.instagram.android/.activity.MainTabActivity#UserHandle{0}
04-20 00:48:58.420  3033  3033 I HoneySpace.RecentAdapter[cf2200a]: onViewAttachedToWindow, RecentViewHolder(position: 3, itemView: TaskView[24c2a2])
04-20 00:48:58.420  3033  3033 I HoneySpace.TiltStackLayoutManager[f5d340e]: doLayout() => pos: 2, layout: [-169, 245, 511, 1665], view: TaskView[24c2a2], childCount: 4
04-20 00:48:58.420  3033  3033 I HoneySpace.RecentAdapter[cf2200a]: onBindViewHolder, [position: 4], RecentViewHolder(position: 4, itemView: TaskView[96fecd])
04-20 00:48:58.420  3033  3033 I HoneySpace.TaskView: bindTaskView, tasks = [[id=5642 windowingMode=1 user=0 lastActiveTime=345624099] null], view: TaskView[96fecd]
04-20 00:48:58.421  3033  3287 I HoneySpace.TaskDataRepositoryImpl: Request task thumbnail, id=5642
04-20 00:48:58.421  3033 21798 I HoneySpace.TaskDataRepositoryImpl: getTaskIconLabelComponent key: id=5642 windowingMode=1 user=0 lastActiveTime=345624099
04-20 00:48:58.421  3033 21798 I HoneySpace.TaskDataRepositoryImpl: Request icon and label, id=5642, iconAndLabel: IconAndLabel(icon=android.graphics.Bitmap@c64486d, label=Settings), componentKey: com.android.settings/.Settings#UserHandle{0}
04-20 00:48:58.421  3033  3033 I HoneySpace.RecentAdapter[cf2200a]: onViewAttachedToWindow, RecentViewHolder(position: 4, itemView: TaskView[96fecd])
04-20 00:48:58.421  3033  3033 I HoneySpace.TiltStackLayoutManager[f5d340e]: doLayout() => pos: 3, layout: [-350, 245, 330, 1665], view: TaskView[96fecd], childCount: 5
04-20 00:48:58.421  3033  3033 I HoneySpace.RecentAdapter[cf2200a]: taskAddComplete: 4
04-20 00:48:58.421  3033  3033 I HoneySpace.TaskListPot[a96e07b]: onTaskViewAddComplete() => homeIsOnTop: false
04-20 00:48:58.422  3033  3033 I HoneySpace.TaskListViewModel[235289818]: isInDesktopMode: false, isDexSpace: false
04-20 00:48:58.422  3033  3033 I HoneySpace.TaskListPot[a96e07b]: updateScrollPosition, isInDesktopMode: false, position: 1
04-20 00:48:58.423  3033  3033 I HoneySpace.TiltStackLayoutManager[f5d340e]: scrollToPosition: 1, scrollOffset: 3405, itemCount: 7
04-20 00:48:58.423  3033  3033 I HoneySpace.TouchControllerImpl: reset
04-20 00:48:58.423  3033  3033 I HoneySpace.StackRecentsView: taskSwiping = false
04-20 00:48:58.423  3033  3033 I HoneySpace.StackRecentsView: needFocus: false
04-20 00:48:58.423  3033  3033 I HoneySpace.TaskListContainerView: isLastItemOutOfScreen null
04-20 00:48:58.423  3033  3033 I HoneySpace.TaskListContainerView: updateNavigationButtonVisible gone
04-20 00:48:58.423  3033  3033 I VRI[RecentsActivity]@8d94f7d: registerCallbackForPendingTransactions
04-20 00:48:58.423  3033  3102 I HoneySpace.SALoggingUtils: SA Logging screenID: 500 eventId: 5160 detail: {det=APP} value: -1
04-20 00:48:58.424  3033  3033 I HoneySpace.ListTaskViewHolder: loadIconAndLabel: tasks = [[id=5641 windowingMode=1 user=0 lastActiveTime=353750569] null],
04-20 00:48:58.424  3033  3033 I HoneySpace.ListTaskViewHolder:  position = 0, taskView = TaskView[430591e], currentIds: [5641], requestedIds: [5641]
04-20 00:48:58.424  3033  5042 I VRI[RecentsActivity]@8d94f7d: mWNT: t=0xb400007656034b80 mBlastBufferQueue=0xb4000076c514d800 fn= 2 HdrRenderState mRenderHdrSdrRatio=1.0 caller= android.view.ViewRootImpl$10.onFrameDraw:6536 android.view.ViewRootImpl$4.onFrameDraw:2489 android.view.ThreadedRenderer$1.onFrameDraw:718 
04-20 00:48:58.424  3033  3033 I HoneySpace.TaskView: setTaskLabel, WhatsApp
04-20 00:48:58.424  3033  3033 I HoneySpace.ListTaskViewHolder: loadIconAndLabel: tasks = [[id=5658 windowingMode=1 user=0 lastActiveTime=353705443] null],
04-20 00:48:58.424  3033  3033 I HoneySpace.ListTaskViewHolder:  position = 1, taskView = TaskView[641f0da], currentIds: [5658], requestedIds: [5658]
04-20 00:48:58.424  3033  3033 I HoneySpace.TaskView: setTaskLabel, Claude
04-20 00:48:58.424  3033  3033 I HoneySpace.ListTaskViewHolder: loadIconAndLabel: tasks = [[id=5632 windowingMode=1 user=0 lastActiveTime=352511401] null],
04-20 00:48:58.424  3033  3033 I HoneySpace.ListTaskViewHolder:  position = 2, taskView = TaskView[4836afb], currentIds: [5632], requestedIds: [5632]
04-20 00:48:58.424  3033  3033 I HoneySpace.TaskView: setTaskLabel, Internet
04-20 00:48:58.425  3033  3033 I HoneySpace.ListTaskViewHolder: loadIconAndLabel: tasks = [[id=5629 windowingMode=1 user=0 lastActiveTime=352418624] null],
04-20 00:48:58.425  3033  3033 I HoneySpace.ListTaskViewHolder:  position = 3, taskView = TaskView[7e6ef65], currentIds: [5629], requestedIds: [5629]
04-20 00:48:58.425  3033  3033 I HoneySpace.TaskView: setTaskLabel, Instagram
04-20 00:48:58.425  3033  3033 I HoneySpace.ListTaskViewHolder: loadIconAndLabel: tasks = [[id=5642 windowingMode=1 user=0 lastActiveTime=345624099] null],
04-20 00:48:58.425  3033  3033 I HoneySpace.ListTaskViewHolder:  position = 4, taskView = TaskView[7dc89bf], currentIds: [5642], requestedIds: [5642]
04-20 00:48:58.425  3033  3033 I HoneySpace.TaskView: setTaskLabel, Settings
04-20 00:48:58.425  3033  3033 I HoneySpace.SuggestedAppsViewModel: loadItems() collected : 4
04-20 00:48:58.425  3033  3033 I HoneySpace.SuggestedAppsAdapter: setItemList : itemCount = 4 honeyIcons size = 0
04-20 00:48:58.425  3033  3033 I HoneySpace.SuggestedAppsAdapter: createHoneyIcons : itemCount = 4
04-20 00:48:58.425  3033  3033 I HoneySpace.HoneyFactoryImpl: create honeyInfo=HoneyInfo(parentHoney=m5.e@b2541d0, packageName=null, type=appicon), honeyData=HoneyData(id=-1, data=[app, id:-1 label:null componnet:/#UserHandle{0} badgeCount:0  drag:false iconState:NONE], bundleData=null, savedState=null), context=android.window.WindowContext@86aa72
04-20 00:48:58.425  3033  3033 I HoneySpace.DefaultPlugin: createHoney honeyInfo=HoneyInfo(parentHoney=m5.e@b2541d0, packageName=null, type=appicon) honeyData=HoneyData(id=-1, data=[app, id:-1 label:null componnet:/#UserHandle{0} badgeCount:0  drag:false iconState:NONE], bundleData=null, savedState=null) context=android.window.WindowContext@86aa72
04-20 00:48:58.426  3033  3033 E ThemeUtils: View class com.honeyspace.ui.common.iconview.IconViewImpl is an AppCompat widget that can only be used with a Theme.AppCompat theme (or descendant).
04-20 00:48:58.428  3033  3033 E HoneySpace.BadgeIconDecoratorCreator: NameNotFoundException /#UserHandle{0}
04-20 00:48:58.428  3033  3033 I HoneySpace.CellLayout: addItem [0] (0, 0) width=998, height=273, spanX=1, spanY=1, view=com.honeyspace.ui.common.iconview.IconViewImpl{1d2bf1 V.ED..... ......ID 0,0-0,0 #7f0a02ed app:id/icon} - , visibility:0, alpha:1.0, badge:0, icon:nullxnull, iconAlpha:null, iconState:NONE, iconSize:100, forceHideBadge:false, isTransparent:false
04-20 00:48:58.429  3033  3033 I HoneySpace.CellLayout: addItem [0] (0, 0)
04-20 00:48:58.429  3033  3033 I HoneySpace.HoneyFactoryImpl: create honeyInfo=HoneyInfo(parentHoney=m5.e@b2541d0, packageName=null, type=appicon), honeyData=HoneyData(id=-1, data=[app, id:-1 label:null componnet:/#UserHandle{0} badgeCount:0  drag:false iconState:NONE], bundleData=null, savedState=null), context=android.window.WindowContext@86aa72
04-20 00:48:58.429  3033  3033 I HoneySpace.DefaultPlugin: createHoney honeyInfo=HoneyInfo(parentHoney=m5.e@b2541d0, packageName=null, type=appicon) honeyData=HoneyData(id=-1, data=[app, id:-1 label:null componnet:/#UserHandle{0} badgeCount:0  drag:false iconState:NONE], bundleData=null, savedState=null) context=android.window.WindowContext@86aa72
04-20 00:48:58.429  3033  3033 E ThemeUtils: View class com.honeyspace.ui.common.iconview.IconViewImpl is an AppCompat widget that can only be used with a Theme.AppCompat theme (or descendant).
04-20 00:48:58.430  3033  3033 E HoneySpace.BadgeIconDecoratorCreator: NameNotFoundException /#UserHandle{0}
04-20 00:48:58.430  3033  3033 I HoneySpace.CellLayout: addItem [0] (1, 0) width=998, height=273, spanX=1, spanY=1, view=com.honeyspace.ui.common.iconview.IconViewImpl{6cd543f V.ED..... ......ID 0,0-0,0 #7f0a02ed app:id/icon} - , visibility:0, alpha:1.0, badge:0, icon:nullxnull, iconAlpha:null, iconState:NONE, iconSize:100, forceHideBadge:false, isTransparent:false
04-20 00:48:58.430  3033  3033 I HoneySpace.CellLayout: addItem [0] (1, 0)
04-20 00:48:58.430  3033  3033 I HoneySpace.HoneyFactoryImpl: create honeyInfo=HoneyInfo(parentHoney=m5.e@b2541d0, packageName=null, type=appicon), honeyData=HoneyData(id=-1, data=[app, id:-1 label:null componnet:/#UserHandle{0} badgeCount:0  drag:false iconState:NONE], bundleData=null, savedState=null), context=android.window.WindowContext@86aa72
04-20 00:48:58.430  3033  3033 I HoneySpace.DefaultPlugin: createHoney honeyInfo=HoneyInfo(parentHoney=m5.e@b2541d0, packageName=null, type=appicon) honeyData=HoneyData(id=-1, data=[app, id:-1 label:null componnet:/#UserHandle{0} badgeCount:0  drag:false iconState:NONE], bundleData=null, savedState=null) context=android.window.WindowContext@86aa72
04-20 00:48:58.430  3033  3033 E ThemeUtils: View class com.honeyspace.ui.common.iconview.IconViewImpl is an AppCompat widget that can only be used with a Theme.AppCompat theme (or descendant).
04-20 00:48:58.431  3033  3033 E HoneySpace.BadgeIconDecoratorCreator: NameNotFoundException /#UserHandle{0}
04-20 00:48:58.431  3033  3033 I HoneySpace.CellLayout: addItem [0] (2, 0) width=998, height=273, spanX=1, spanY=1, view=com.honeyspace.ui.common.iconview.IconViewImpl{327bfd4 V.ED..... ......ID 0,0-0,0 #7f0a02ed app:id/icon} - , visibility:0, alpha:1.0, badge:0, icon:nullxnull, iconAlpha:null, iconState:NONE, iconSize:100, forceHideBadge:false, isTransparent:false
04-20 00:48:58.431  3033  3033 I HoneySpace.CellLayout: addItem [0] (2, 0)
04-20 00:48:58.431  3033  3033 I HoneySpace.HoneyFactoryImpl: create honeyInfo=HoneyInfo(parentHoney=m5.e@b2541d0, packageName=null, type=appicon), honeyData=HoneyData(id=-1, data=[app, id:-1 label:null componnet:/#UserHandle{0} badgeCount:0  drag:false iconState:NONE], bundleData=null, savedState=null), context=android.window.WindowContext@86aa72
04-20 00:48:58.431  3033  3033 I HoneySpace.DefaultPlugin: createHoney honeyInfo=HoneyInfo(parentHoney=m5.e@b2541d0, packageName=null, type=appicon) honeyData=HoneyData(id=-1, data=[app, id:-1 label:null componnet:/#UserHandle{0} badgeCount:0  drag:false iconState:NONE], bundleData=null, savedState=null) context=android.window.WindowContext@86aa72
04-20 00:48:58.432  3033  3033 E ThemeUtils: View class com.honeyspace.ui.common.iconview.IconViewImpl is an AppCompat widget that can only be used with a Theme.AppCompat theme (or descendant).
04-20 00:48:58.432  3033  3033 E HoneySpace.BadgeIconDecoratorCreator: NameNotFoundException /#UserHandle{0}
04-20 00:48:58.432  3033  3033 I HoneySpace.CellLayout: addItem [0] (3, 0) width=998, height=273, spanX=1, spanY=1, view=com.honeyspace.ui.common.iconview.IconViewImpl{3af7a5 V.ED..... ......ID 0,0-0,0 #7f0a02ed app:id/icon} - , visibility:0, alpha:1.0, badge:0, icon:nullxnull, iconAlpha:null, iconState:NONE, iconSize:100, forceHideBadge:false, isTransparent:false
04-20 00:48:58.433  3033  3033 I HoneySpace.CellLayout: addItem [0] (3, 0)
04-20 00:48:58.433  3033  3033 I HoneySpace.SuggestedAppsAdapter: setCellLayoutItems : position = 0
04-20 00:48:58.433  3033  3033 I HoneySpace.PhoneIconStyleFactory: setDisplayOptionList 450 1
04-20 00:48:58.433  3033  3033 I HoneySpace.PhoneIconStyleFactory: setDisplayOptionList: 450 IconDisplayOption(itemSizeList=[ItemSize(size=0.144, isLand=false, hideLabel=false, adjustSizeByLevel=[{SMALL=-0.012}, {LARGE=0.008}]), ItemSize(size=0.147, isLand=true, hideLabel=false, adjustSizeByLevel=[{SMALL=-0.012}, {LARGE=0.008}]), ItemSize(size=0.152, isLand=false, hideLabel=true, adjustSizeByLevel=[{SMALL=-0.012}, {LARGE=0.008}]), ItemSize(size=0.147, isLand=true, hideLabel=true, adjustSizeByLevel=[{SMALL=-0.012}, {LARGE=0.008}])], iconDrawablePadding=0.003, iconDrawablePaddingLand=0.003, iconTextSize=11.0, iconTextSizeLand=11.0)
04-20 00:48:58.433  3033  3033 I HoneySpace.PhoneIconStyleFactory: setDisplayOptionList: 450 IconDisplayOption(itemSizeList=[ItemSize(size=0.198, isLand=false, hideLabel=false, adjustSizeByLevel=[{SMALL=-0.012}, {LARGE=0.015}]), ItemSize(size=0.198, isLand=true, hideLabel=false, adjustSizeByLevel=[{SMALL=-0.012}, {LARGE=0.008}]), ItemSize(size=0.198, isLand=false, hideLabel=true, adjustSizeByLevel=[{SMALL=-0.012}, {LARGE=0.015}]), ItemSize(size=0.198, isLand=true, hideLabel=true, adjustSizeByLevel=[{SMALL=-0.012}, {LARGE=0.008}])], iconDrawablePadding=0.003, iconDrawablePaddingLand=0.003, iconTextSize=12.3, iconTextSizeLand=12.3)
04-20 00:48:58.433  3033  3033 I HoneySpace.PhoneIconStyleFactory: setDisplayOptionList: 450 IconDisplayOption(itemSizeList=[ItemSize(size=0.164, isLand=false, hideLabel=false, adjustSizeByLevel=[{SMALL=-0.012}, {LARGE=0.015}]), ItemSize(size=0.147, isLand=true, hideLabel=false, adjustSizeByLevel=[{SMALL=-0.012}, {LARGE=0.008}]), ItemSize(size=0.173, isLand=false, hideLabel=true, adjustSizeByLevel=[{SMALL=-0.012}, {LARGE=0.015}]), ItemSize(size=0.172, isLand=true, hideLabel=true, adjustSizeByLevel=[{SMALL=-0.012}, {LARGE=0.008}])], iconDrawablePadding=0.003, iconDrawablePaddingLand=0.003, iconTextSize=11.0, iconTextSizeLand=11.0)
04-20 00:48:58.433  3033  3033 I HoneySpace.PhoneIconStyleFactory: setDisplayOptionList: 450 IconDisplayOption(itemSizeList=[ItemSize(size=0.198, isLand=false, hideLabel=false, adjustSizeByLevel=[{SMALL=-0.012}, {LARGE=0.015}]), ItemSize(size=0.198, isLand=true, hideLabel=false, adjustSizeByLevel=[{SMALL=-0.012}, {LARGE=0.008}]), ItemSize(size=0.198, isLand=false, hideLabel=true, adjustSizeByLevel=[{SMALL=-0.012}, {LARGE=0.015}]), ItemSize(size=0.198, isLand=true, hideLabel=true, adjustSizeByLevel=[{SMALL=-0.012}, {LARGE=0.008}])], iconDrawablePadding=0.003, iconDrawablePaddingLand=0.003, iconTextSize=12.3, iconTextSizeLand=12.3)
04-20 00:48:58.433  3033  3033 I HoneySpace.HoneySpaceManagerContainer: getWindowBounds, key = (android.window.WindowContext, 0)
04-20 00:48:58.433  3033  3033 I HoneySpace.SuggestedAppsAdapter: setCellLayoutItems : position = 1
04-20 00:48:58.433  3033  3033 I HoneySpace.SuggestedAppsAdapter: setCellLayoutItems : position = 2
04-20 00:48:58.433  3033  3033 I HoneySpace.SuggestedAppsAdapter: setCellLayoutItems : position = 3
04-20 00:48:58.433  3033 30156 I HoneySpace.LiveIconSupplier: time tick - -1, CLOCK, 00:47 - , view: #327bfd4, parent: SimpleSuggestedAppsCellLayout#86394a3
04-20 00:48:58.433  3033  3033 I HoneySpace.SimpleSuggestedAppsPot: showAnimation, SimpleSuggestedAppsPot: 186991056
04-20 00:48:58.433  3033  3033 I HoneySpace.SuggestedAppsPot: collect simpleSuggestedAppsAnimationComplete: true
04-20 00:48:58.433  3033  3033 I HoneySpace.SuggestedAppsShowCheckerImpl: setShowCondition: 2, showCondition: 6
04-20 00:48:58.433  3033  3033 I HoneySpace.SuggestedAppsShowCheckerImpl: emitEvent, needToShowWithoutAnimationEvent: true needToShowAnimationEvent: false needToShowAnimationWhenTimeout: false
04-20 00:48:58.433  3033  3033 I HoneySpace.SuggestedAppsPot: collect needToShowWithoutAnimationEvent, true
04-20 00:48:58.433  3033  3033 I HoneySpace.SuggestedAppsShowCheckerImpl: clearShowWithoutAnimationEvent
04-20 00:48:58.433  3033 30156 I HoneySpace.LiveIconSupplier: updateIcon - -1, CLOCK, true - 00:48, view: #327bfd4, parent: SimpleSuggestedAppsCellLayout#86394a3
04-20 00:48:58.433  3033  3033 I HoneySpace.SuggestedAppsShowCheckerImpl: removeShowCondition: 2, showCondition: 4
04-20 00:48:58.433  3033  3033 I HoneySpace.SuggestedAppsShowCheckerImpl: setShowCondition: 16, showCondition: 20
04-20 00:48:58.433  3033  3033 I HoneySpace.SuggestedAppsViewModel: showCurrentSuggestedAppsItems itemCount: 4, suggestedAppsData size: 4
04-20 00:48:58.434  3033  3033 I HoneySpace.SuggestedAppsAdapter: setCellLayoutItems : position = 0
04-20 00:48:58.434  3033  3033 I HoneySpace.SuggestedAppsAdapter: setCellLayoutItems : position = 1
04-20 00:48:58.434  3033  3033 I HoneySpace.LiveIconSupplier: clear java.lang.ref.WeakReference@d8cdc91
04-20 00:48:58.434  3033  3033 I HoneySpace.SuggestedAppsAdapter: setCellLayoutItems : position = 2
04-20 00:48:58.434  3033  3033 I HoneySpace.SuggestedAppsAdapter: setCellLayoutItems : position = 3
04-20 00:48:58.434  3033  3033 I HoneySpace.SuggestedAppsShowCheckerImpl: emitEvent, needToShowWithoutAnimationEvent: false needToShowAnimationEvent: false needToShowAnimationWhenTimeout: false
04-20 00:48:58.434  3033  3033 I HoneySpace.SuggestedAppsPot: collect simpleSuggestedAppsAnimationComplete: false
04-20 00:48:58.434  3033  3033 I HoneySpace.SuggestedAppsShowCheckerImpl: removeShowCondition: 2, showCondition: 20
04-20 00:48:58.434  3033  3287 I HoneySpace.LiveIconSupplier: time tick - -1, CLOCK, 00:47 - , view: #8e113c7, parent: SimpleSuggestedAppsCellLayout#90d39fd
04-20 00:48:58.434  3033  3033 I HoneySpace.RecentsAnimationController: start, isRecentsStarted: true
04-20 00:48:58.434  3033  3033 I HoneySpace.RecentsAnimationManager: onAnimationStart
04-20 00:48:58.434  3033  3287 I HoneySpace.LiveIconSupplier: updateIcon - -1, CLOCK, true - 00:48, view: #8e113c7, parent: SimpleSuggestedAppsCellLayout#90d39fd
04-20 00:48:58.435  3033  3033 I HoneySpace.HoneyScreenManagerImpl: updateBackground, state: com.honeyspace.sdk.RecentScreen$Transition@6e86dc3
04-20 00:48:58.435  3033  3033 I HoneySpace.RecentscreenPot: changeState : com.honeyspace.sdk.RecentScreen$Transition@6e86dc3
04-20 00:48:58.435  3033  3033 I HoneySpace.RecentscreenPot: recent screenAlphaWhileGesture, alpha 0
04-20 00:48:58.435  3033  3033 I HoneySpace.BackgroundManagerImpl: updateProperties[ch=167104910], com.honeyspace.sdk.RecentScreen$Transition@6e86dc3, true
04-20 00:48:58.435  3033  3033 I HoneySpace.BackgroundManagerImpl: updateDimColor[ch=167104910]
04-20 00:48:58.435  3033  3033 I HoneySpace.BackgroundManagerImpl: updated the scrimView's end color : com.honeyspace.sdk.RecentScreen$Transition@6e86dc3
04-20 00:48:58.435  3033  3033 I HoneySpace.BackgroundManagerImpl: updateLastDimAndBlur[ch=167104910]dim[0.1 -> 0.1] ,wBlur[1.0 -> 1.0
04-20 00:48:58.436  3033  3033 I HoneySpace.BackgroundManagerImpl: updateLastState[167104910]: com.honeyspace.sdk.RecentScreen$Normal@6cc54f1 -> com.honeyspace.sdk.RecentScreen$Transition@6e86dc3
04-20 00:48:58.436  3033  3033 I HoneySpace.CapturedBlurViewModel: shouldUpdateWallpaperBlur : needToUpdateWallpaper = false, needToUpdateWallpaperBlur = false, capture = nonNull, isOrientationChanged() = false, isDisplayChanged() = false, isLiveWallpaper = false
04-20 00:48:58.436  3033  3033 I HoneySpace.CapturedBlurViewModel: updateWallpaperBlur() already captured
04-20 00:48:58.436  3033  3033 I HoneySpace.BackgroundManagerImpl: setProgress: com.honeyspace.sdk.RecentScreen$Transition@6e86dc3, p=1.0, ch=167104910, open=true
04-20 00:48:58.436  3033  3033 I ScrimView: setCurrentFlatColor alphaProgress = 0.000, currentFlatColor = 0
04-20 00:48:58.436  3033  3033 I HoneySpace.BackgroundManagerImpl: setProgressToScrimView[ch=167104910]: progress = 1.0, dim = 0.0, currentDimAlpha={8825458=0.0, 167104910=0.0, 181759531=0.1}
04-20 00:48:58.436  3033  3033 I HoneySpace.BackgroundViewAlphaUpdater: setAlpha: 1.0
04-20 00:48:58.436  3033  3033 I HoneySpace.BackgroundManagerImpl: setProgressToBlurView[ch=167104910, st =  com.honeyspace.sdk.RecentScreen$Transition@6e86dc3, progress = 1.0, wb= 1.0]
04-20 00:48:58.436  3033  3033 I HoneySpace.LeashUpdater: showRecentTarget, show leash : Surface(name=Surface(name=Task=5167)/@0x7f28827_transition-leash)/@0x8958cc9, targetView: com.android.internal.policy.DecorView{f122740 V.ED..... R.....ID 0,0-1080,2340 aid=1}[RecentsActivity]
04-20 00:48:58.436  3033  3033 I HoneySpace.LeashUpdater: showAppearedLeashOverlayTarget
04-20 00:48:58.436  3033  3033 I HoneySpace.MultiStateCallback: [58414547] Adding [STATE_RECENT_APPEARED (32768)] to [STATE_START_RECENTS_TRANSITION, STATE_GESTURE_START_RECENTS_SCREEN, STATE_GESTURE_START_BYKEY, STATE_GESTURE_MOVE_START (540932)]
04-20 00:48:58.436  3033  3033 I HoneySpace.FloatingAnimator: playerCount : 1
04-20 00:48:58.436  3033  3033 I HoneySpace.FloatingAnimator: [Player:A(58.436)] create
04-20 00:48:58.436  3033  3033 I HoneySpace.TransitionUtils: [getRotationChange] home-0, app-0
04-20 00:48:58.436  3033  3033 I HoneySpace.TransitionUtils: getWindowTargetBounds: Rect(0, 0 - 1080, 2340)
04-20 00:48:58.436  3033  3033 I HoneySpace.FloatingAnimator: setup no target anim
04-20 00:48:58.436  3033  3033 I HoneySpace.FloatingAnimator: [Player:A(58.436)] catch
04-20 00:48:58.436  3033  3033 I HoneySpace.RectFSpringRelayer: springRelay created, 152420079
04-20 00:48:58.436  3033  3033 I HoneySpace.MultiStateCallback: [58414547] Adding [STATE_RECENTS_ANIMATION_STARTED (16)] to [STATE_START_RECENTS_TRANSITION, STATE_GESTURE_START_RECENTS_SCREEN, STATE_GESTURE_START_BYKEY, STATE_RECENT_APPEARED, STATE_GESTURE_MOVE_START (573700)]
04-20 00:48:58.436  3033  3033 I HoneySpace.RecentsAnimationManager: startRecentEntering
04-20 00:48:58.436  3033  3033 I HoneySpace.GestureAwait: proceed 0
04-20 00:48:58.436  3033  3033 I HoneySpace.FloatingAnimator: [Player:A(58.436)] originalIconShow
04-20 00:48:58.437  3033  3033 I HoneySpace.AnimationSession: collect taskPosition LeashTask(targetView=com.honeyspace.ui.common.taskScene.GestureTaskSceneView{111346d I.ED..... ......ID 6984,0-8064,2340}, cornerRadius=113.0, targetRect=Rect(0, 0 - 1080, 2340), animationProgress=0.0, fullScreenProgress=-0.0, canHidden=false, springRectCallback=b5.j@3e12c85)
04-20 00:48:58.437  3033  3033 I HoneySpace.RecentsAnimationManager: moveTaskByPlayer, rect: Rect(0, 0 - 1080, 2340), progress : 0.0
04-20 00:48:58.437  1327  1327 I SurfaceFlinger: [LayerHierarchy{RequestedLayerState{Input Consumer recents_animation_input_consumer#133 relativeParentId=96128 z=3} no children}] RelativeParent to LayerHierarchy{RequestedLayerState{Task=5641#96128 parentId=102146} 3 children}
04-20 00:48:58.437  3033  3033 I HoneySpace.RectFAnimation: animateToFinalPosition RectF(0.0, 0.0, 1080.0, 2340.0)
04-20 00:48:58.437  3033  9498 I HoneySpace.RecentsAnimationController: enableInputConsumer
04-20 00:48:58.437  3033  3033 W View    : requestLayout() improperly called by TaskView[430591e] during second layout pass: posting in next frame
04-20 00:48:58.437  3033  3033 W View    : requestLayout() improperly called by com.honeyspace.ui.honeypots.tasklist.presentation.TaskIconView{abadd6a IFED..CL. ......ID 265,0-417,152 #7f0a06b4 app:id/task_icon} during second layout pass: posting in next frame
04-20 00:48:58.437  3033  3033 W View    : requestLayout() improperly called by TaskView[641f0da] during second layout pass: posting in next frame
04-20 00:48:58.437  3033  3033 W View    : requestLayout() improperly called by com.honeyspace.ui.honeypots.tasklist.presentation.TaskIconView{b02c25b IFED..CL. ......ID 265,0-417,152 #7f0a06b4 app:id/task_icon} during second layout pass: posting in next frame
04-20 00:48:58.437  3033  3033 W View    : requestLayout() improperly called by TaskView[4836afb] during second layout pass: posting in next frame
04-20 00:48:58.437  3033  3033 W View    : requestLayout() improperly called by com.honeyspace.ui.honeypots.tasklist.presentation.TaskIconView{4c6aaf8 IFED..CL. ......ID 265,0-417,152 #7f0a06b4 app:id/task_icon} during second layout pass: posting in next frame
04-20 00:48:58.437  3033  3033 W View    : requestLayout() improperly called by TaskView[7e6ef65] during second layout pass: posting in next frame
04-20 00:48:58.437  3033  3033 W View    : requestLayout() improperly called by com.honeyspace.ui.honeypots.tasklist.presentation.TaskIconView{47e8bd1 IFED..CL. ......ID 265,0-417,152 #7f0a06b4 app:id/task_icon} during second layout pass: posting in next frame
04-20 00:48:58.437  3033  3033 W View    : requestLayout() improperly called by TaskView[7dc89bf] during second layout pass: posting in next frame
04-20 00:48:58.437  3033  3033 W View    : requestLayout() improperly called by com.honeyspace.ui.honeypots.tasklist.presentation.TaskIconView{d216636 IFED..CL. ......ID 265,0-417,152 #7f0a06b4 app:id/task_icon} during second layout pass: posting in next frame
04-20 00:48:58.437  2509  2562 V ShellRecents: [232248360] RecentsController.setInputConsumerEnabled: set focus to recents
04-20 00:48:58.438  3033  3033 I ScrimView: setCurrentFlatColor alphaProgress = 0.003, currentFlatColor = 1000000
04-20 00:48:58.438  3033  3033 I HoneySpace.BackgroundViewAlphaUpdater: setAlpha: 0.031359017
04-20 00:48:58.438  1831  5125 D SGM:FgCheckThread: TaskStackListener.onTaskFocusChanged(), taskId=5641, focused=false
04-20 00:48:58.438  1831  5125 D SGM:FgCheckThread: TaskStackListener.onTaskFocusChanged(), taskId=5167, focused=true
04-20 00:48:58.439  1831  5125 D SGM:FgCheckThread:   sendRunningComponentFocus(), pkgName: com.sec.android.app.launcher, userId: 0
04-20 00:48:58.440  1831  2063 D SGM:FgCheckThread: onLooperPrepared(), msg: MSG_TASK_FOCUSED, pkgName: com.sec.android.app.launcher, userId: 0
04-20 00:48:58.440  1831  2063 D SGM:FgCheckThread: handleTaskFocused().
04-20 00:48:58.440  1831  2063 D SGM:FgCheckThread: sendFocusOutConditionally() - mPrevNotiPkg: (unknown), userId: 0
04-20 00:48:58.440  1831  2063 D SGM:FgCheckThread:   handleTaskFocused(), pkgName: com.sec.android.app.launcher, userID:0
04-20 00:48:58.440  1831  2063 D SGM:FgCheckThread: handleResume().
04-20 00:48:58.440  1831  2063 D SGM:FgCheckThread: sendFocusOutConditionally() - mPrevNotiPkg: (unknown), userId: 0
04-20 00:48:58.440  1831  2063 D SGM:FgCheckThread:   handleResume(). pkgName: com.sec.android.app.launcher, userId: 0, category: non-game
04-20 00:48:58.440  1831  2063 D SGM:FgCheckThread: notifyFocusInOut(). of pkg: com.sec.android.app.launcher, type: 4, isSecGameFamily: false, userId: 0
04-20 00:48:58.440  1831  2063 D SGM:FgCheckThread:   notifyFocusInOut(). unexpected mPrevNotiType: -1
04-20 00:48:58.440  1831  2063 D SGM:SystemHelper: callReleaseBlock needReleaseBlock:false
04-20 00:48:58.440  1831  5125 D InputDispatcher: Focused application(0): ActivityRecord{264679904 u0 com.sec.android.app.launcher/com.android.quickstep.RecentsActivity t5167}
04-20 00:48:58.440  1831  2293 D AS.MultiSoundManager: mForegroundUid = 10140
04-20 00:48:58.441  2509  2509 I {OngoingActivityController}: onTaskFocusChanged but OA data is empty
04-20 00:48:58.441  1831  5125 D WindowManager: Changing focus from Window{9991900 u0 com.whatsapp/com.whatsapp.Conversation} to Window{eeeaf72 u0 com.sec.android.app.launcher/com.android.quickstep.RecentsActivity} displayId=0 Callers=com.android.server.wm.ActivityTaskManagerService.setLastResumedActivityUncheckLocked:264 com.android.server.wm.ActivityTaskManagerService.setFocusedTask:19 com.android.server.wm.ActivityTaskManagerService.focusTopTask:53 android.app.IActivityTaskManager$Stub.onTransact:2020 
04-20 00:48:58.441  1831  5125 I WindowManager: Cancelling animation restarting=true, leash=Surface(name=Surface(name=de626f1 StatusBar)/@0x9e60724 - animation-leash of insets_animation)/@0x13679d7
04-20 00:48:58.442  1831  5125 I WindowManager: Reparenting to original parent: Surface(name=WindowToken{a45e1fe type=2000 android.os.BinderProxy@d1eff80})/@0x6f6328d, destroy=false, surface=Surface(name=de626f1 StatusBar)/@0x9e60724
04-20 00:48:58.442  3033  3033 I HoneySpace.TiltStackLayoutManager[f5d340e]: onLayoutChildren() => itemCount: 7, childCount: 5
04-20 00:48:58.442  3033  3033 I HoneySpace.TiltStackLayoutManager[f5d340e]: scrollOffset: 3405, floorCenterPosition: 1, movePercent: 0.0, attachRange: 0..4
04-20 00:48:58.442  3033  3033 I HoneySpace.TiltStackLayoutManager[f5d340e]: doLayout() => pos: -1, layout: [949, 245, 1630, 1665], view: TaskView[28167db], childCount: 1
04-20 00:48:58.442  3033  3033 I HoneySpace.TiltStackLayoutManager[f5d340e]: doLayout() => pos: 0, layout: [199, 245, 880, 1665], view: TaskView[4cddb05], childCount: 2
04-20 00:48:58.442  3033  3033 I HoneySpace.TiltStackLayoutManager[f5d340e]: doLayout() => pos: 1, layout: [10, 245, 691, 1665], view: TaskView[269216d], childCount: 3
04-20 00:48:58.442  3033  3033 I HoneySpace.TiltStackLayoutManager[f5d340e]: doLayout() => pos: 2, layout: [-169, 245, 511, 1665], view: TaskView[24c2a2], childCount: 4
04-20 00:48:58.442  3033  3033 I HoneySpace.TiltStackLayoutManager[f5d340e]: doLayout() => pos: 3, layout: [-350, 245, 330, 1665], view: TaskView[96fecd], childCount: 5
04-20 00:48:58.442  1831  5125 I WindowManager: Reparenting to leash, surface=Surface(name=de626f1 StatusBar)/@0x9e60724, leashParent=Surface(name=WindowToken{a45e1fe type=2000 android.os.BinderProxy@d1eff80})/@0x6f6328d
04-20 00:48:58.442  1327  1383 I SurfaceFlinger: id=102147 createSurf, flag=24000, Surface(name=de626f1 StatusBar)/@0x9e60724 - animation-leash of insets_animation#102147
04-20 00:48:58.442  2491  2943 D SatelliteController: isInCarrierRoamingNbIotNtn: satellite is disabled
04-20 00:48:58.444  2752  2752 I EPDG -- SIM0 [SMARTCELLULAR]: onSignalStrengthsChanged: SignalStrength:{mCdma=Invalid,mGsm=Invalid,mWcdma=Invalid,mTdscdma=Invalid,mLte=CellSignalStrengthLte: rssi=-97 rsrp=-97 rsrq=-11 rssnr=6 cqiTableIndex=1 cqi=2147483647 ta=2147483647 level=4 parametersUseForLevel=0,mNr=Invalid,SignalBarInfo{ lteLevel=4 nrLevel=4 },rat=14,primary=CellSignalStrengthLte}
04-20 00:48:58.444  3033  3033 I HoneySpace.TiltStackLayoutManager[49a74d1]: onLayoutChildren() => itemCount: 7, childCount: 5
04-20 00:48:58.444  3033  3033 I HoneySpace.TiltStackLayoutManager[49a74d1]: scrollOffset: 3405, floorCenterPosition: 1, movePercent: 0.0, attachRange: 0..4
04-20 00:48:58.444  2752  3852 I EPDG -- SIM0 [SMARTCELLULAR]: lastLteRSRP is -96 currentLteRSRP is -97 lastLteRSRQ is -12 currentLteRSRQ is -11 lastLteSNR is 6 currentLteSNR is 6
04-20 00:48:58.444  3033  3033 I HoneySpace.TiltStackLayoutManager[49a74d1]: doLayout() => pos: -1, layout: [949, 245, 1630, 1665], view: TaskView[430591e], childCount: 1
04-20 00:48:58.444  3033  3033 I HoneySpace.TiltStackLayoutManager[49a74d1]: doLayout() => pos: 0, layout: [199, 245, 880, 1665], view: TaskView[641f0da], childCount: 2
04-20 00:48:58.444  3033  3033 I HoneySpace.TiltStackLayoutManager[49a74d1]: doLayout() => pos: 1, layout: [10, 245, 691, 1665], view: TaskView[4836afb], childCount: 3
04-20 00:48:58.443  1831  5125 D WindowManager: makeSurface duration=1 leash=Surface(name=Surface(name=de626f1 StatusBar)/@0x9e60724 - animation-leash of insets_animation)/@0xa0d85e0
04-20 00:48:58.445  3033  3033 I HoneySpace.TiltStackLayoutManager[49a74d1]: doLayout() => pos: 2, layout: [-169, 245, 511, 1665], view: TaskView[7e6ef65], childCount: 4
04-20 00:48:58.445  3033  5043 I VRI[RecentsActivity]@8d94f7d: mWNT: t=0xb40000765632ec80 mBlastBufferQueue=0xb4000076c514d800 fn= 3 HdrRenderState mRenderHdrSdrRatio=1.0 caller= com.android.systemui.shared.launcher.ViewRootImplCompat.mergeWithNextTransaction:4 com.honeyspace.transition.utils.SurfaceTransactionApplier.scheduleApply$lambda$1:16 com.honeyspace.transition.utils.SurfaceTransactionApplier.b:0 
04-20 00:48:58.445  3033  3033 I HoneySpace.TiltStackLayoutManager[49a74d1]: doLayout() => pos: 3, layout: [-350, 245, 330, 1665], view: TaskView[7dc89bf], childCount: 5
04-20 00:48:58.445  3033  5043 I VRI[RecentsActivity]@8d94f7d: mWNT: t=0xb40000765632ee00 mBlastBufferQueue=0xb4000076c514d800 fn= 3 HdrRenderState mRenderHdrSdrRatio=1.0 caller= com.android.systemui.shared.launcher.ViewRootImplCompat.mergeWithNextTransaction:4 com.honeyspace.transition.utils.SurfaceTransactionApplier.scheduleApply$lambda$1:16 com.honeyspace.transition.utils.SurfaceTransactionApplier.b:0 
04-20 00:48:58.445  1831  5125 D InsetsSourceProvider: updateControlForTarget: control=InsetsSourceControl: {65150000 mType=statusBars initiallyVisible mSurfacePosition=Point(0, 0) mInsetsHint=Insets{left=0, top=80, right=0, bottom=0}}, target=Window{eeeaf72 u0 com.sec.android.app.launcher/com.android.quickstep.RecentsActivity}, from=com.android.server.wm.InsetsStateController.onControlTargetChanged:83 com.android.server.wm.InsetsPolicy.updateBarControlTarget:212 com.android.server.wm.DisplayPolicy.updateSystemBarAttributes:262 com.android.server.wm.WindowManagerService.updateFocusedWindowLocked:372 com.android.server.wm.ActivityTaskManagerService.setLastResumedActivityUncheckLocked:264 
04-20 00:48:58.445  3033  5043 I VRI[RecentsActivity]@8d94f7d: mWNT: t=0xb40000765632ef80 mBlastBufferQueue=0xb4000076c514d800 fn= 3 HdrRenderState mRenderHdrSdrRatio=1.0 caller= com.android.systemui.shared.launcher.ViewRootImplCompat.mergeWithNextTransaction:4 com.honeyspace.transition.utils.SurfaceTransactionApplier.scheduleApply$lambda$1:16 com.honeyspace.transition.utils.SurfaceTransactionApplier.b:0 
04-20 00:48:58.446  1831  5125 D WindowManager: updateSystemBarAttributes: displayId=0, focusedCanBeNavColorWin=false, win=Window{eeeaf72 u0 com.sec.android.app.launcher/com.android.quickstep.RecentsActivity}, navColorWin=Window{fb5d225 u0 InputMethod}, caller=com.android.server.wm.WindowManagerService.updateFocusedWindowLocked:372 com.android.server.wm.ActivityTaskManagerService.setLastResumedActivityUncheckLocked:264 com.android.server.wm.ActivityTaskManagerService.setFocusedTask:19 
04-20 00:48:58.446  1276  5454 I mtkpower_client: perf_lock_rel, hdl:112300, tid:5454
04-20 00:48:58.446  1831  5125 D WindowManager: updateSystemBarAttributes, bhv=2, apr=0, statusBarAprRegions=[AppearanceRegion{LIGHT_STATUS_BARS bounds=[0,0][1080,2340]}], requestedVisibilities=-9
04-20 00:48:58.446  2509  2509 D NavigationBar: onSystemBarAttributesChanged() -  displayId:0, appearance:0, packageName: com.sec.android.app.launcher, navbarColorManagedByIme:true
04-20 00:48:58.446  1831  5125 V SystemKeyManager: updateFocusedWindow() is called, com.sec.android.app.launcher/com.android.quickstep.RecentsActivity
04-20 00:48:58.446  1281  1364 I libPowerHal: [perfLockRel] hdl:112300, idx:1
04-20 00:48:58.447  1276  5454 I HYPER-HAL: [RequestManager.cpp]releaseLocked(): Released ID : 1723321
04-20 00:48:58.447  1281  1364 I libPowerHal: [setClusterFreq]  set cpu_ctrl cpufreq: -1 -1 -1 -1 
04-20 00:48:58.447  3033 30606 I HoneySpace.SystemUiRepository: systemUiFlags: ime_visible|awake|back_dismiss_ime
04-20 00:48:58.447  1831  2052 V InputMethodManagerService: IME window vis: 0 active: 0 visible: 0 displayId: 0
04-20 00:48:58.448  1831  2052 D InputMethodManagerService: isImeSwitcherDisabledPackage : false
04-20 00:48:58.448  1327  1327 E SurfaceFlinger: alpha changed 0.000 -> 1.000 - Surface(name=Task=5167)/@0x7f28827_transition-leash#102145
04-20 00:48:58.448  1327  1327 E SurfaceFlinger: alpha changed 0.000 -> 1.000 - Surface(name=TransientLaunchOverlayToken{f61bfc7 token=android.os.BinderProxy@69ffbe1})/@0x8522ae6_transition-leash#102144
04-20 00:48:58.448  1327  1327 I SurfaceFlinger: [LayerHierarchy{RequestedLayerState{Surface(name=TransientLaunchOverlayToken{f61bfc7 token=android.os.BinderProxy@69ffbe1})/@0x8522ae6_transition-leash#102144 parentId=102143 relativeParentId=102145 z=1} 1 children}] RelativeParent to LayerHierarchy{RequestedLayerState{Surface(name=Task=5167)/@0x7f28827_transition-leash#102145 parentId=102143 z=2} 2 children}
04-20 00:48:58.448  1327  1327 I SurfaceFlinger: [Surface(name=de626f1 StatusBar)/@0x9e60724 - animation-leash of insets_animation#102147] attach to parent LayerHierarchy{RequestedLayerState{WindowToken{a45e1fe type=2000 android.os.BinderProxy@d1eff80}#98 parentId=17} 2 children}
04-20 00:48:58.448  2509  2509 D NavigationBar: setImeWindowStatus displayId=0 vis=0 backDisposition=0 showImeSwitcher=false isImeVisible=false
04-20 00:48:58.448  5000  5000 I HBD     : MultiModalSwitcher onAppPrivateCommand needsToShowImeSwitcher : false 
04-20 00:48:58.449  5000  5000 I HBD     : m HoneyVoice setNavigationBarShortcut null
04-20 00:48:58.449  2509  2509 D Navbar.Store: handleEvent(0) OnNavBarIconHintChanged(iconHint=0) [Module] NavigationBar
04-20 00:48:58.449  2509  2509 D Navbar.Store: --[Band]SETUPWIZARD_PACK_SET_NAVBAR_ICON_HINT
04-20 00:48:58.449  2509  2509 D Navbar.Store: --[Band]VIS_PACK_REEVAULATE_NAVBAR
04-20 00:48:58.449  2509  2509 D Navbar.Store: ----apply(0) NavBarStoreAction$ReevaluateNavBar
04-20 00:48:58.450  3033  3033 I HoneySpace.ListTaskViewHolder: loadThumbnail: tasks = [[id=5641 windowingMode=1 user=0 lastActiveTime=353750569] null], 
04-20 00:48:58.450  3033  3033 I HoneySpace.ListTaskViewHolder:  position = 0, taskView = TaskView[28167db], currentIds: [5641], requestedIds: [5641]
04-20 00:48:58.450  2509  2509 D NavBarView: disableBack=false (isBackDismissIme=false, handlingGestures=false, disabledFlagBack=false, isBottomGesture=false, isImeRenderingNavButtons=false)
04-20 00:48:58.450  3033  3033 I HoneySpace.DynamicSceneDrawingBag: sceneBoundInfo: scene: (v=[1.0], h=[1.0]), divider: (v=[0.0], h=[0.0]), sceneType: SingleType, fitType: [AutoFitType], fitScale: [1.0]
04-20 00:48:58.450  3033  3033 I HoneySpace.RecentAdapter[cf2200a]: id: 5641, srcShrink: [RectF(0.0, 80.0, 1080.0, 2205.0)], destShrink: [RectF(0.0, 0.0, 681.0, 1341.0)], destShrinkBg: [RectF(0.0, 0.0, 681.0, 1341.0)]
04-20 00:48:58.451  3033  3033 I HoneySpace.ListTaskViewHolder: loadIconAndLabel: tasks = [[id=5641 windowingMode=1 user=0 lastActiveTime=353750569] null],
04-20 00:48:58.451  3033  3033 I HoneySpace.ListTaskViewHolder:  position = 0, taskView = TaskView[28167db], currentIds: [5641], requestedIds: [5641]
04-20 00:48:58.451  3033  3033 I HoneySpace.TaskView: setTaskLabel, WhatsApp
04-20 00:48:58.451  3033  3033 I HoneySpace.ListTaskViewHolder: loadThumbnail: tasks = [[id=5632 windowingMode=1 user=0 lastActiveTime=352511401] null], 
04-20 00:48:58.451  3033  3033 I HoneySpace.ListTaskViewHolder:  position = 2, taskView = TaskView[269216d], currentIds: [5632], requestedIds: [5632]
04-20 00:48:58.451  3033  3033 I HoneySpace.DynamicSceneDrawingBag: sceneBoundInfo: scene: (v=[1.0], h=[1.0]), divider: (v=[0.0], h=[0.0]), sceneType: SingleType, fitType: [AutoFitType], fitScale: [1.0]
04-20 00:48:58.451  3033  3033 I HoneySpace.RecentAdapter[cf2200a]: id: 5632, srcShrink: [RectF(0.0, 40.0, 540.0, 1102.5)], destShrink: [RectF(0.0, 0.0, 681.0, 1341.0)], destShrinkBg: [RectF(0.0, 0.0, 681.0, 1341.0)]
04-20 00:48:58.451  3033  3033 I HoneySpace.ListTaskViewHolder: loadIconAndLabel: tasks = [[id=5632 windowingMode=1 user=0 lastActiveTime=352511401] null],
04-20 00:48:58.451  3033  3033 I HoneySpace.ListTaskViewHolder:  position = 2, taskView = TaskView[269216d], currentIds: [5632], requestedIds: [5632]
04-20 00:48:58.451  3033  3033 I HoneySpace.TaskView: setTaskLabel, Internet
04-20 00:48:58.451  3033  3033 I HoneySpace.ListTaskViewHolder: loadThumbnail: tasks = [[id=5658 windowingMode=1 user=0 lastActiveTime=353705443] null], 
04-20 00:48:58.451  3033  3033 I HoneySpace.ListTaskViewHolder:  position = 1, taskView = TaskView[4cddb05], currentIds: [5658], requestedIds: [5658]
04-20 00:48:58.451  2509  2509 D Navbar.Store: handleEvent(0) OnUpdateSysUiStateFlag(noArguments=true) [Module] SamsungNavigationBarView
04-20 00:48:58.451  2509  2509 D Navbar.Store: --[Band]GESTURE_PACK_UPDATE_SYSTEMUI_STATE_FLAG
04-20 00:48:58.451  2509  2509 D Navbar.Store: --[Band] (afterAction) GESTURE_PACK_UPDATE_SYSTEMUI_STATE_FLAG
04-20 00:48:58.452  1327  1327 I BufferQueueProducer: [FramebufferSurface](this:0xb400007102ef0370,id:-1,api:1,p:1327,c:1327) queueBuffer: fps=1.90 dur=1050.51 max=817.87 min=232.63
04-20 00:48:58.452  3033  3033 I HoneySpace.DynamicSceneDrawingBag: sceneBoundInfo: scene: (v=[1.0], h=[1.0]), divider: (v=[0.0], h=[0.0]), sceneType: SingleType, fitType: [AutoFitType], fitScale: [1.0]
04-20 00:48:58.453  3033  3033 I HoneySpace.RecentAdapter[cf2200a]: id: 5658, srcShrink: [RectF(0.0, 40.0, 540.0, 1102.5)], destShrink: [RectF(0.0, 0.0, 681.0, 1341.0)], destShrinkBg: [RectF(0.0, 0.0, 681.0, 1341.0)]
04-20 00:48:58.453  3033  3033 I HoneySpace.ListTaskViewHolder: loadIconAndLabel: tasks = [[id=5658 windowingMode=1 user=0 lastActiveTime=353705443] null],
04-20 00:48:58.453  3033  3033 I HoneySpace.ListTaskViewHolder:  position = 1, taskView = TaskView[4cddb05], currentIds: [5658], requestedIds: [5658]
04-20 00:48:58.453  3033  3033 I HoneySpace.TaskView: setTaskLabel, Claude
04-20 00:48:58.453  3033  3033 I HoneySpace.ListTaskViewHolder: loadIconAndLabel: tasks = [[id=5629 windowingMode=1 user=0 lastActiveTime=352418624] null],
04-20 00:48:58.453  3033  3033 I HoneySpace.ListTaskViewHolder:  position = 3, taskView = TaskView[24c2a2], currentIds: [5629], requestedIds: [5629]
04-20 00:48:58.453  3033  3033 I HoneySpace.TaskView: setTaskLabel, Instagram
04-20 00:48:58.453  3033  3033 I HoneySpace.ListTaskViewHolder: loadThumbnail: tasks = [[id=5629 windowingMode=1 user=0 lastActiveTime=352418624] null], 
04-20 00:48:58.453  3033  3033 I HoneySpace.ListTaskViewHolder:  position = 3, taskView = TaskView[24c2a2], currentIds: [5629], requestedIds: [5629]
04-20 00:48:58.453  3033  3033 I HoneySpace.DynamicSceneDrawingBag: sceneBoundInfo: scene: (v=[1.0], h=[1.0]), divider: (v=[0.0], h=[0.0]), sceneType: SingleType, fitType: [AutoFitType], fitScale: [1.0]
04-20 00:48:58.453  3033  3033 I HoneySpace.RecentAdapter[cf2200a]: id: 5629, srcShrink: [RectF(0.0, 40.0, 540.0, 1102.5)], destShrink: [RectF(0.0, 0.0, 681.0, 1341.0)], destShrinkBg: [RectF(0.0, 0.0, 681.0, 1341.0)]
04-20 00:48:58.453  3033  3033 I HoneySpace.ListTaskViewHolder: loadIconAndLabel: tasks = [[id=5642 windowingMode=1 user=0 lastActiveTime=345624099] null],
04-20 00:48:58.453  3033  3033 I HoneySpace.ListTaskViewHolder:  position = 4, taskView = TaskView[96fecd], currentIds: [5642], requestedIds: [5642]
04-20 00:48:58.453  3033  3033 I HoneySpace.TaskView: setTaskLabel, Settings
04-20 00:48:58.454  1327  1327 D SurfaceFlinger: Display 4627039422300187648 HWC layers:
04-20 00:48:58.454  1327  1327 D SurfaceFlinger:        DEVICE |           10776072989650 | 00000100 | RGBA_8888    |    0.0    0.0 1080.0 2340.0 |    0    0 1080 2340 | Wallpaper BBQ wrapper 5_system#93 (17)
04-20 00:48:58.454  1327  1327 D SurfaceFlinger:        DEVICE |           13026635831938 | 00002100 | RGBA_8888    |    0.0    0.0 1080.0 2340.0 |    0    0 1080 2340 | com.sec.android.app.launcher/com.and[...]ickstep.RecentsActivity$_3033#102142 (3)
04-20 00:48:58.454  1327  1327 D SurfaceFlinger:        DEVICE |           13026635831941 | 00002100 | RGBA_8888    |    0.0    0.0 1080.0 2340.0 |    0    0 1080 2340 | RecentsTransitionOverlay$_3033#137 (36144)
04-20 00:48:58.454  1327  1327 D SurfaceFlinger:        CLIENT |           21642340204821 | 00002102 | RGBA_8888    |    0.0    0.0 1080.0 2340.0 |    0    0 1080 2340 | com.whatsapp/com.whatsapp.Conversation$_5039#102132 (156)
04-20 00:48:58.454  1327  1327 D SurfaceFlinger:        CLIENT |           21474836484807 | 00002100 | RGBA_8888    |    0.0    0.0 1080.0 2260.0 |    0   80 1080 2340 | InputMethod$_5000#102136 (9)
04-20 00:48:58.454  1327  1327 D SurfaceFlinger:        DEVICE |           10776073017760 | 00002100 | RGBA_8888    |    0.0    0.0 1080.0   80.0 |    0    0 1080   80 | Status
04-20 00:48:58.454  1327  1327 D SurfaceFlinger: Bar$_2509#105 (177327)
04-20 00:48:58.454  1327  1327 D SurfaceFlinger:        DEVICE |           10776073017747 | 00002100 | RGBA_8888    |    0.0    0.0 1080.0  135.0 |    0 2205 1080 2340 | NavigationBar0$_2509#100 (162524)
04-20 00:48:58.454  1327  1327 D SurfaceFlinger: 
04-20 00:48:58.454  3033  3033 I HoneySpace.ListTaskViewHolder: loadThumbnail: tasks = [[id=5642 windowingMode=1 user=0 lastActiveTime=345624099] null], 
04-20 00:48:58.454  3033  3033 I HoneySpace.ListTaskViewHolder:  position = 4, taskView = TaskView[96fecd], currentIds: [5642], requestedIds: [5642]
04-20 00:48:58.454  3033  3033 I HoneySpace.DynamicSceneDrawingBag: sceneBoundInfo: scene: (v=[1.0], h=[1.0]), divider: (v=[0.0], h=[0.0]), sceneType: SingleType, fitType: [AutoFitType], fitScale: [1.0]
04-20 00:48:58.455  3033  3033 I HoneySpace.RecentAdapter[cf2200a]: id: 5642, srcShrink: [RectF(0.0, 40.0, 540.0, 1102.5)], destShrink: [RectF(0.0, 0.0, 681.0, 1341.0)], destShrinkBg: [RectF(0.0, 0.0, 681.0, 1341.0)]
04-20 00:48:58.455  3033  3033 I HoneySpace.WallpaperAnimator: startWallpaperAnimation, isOpen-false, from:1.3, to:1.0, duration:250
04-20 00:48:58.455  3033  3033 I HoneySpace.WallpaperAnimator: wallpaper animation start [48081054]
04-20 00:48:58.455  3033  3033 I HoneySpace.AnimationSession: collect taskPosition LeashTask(targetView=com.honeyspace.ui.common.taskScene.GestureTaskSceneView{111346d I.ED..... ......ID 6984,0-8064,2340}, cornerRadius=100.51728, targetRect=Rect(225, 70 - 1217, 2185), animationProgress=0.24116498, fullScreenProgress=-0.0, canHidden=false, springRectCallback=b5.j@9f51f7f)
04-20 00:48:58.455  3033  3033 I HoneySpace.RecentsAnimationManager: moveTaskByPlayer, rect: Rect(225, 70 - 1217, 2185), progress : 0.24116498
04-20 00:48:58.456  3033  3033 I HoneySpace.RectFAnimation: animateToFinalPosition RectF(225.0, 70.0, 1217.0, 2185.0)
04-20 00:48:58.456  3033  3033 I HoneySpace.RecentsAnimationController: setWillForceFinishToHome: false
04-20 00:48:58.456  3033  3033 I HoneySpace.RecentsAnimationController: setWillFinishToHome true
04-20 00:48:58.456  3033  3134 I HoneySpace.TopTaskSource: onTaskFocusChanged(): taskId = 5167
04-20 00:48:58.457  3033  3131 I HoneySpace.TaskbarEventTracker: invokeEvent() called with: event = SystemUiStateChanged(stateFlags=68988174336)
04-20 00:48:58.457  3033  3878 I HoneySpace.SystemUiRepository: systemUiFlags: awake
04-20 00:48:58.457  3033  3033 I ScrimView: setCurrentFlatColor alphaProgress = 0.005, currentFlatColor = 1000000
04-20 00:48:58.457  3033  3033 I HoneySpace.BackgroundViewAlphaUpdater: setAlpha: 0.054496735
04-20 00:48:58.459  3033  5042 I VRI[RecentsActivity]@8d94f7d: mWNT: t=0xb4000075ba35c400 mBlastBufferQueue=0xb4000076c514d800 fn= 4 HdrRenderState mRenderHdrSdrRatio=1.0 caller= com.android.systemui.shared.launcher.ViewRootImplCompat.mergeWithNextTransaction:4 com.honeyspace.transition.utils.SurfaceTransactionApplier.scheduleApply$lambda$1:16 com.honeyspace.transition.utils.SurfaceTransactionApplier.b:0 
04-20 00:48:58.459  1327  1327 I SurfaceFlinger: [LayerHierarchy{RequestedLayerState{Input Consumer recents_animation_input_consumer#133 relativeParentId=96128 z=3} no children}] RelativeParent to LayerHierarchy{RequestedLayerState{Task=5641#96128 parentId=102146} 3 children}
04-20 00:48:58.459  1327  1327 I SurfaceFlinger: [LayerHierarchy{RequestedLayerState{de626f1 StatusBar#99 parentId=102147} 1 children}] reparent to LayerHierarchy{RequestedLayerState{Surface(name=de626f1 StatusBar)/@0x9e60724 - animation-leash of insets_animation#102147 parentId=98} 1 children}
04-20 00:48:58.459  1327  1327 I SurfaceFlinger: [LayerHierarchy{RequestedLayerState{Surface(name=de626f1 StatusBar)/@0x9e60724 - animation-leash of insets_animation#102134} no children}] reparent to OffscreenRoot
