--------- beginning of main
04-20 01:55:22.290  7588  7602 E ashmem  : Pinning is deprecated since Android Q. Please use trim or other methods.
04-20 01:55:22.290  7588  7588 E SEMS:Social_13.8.52: [GLog][main][GroupDBHelper] Instance null
04-20 01:55:22.314  7588  7588 I SEMS:Social_13.8.52: [DataSyncLog][main][DataSyncProvider] onCreate
04-20 01:55:22.326  7588  7588 I SEMS:Social_13.8.52: [BLog][main][BuddyProvider] onCreate
04-20 01:55:22.361  7588  7588 I SEMS:LocalContact_13.0.02: [ContactLog][main][MobileServiceContactHash] registerDeviceApi
04-20 01:55:22.362  7588  7588 I SEMS:LocalContact_13.0.02: [ContactLog][main][MobileServiceContactHash] registerDeviceApi complete
04-20 01:55:22.380  7588  7588 I SEMS:DataAdapter_13.8.52: [][main][ServerInterface] isEnforceStgServer:false
04-20 01:55:22.385  7588  7588 I SEMS:AgentLog_13.8.52: [][main][MobileServiceApplication] onCreate
04-20 01:55:22.386  7588  7588 I DIAGMON_SDK[605079]: DiagMonAgent type: 2
04-20 01:55:22.386  7588  7588 I DIAGMON_SDK[605079][sebzp6l7wd] : generated SR object
04-20 01:55:22.394  7588  7588 I SEMS:Common_13.8.52: [CommonLog][main][MobileServiceCommon] init
04-20 01:55:22.394  7588  7588 I SEMS:Common_13.8.52: [CommonLog][main][SALogger] Init SamsungAnalytics Start
04-20 01:55:22.395  7588  7588 I SamsungAnalytics605079: Tracker start:6.05.079
04-20 01:55:22.397  7588  7588 I SEMS:Common_13.8.52: [CommonLog][main][SALogger] Init SamsungAnalytics Completed
04-20 01:55:22.397  7588  7588 I SEMS:DataAdapter_13.8.52: [][main][MobileServiceDataAdapter] init
04-20 01:55:22.400  7588  7588 I SEMS:DataAdapter_13.8.52: [][main][ServerInterface] isEnforceStgServer:false
04-20 01:55:22.400  7588  7588 I SEMS:SupportedService_13.8.52: [][main][MobileServiceSupportedService] init
04-20 01:55:22.400  7588  7588 I SEMS:SupportedService_13.8.52: [][main][MobileServiceState] init
04-20 01:55:22.400  7588  7588 I SEMS:SupportedService_13.8.52: [][main][MobileServiceState] registerServiceState done
04-20 01:55:22.401  7588  7610 I SamsungAnalytics605079: register setting status
04-20 01:55:22.404  7588  7588 I SEMS:SupportedService_13.8.52: [][main][ServerDomainPolicy] updateServerDomain
04-20 01:55:22.404  7588  7588 I SEMS:SupportedService_13.8.52: [][main][SettingPolicy] loadSetting
04-20 01:55:22.405  7588  7588 I SEMS:Registration_13.8.52: [AgreementLog][main][MobileServiceAgreement] init.
04-20 01:55:22.408  7588  7588 I SEMS:Registration_13.8.52: [AuthLog][main][ServiceNumber] init
04-20 01:55:22.409  7588  7615 I SEMS:Registration_13.8.52: [AgreementLog][RxCachedThreadScheduler-3][MobileServiceAgreement] cancelTermsCheckJobService
04-20 01:55:22.409  7588  7613 I SEMS:SupportedService_13.8.52: [][RxCachedThreadScheduler-2][ServerDomainPolicy] updateServerInterface: SocialServerDomainAddress  empty server domain
04-20 01:55:22.409  7588  7613 I SEMS:DataAdapter_13.8.52: [][RxCachedThreadScheduler-2][NetworkManager] removeAllSsfClient
04-20 01:55:22.410  7588  7615 I SEMS:Registration_13.8.52: [AgreementLog][RxCachedThreadScheduler-3][MobileServiceAgreement] cancelTermsCheckJobService completed
04-20 01:55:22.410  7588  7613 I SEMS:SupportedService_13.8.52: [][RxCachedThreadScheduler-2][ServerDomainPolicy] updateServerInterface: ConsentServerDomainAddress  empty server domain
04-20 01:55:22.411  1539  2060 D AAL     : onALIChanged: 10 -> 4
04-20 01:55:22.412  7588  7616 I SEMS:SupportedService_13.8.52: [][RxCachedThreadScheduler-4][SettingPolicy] updateSettingValues: {CalendarCleanDuplicateInterval=null}
04-20 01:55:22.412  7588  7616 I SEMS:SupportedService_13.8.52: [][RxCachedThreadScheduler-4][SettingPolicy] updateSettingValues: Setting {CalendarCleanDuplicateInterval=null}
04-20 01:55:22.412  7588  7616 I SEMS:SupportedService_13.8.52: [][RxCachedThreadScheduler-4][MobileServiceSupportedService] load success
04-20 01:55:22.441  7588  7612 I SEMS:Common_13.8.52: [CommonLog][RxCachedThreadScheduler-1][BaseSamsungAccountService] guid : q0■■■■■jd■, at : Gb■■■■■kS■, issuedTime : 1776485780270
04-20 01:55:22.443  7588  7612 I SEMS:Common_13.8.52: [CommonLog][RxCachedThreadScheduler-1][NumberUtils] getIso3CCFromMCC : mcc = 404 / countryCode = IND
04-20 01:55:22.444  7588  7612 I SEMS:SupportedService_13.8.52: [][RxCachedThreadScheduler-1][MobileServiceSocialPolicy] MobileServiceSocialPolicy created
04-20 01:55:22.444  7588  7588 I SEMS:Registration_13.8.52: [PushLog][main][SmpManager] Instance created
04-20 01:55:22.444  7588  7588 I SEMS:Registration_13.8.52: [PushLog][main][SmpManager] registerTokenCallback
04-20 01:55:22.444  7588  7588 I SEMS:Registration_13.8.52: [AuthLog][main][ServiceNumber] VERSION : 13.8.52.5
04-20 01:55:22.444  7588  7588 I SEMS:Registration_13.8.52: [AgreementLog][main][MobileServiceAgreement] lateInit
04-20 01:55:22.444  7588  7588 I SEMS:Registration_13.8.52: [AgreementLog][main][AgreementPao] getPreference : key = force_reagree_for_korea_model / defaultValue = true / ret = false
04-20 01:55:22.444  7588  7588 I SEMS:Registration_13.8.52: [ActivateLog][main][MobileServiceActivate] lateInit
04-20 01:55:22.446  7588  7588 I SEMS:Common_13.8.52: [CommonLog][main][LocalBroadcastUtil] register
04-20 01:55:22.447  7588  7588 I SEMS:Registration_13.8.52: [ActivateLog][main][SocialActivateAccountBasedImpl] In reactivation check time, don't request reactivation
04-20 01:55:22.451  7588  7617 E SEMS:Social_13.8.52: [BLog][RxComputationThreadPool-1][ConditionRepositoryImpl] checkLegacy error
04-20 01:55:22.452  7588  7617 I SEMS:Social_13.8.52: [BLog][RxComputationThreadPool-1][AccountBuddy] contact observer not scheduled
04-20 01:55:22.453  7588  7588 I SEMS:Social_13.8.52: [SLog][main][DateTakenMigrationTask] start checkAndRequestMigration : true
04-20 01:55:22.453  7588  7588 I SEMS:Social_13.8.52: [SLog][main][LastModifierMigrationTask] start checkAndRequestMigration : true
04-20 01:55:22.454  7588  7588 I SEMS:LocalContact_13.0.02: [ContactLog][main][MobileServiceContactHash] initForSep
04-20 01:55:22.456  7588  7588 I SEMS:LocalContact_13.0.02: [ContactLog][main][ContactHashObserverService] scheduleJob
04-20 01:55:22.457  7588  7617 I SEMS:Social_13.8.52: [BLog][RxComputationThreadPool-1][MyProfileObserverService] schedule success
04-20 01:55:22.458  7588  7617 I SEMS:Registration_13.8.52: [PushLog][RxComputationThreadPool-1][SmpManager] registerMessageCallback - 9
04-20 01:55:22.458  7588  7617 I Policy_13.0.02: [RxComputationThreadPool-1][GetServicePolicyUseCase] getServicePolicy
04-20 01:55:22.458  7588  7588 I SEMS:LocalContact_13.0.02: [ContactLog][main][ContactHashObserverService] schedule result: true
04-20 01:55:22.462  7588  7588 I SEMS:LocalContact_13.0.02: [ContactLog][main][PreferenceSourceImpl] getContactLastUpdatedTime: 1776582593673
04-20 01:55:22.463  7588  7588 I SEMS:LocalContact_13.0.02: [ContactLog][main][MobileServiceContactHash] enqueueUpdateContactHashWorkerOnlyFirst complete
04-20 01:55:22.463  7588  7588 I SEMS:Social_13.8.52: [SAFLog][main][MobileServiceSAFamily] init.
04-20 01:55:22.463  7588  7588 I SEMS:Social_13.8.52: [CapabilityLog][main][MobileServiceCapabilityImpl] init.
04-20 01:55:22.463  7588  7588 I SEMS:Common_13.8.52: [CommonLog][main][PeriodicJobUtil] scheduleJob
04-20 01:55:22.464  7588  7588 I SEMS:Common_13.8.52: [CommonLog][main][PeriodicJobUtil] job service was already scheduled : 21600000
04-20 01:55:22.464  7588  7588 I SEMS:Social_13.8.52: [][main][MobileServiceSocialApplication] init start
04-20 01:55:22.467  7588  7588 I SEMS:Registration_13.8.52: [PushLog][main][SmpManager] registerMessageCallback - 7
04-20 01:55:22.467  7588  7588 I SEMS:Registration_13.8.52: [PushLog][main][SmpManager] registerMessageCallback - 8
04-20 01:55:22.467  7588  7588 I SEMS:Social_13.8.52: [SLog][main][ShareCommonAPI] init
04-20 01:55:22.471  7588  7615 I Policy_13.0.02: [RxCachedThreadScheduler-3][MobileServicePolicy] scheduleJob success : 86400000
04-20 01:55:22.471  7588  7615 I Policy_13.0.02: [RxCachedThreadScheduler-3][GetPolicyJobService] polling job service was already scheduled (from:86400000 to:86400000)
04-20 01:55:22.471  7588  7615 I SEMS:SupportedService_13.8.52: [][RxCachedThreadScheduler-3][MobileServiceSupportedService] MobileServiceSocialPolicy init completed
04-20 01:55:22.472  7588  7613 I SEMS:Social_13.8.52: [BLog][RxCachedThreadScheduler-2][WorkerSourceImpl] enqueuePeriodWorkers. hours: 24, replace: false
04-20 01:55:22.474  7588  7588 I SEMS:Registration_13.8.52: [PushLog][main][SmpManager] registerMessageCallback - 12
04-20 01:55:22.474  7588  7588 I SEMS:Registration_13.8.52: [PushLog][main][SmpManager] registerMessageCallback - 999
04-20 01:55:22.475  1831  3364 D PackageManager: setEnabledSetting : userId = 0 packageName = com.samsung.android.mobileservice cmp = androidx.work.impl.background.systemjob.SystemJobService newState = 1 callingPackage = com.samsung.android.mobileservice
04-20 01:55:22.475  1831  3364 D ApplicationPolicy: getApplicationStateEnabled : pkg = com.samsung.android.mobileservice userId : 0
04-20 01:55:22.476  7588  7588 I SEMS:Social_13.8.52: [CLog][main][ObserverJobService] scheduled: true
04-20 01:55:22.476  7588  7588 I SEMS:Social_13.8.52: [CLog][main][RecoveryJobService] scheduleJob
04-20 01:55:22.476  1831  3364 D ApplicationPolicy: getApplicationComponentState : pkg = com.samsung.android.mobileservice userId : 0
04-20 01:55:22.484  7588  7613 I SEMS:Social_13.8.52: [BLog][RxCachedThreadScheduler-2][AccountBuddy] AccountBuddy init success
04-20 01:55:22.485  7588  7588 I SEMS:Social_13.8.52: [CLog][main][RecoveryJobService] scheduled: true
04-20 01:55:22.485  7588  7588 I SEMS:Social_13.8.52: [CLog][main][PeriodJobService] scheduleJob
04-20 01:55:22.485  7588  7588 I SEMS:Common_13.8.52: [CommonLog][main][PeriodicJobUtil] registerJob : DeleteDuplicate
04-20 01:55:22.485  7588  7588 I SEMS:Social_13.8.52: [GLog][main][InvitationLinkAppPolicy] start loadFromPolicy policy
04-20 01:55:22.485  7588  7588 I Policy_13.0.02: [main][GetServicePolicyUseCase] getServicePolicy
04-20 01:55:22.485  7588  7616 I Policy_13.0.02: [RxCachedThreadScheduler-4][GetServicePolicyUseCase] getServicePolicy
04-20 01:55:22.487  7588  7588 I SEMS:Social_13.8.52: [][main][MobileServiceSocialApplication] init end
04-20 01:55:22.487  7588  7588 I SEMS:GroupUi: [GroupUi][main] [MobileServiceGroupUiApplication] init application
04-20 01:55:22.488  7588  7615 I Policy_13.0.02: [RxCachedThreadScheduler-3][MobileServicePolicy] getServicePolicy with serviceName success
04-20 01:55:22.489  7588  7588 I Policy_13.0.02: [main][GetServicePolicyUseCase] getServicePolicy
04-20 01:55:22.490  7588  7612 I SEMS:Common_13.8.52: [CommonLog][RxCachedThreadScheduler-1][CommonPref] getBoolean - key : sa_reagree_state , value : false
04-20 01:55:22.490  7588  7612 I SEMS:Common_13.8.52: [CommonLog][RxCachedThreadScheduler-1][SamsungCloudUtil] setup
04-20 01:55:22.490  7588  7612 I [SCSPSDK][Scsp]: setUp
--------- beginning of system
04-20 01:55:22.491  1831  3364 I ActivityManager: Changes in 10112 19 to 8, 0 to 128
04-20 01:55:22.491  7588  7612 I SEMS:Common_13.8.52: [CommonLog][RxCachedThreadScheduler-1][SamsungCloudUtil] setup done
04-20 01:55:22.491  7588  7612 I SEMS:AgentLog_13.8.52: [][RxCachedThreadScheduler-1][MobileServiceApplication] SamsungCloud init result : true
04-20 01:55:22.492  7588  7612 I SEMS:Common_13.8.52: [CommonLog][RxCachedThreadScheduler-1][CommonPref] getBoolean - key : sa_reagree_state , value : false
04-20 01:55:22.492  7588  7612 I SEMS:Registration_13.8.52: [PushLog][RxCachedThreadScheduler-1][SmpManager] init: request
04-20 01:55:22.492  7588  7612 I SmpLog  : [SMP] init. D:false O:DEVICE_BASED S:true M:false P:FCM_PRIMARY_MODE A:a
04-20 01:55:22.493  7588  7613 I Policy_13.0.02: [RxCachedThreadScheduler-2][MobileServicePolicy] getServicePolicy success
04-20 01:55:22.495  7588  7612 I SEMS:AgentLog_13.8.52: [][RxCachedThreadScheduler-1][MobileServiceApplication] SmpManager.init completed
04-20 01:55:22.495  7588  7612 I SEMS:AgentLog_13.8.52: [][RxCachedThreadScheduler-1][MobileServiceApplication] SamsungCloud, SmpManager init completed
04-20 01:55:22.499  7588  7624 I SmpLog  : [SMP] Test mode: false, v:3.3.11.2, com.samsung.android.mobileservice
04-20 01:55:22.500  7588  7624 I SmpLog  : [SMP] ptype:fcm, token:...QyStQ (142), D:false, O:DEVICE_BASED, S:false, M:false, P:FCM_PRIMARY_MODE
04-20 01:55:22.504  7588  7624 I SmpLog  : [SMP] SEND BR : smp init success
04-20 01:55:22.507  7588  7588 I SEMS:Common_13.8.52: [CommonLog][main][PeriodicJob] onStartJob
04-20 01:55:22.508  7588  7588 I SEMS:Common_13.8.52: [CommonLog][main][PeriodicJob] not in time. service name : DeleteDuplicate, last : 1776543655774, period : 86400000
04-20 01:55:22.518  7588  7588 I SEMS:Social_13.8.52: [CLog][main][RecoveryJobService] onStartJob
04-20 01:55:22.520  7588  7588 I SEMS:Common_13.8.52: [CommonLog][main][PeriodicJobUtil] notifyJobFinished : PeriodicJobUtil$PeriodicJob
04-20 01:55:22.524  7588  7615 I SEMS:Common_13.8.52: [CommonUILog][RxCachedThreadScheduler-3][PermissionManager] requestPermissionSocial CALENDAR deniedPermissions : [] runPermissionActivity : false
04-20 01:55:22.524  7588  7615 I SEMS:Common_13.8.52: [CommonUILog][RxCachedThreadScheduler-3][PermissionManager] requestPermissionSocial return true
04-20 01:55:22.532  7588  7615 I SEMS:Social_13.8.52: [CLog][RxCachedThreadScheduler-3][PreferenceDataRepository] getRecoveryVersion: 5, default: 0
04-20 01:55:22.536  1831  5089 I ActivityManager: Changes in 10112 8 to 10, 128 to 0
04-20 01:55:22.546  7588  7588 I SEMS:AgentLog_13.8.52: [][main][MobileServiceApplication] onTrimMemory:40
04-20 01:55:22.567  7588  7613 I SEMS:SupportedService_13.8.52: [][RxCachedThreadScheduler-2][DclDataManager] loadDclProfile finished
04-20 01:55:22.576  5000  5000 I HBD     : c inset is lower than 0 
04-20 01:55:22.636  1270  1642 I hwcomposer: [HWC] (0)fire a callback of refresh to SF[4]  
04-20 01:55:22.651  1539  2060 D AAL     : onALIChanged: 4 -> 3
04-20 01:55:22.695  1272  1324 I SensorsHub: DeviceOrientation(0): event = 0, time = 357751037879524
04-20 01:55:22.696  1831  1866 D WindowOrientationListener: onSensorChanged device orientation: 0
04-20 01:55:22.696  2509  2509 D AppController: AppControlSensorListener.onSensorChanged, Rotation: 0
04-20 01:55:22.697  1831  1866 V WindowManager: Computed rotation=ROTATION_0 (0) for display id=0 based on lastOrientation=SCREEN_ORIENTATION_UNSPECIFIED (-1) and oldRotation=ROTATION_90 (1), caller=com.android.server.wm.WindowManagerService.updateRotationUnchecked:72 com.android.server.wm.DisplayRotation$OrientationListener.onProposedRotationChanged:328 com.android.server.wm.WindowOrientationListener$OrientationSensorJudge.finalizeRotation:26 com.android.server.wm.WindowOrientationListener$OrientationSensorJudge.onSensorChanged:392 android.hardware.SystemSensorManager$SensorEventQueue.dispatchSensorEvent:1142 android.os.MessageQueue.nativePollOnce:-2 
04-20 01:55:22.697  1831  1866 I WindowManager: Display id=0 rotation changed to 0 from 1, lastOrientation=-1 userRotationMode=0 userRotation=0 lastSensorRotation=0
04-20 01:55:22.697  1831  1866 D WindowManager: setRotation: rotation=0
04-20 01:55:22.697  1831  1866 D WindowWakeUpPolicy: HINT_PWM_ROTATION acquire()
04-20 01:55:22.697  1831  1866 I SemDvfsHyPerManager: acquire hyper - PWM_ROTATION/1831@40, type = -999
04-20 01:55:22.698  1276  1313 I HYPER-HAL: [RequestManager.cpp]acquire(): Acquired ID : 1751296  [1831 / 40]    HINT : PWM_ROTATION    list : 
04-20 01:55:22.699  1276  1313 I mtkpower_client: perf_lock_acq, hdl:0, dur:0, num:2, tid:1313
04-20 01:55:22.699  1831  1866 D PowerManagerService: [api] setPowerBoost(L) boost:0, durationMs:0, caller (uid: 1000 pid: 1831) <- m() in com.android.server.display.DisplayManagerService$BinderService$$ExternalSyntheticOutline0:1
04-20 01:55:22.700  1276  1313 I mtkpower_client: ret_hdl:118765
04-20 01:55:22.700  1831  7633 D SemInputDeviceManager: setProperty: (0) CMD,GRIP_DATA,1,18,7,24,1965
04-20 01:55:22.700  1276  1313 I mtkpower_client: perf_lock_acq, hdl:0, dur:0, num:2, tid:1313
04-20 01:55:22.701  1831  7633 D TspStateManager: wrote command: cmd=1,18,7,24,1965, type=1
04-20 01:55:22.701  1281  1364 I libPowerHal: [perfLockAcq] idx:0 hdl:118765 hint:-1 pid:1276 tid:1313 duration:0 lock_user:vendor.samsung. => ret_hdl:118765
04-20 01:55:22.701  1281  1364 I libPowerHal: [set_cpuidle] enable:0, fd:15, scn:0xb400007d16ab4f80
04-20 01:55:22.701  1831  2048 D SemInputDevice:TSP: SetPropertyTask: CMD,set_grip_data,1,18,7,24,1965 [04-20 01:55:22.700]
04-20 01:55:22.701  1281  1364 I libPowerHal: [get_cpu_dma_latency_value] 0
04-20 01:55:22.702  1281  1364 I libPowerHal: [PE] vendor.samsung. update cmd:1c3c100 param:0
04-20 01:55:22.702  1831  1866 D WindowManager: Transition is created, t=TransitionRecord{94005d7 id=-1 type=CHANGE flags=0x0}, caller=com.android.server.wm.Transition.<init>:182 com.android.server.wm.TransitionController.createTransition:17 com.android.server.wm.DisplayContent.requestChangeTransition:5 com.android.server.wm.DisplayRotation.updateRotationUnchecked:760 com.android.server.wm.WindowManagerService.updateRotationUnchecked:72 
04-20 01:55:22.702  1831  1866 D BLASTSyncEngine: SyncGroup is created, id=8210, name=Transition-CHANGE, caller=com.android.server.wm.BLASTSyncEngine$SyncGroup.<init>:52 com.android.server.wm.TransitionController.moveToCollecting:79 com.android.server.wm.TransitionController.createTransition:46 com.android.server.wm.DisplayContent.requestChangeTransition:5 com.android.server.wm.DisplayRotation.updateRotationUnchecked:760 com.android.server.wm.WindowManagerService.updateRotationUnchecked:72 com.android.server.wm.DisplayRotation$OrientationListener.onProposedRotationChanged:328 
04-20 01:55:22.702  1276  1313 I mtkpower_client: ret_hdl:118766
04-20 01:55:22.702  1831  1866 W BLASTSyncEngine: setSyncMethod, id=8210, method=0, caller=com.android.server.wm.TransitionController.moveToCollecting:91 com.android.server.wm.TransitionController.createTransition:46 com.android.server.wm.DisplayContent.requestChangeTransition:5 
04-20 01:55:22.702  1281  1364 I libPowerHal: [perfLockAcq] idx:1 hdl:118766 hint:-1 pid:1276 tid:1313 duration:0 lock_user:vendor.samsung. => ret_hdl:118766
04-20 01:55:22.702  1281  1364 I libPowerHal: [setClusterFreq] vendor.samsung. set cpufreq[0] min:1150000 max:-1 cpufreq[1] min:-1 max:-1 
04-20 01:55:22.702  1276  1313 I mtkpower_client: perf_lock_acq, hdl:0, dur:0, num:2, tid:1313
04-20 01:55:22.702  1831  1866 V WindowManager: Start collecting in Transition: TransitionRecord{94005d7 id=8210 type=CHANGE flags=0x0}, caller=com.android.server.wm.TransitionController.createTransition:46 com.android.server.wm.DisplayContent.requestChangeTransition:5 com.android.server.wm.DisplayRotation.updateRotationUnchecked:760 com.android.server.wm.WindowManagerService.updateRotationUnchecked:72 com.android.server.wm.DisplayRotation$OrientationListener.onProposedRotationChanged:328 
04-20 01:55:22.703  1281  1364 I libPowerHal: [setClusterFreq]  set cpu_ctrl cpufreq: 1150000 -1 -1 -1 
04-20 01:55:22.703  1831  1866 V WindowManager: Requesting StartTransition: TransitionRecord{94005d7 id=8210 type=CHANGE flags=0x0}, caller=com.android.server.wm.DisplayContent.requestChangeTransition:10 com.android.server.wm.DisplayRotation.updateRotationUnchecked:760 com.android.server.wm.WindowManagerService.updateRotationUnchecked:72 com.android.server.wm.DisplayRotation$OrientationListener.onProposedRotationChanged:328 com.android.server.wm.WindowOrientationListener$OrientationSensorJudge.finalizeRotation:26 
04-20 01:55:22.703  1276  1313 I mtkpower_client: ret_hdl:118767
04-20 01:55:22.703  1831  1866 V WindowManager: Collecting in transition 8210: Display{#0 state=ON size=2340x1080 ROTATION_90}, caller=com.android.server.wm.DisplayContent.requestChangeTransition:31 com.android.server.wm.DisplayRotation.updateRotationUnchecked:760 com.android.server.wm.WindowManagerService.updateRotationUnchecked:72 com.android.server.wm.DisplayRotation$OrientationListener.onProposedRotationChanged:328 com.android.server.wm.WindowOrientationListener$OrientationSensorJudge.finalizeRotation:26 
04-20 01:55:22.704  1831  1866 D WindowManager: prepareSync <SYNC_STATE_WAITING_FOR_DRAW>, mPrepareSyncSeqId=0, win=Window{4f75d54 u0 LockscreenShortcutBlur}
04-20 01:55:22.704  1831  1866 D WindowManager: prepareSync <SYNC_STATE_WAITING_FOR_DRAW>, mPrepareSyncSeqId=0, win=Window{81c8377 u0 NotificationShade}
04-20 01:55:22.704  1831  1866 D WindowManager: prepareSync <SYNC_STATE_WAITING_FOR_DRAW>, mPrepareSyncSeqId=0, win=Window{fb5d225 u0 InputMethod}
04-20 01:55:22.704  1831  1866 D WindowManager: prepareSync <SYNC_STATE_WAITING_FOR_DRAW>, mPrepareSyncSeqId=0, win=Window{421e392 u0 RecentsTransitionOverlay}
04-20 01:55:22.704  2509  2562 V WindowManagerShell: Transition requested (#8210): android.os.BinderProxy@d0c4573 TransitionRequestInfo { type = CHANGE, triggerTask = null, pipChange = null, remoteTransition = null, displayChange = DisplayChange { displayId = 0, startAbsBounds = null, endAbsBounds = null, startRotation = 1, endRotation = 0, physicalDisplayChanged = false, disconnectReparentDisplay = -1 }, flags = 0, debugId = 8210 }
04-20 01:55:22.704  1831  1866 D WindowManager: prepareSync <SYNC_STATE_WAITING_FOR_DRAW>, mPrepareSyncSeqId=0, win=Window{86b9800 u0 com.whatsapp/com.whatsapp.Conversation}
04-20 01:55:22.704  1831  1866 D WindowManager: prepareSync <SYNC_STATE_WAITING_FOR_DRAW>, mPrepareSyncSeqId=0, win=Window{5b486 u0 com.whatsapp/com.whatsapp.home.ui.HomeActivity}
04-20 01:55:22.704  1831  1866 D WindowManager: prepareSync <SYNC_STATE_WAITING_FOR_DRAW>, mPrepareSyncSeqId=0, win=Window{409a1ab u0 com.sec.android.app.launcher/com.sec.android.app.launcher.activities.LauncherActivity}
04-20 01:55:22.704  1831  1866 D WindowManager: prepareSync <SYNC_STATE_WAITING_FOR_DRAW>, mPrepareSyncSeqId=0, win=Window{eeeaf72 u0 com.sec.android.app.launcher/com.android.quickstep.RecentsActivity}
04-20 01:55:22.704  1831  1866 D WindowManager: prepareSync <SYNC_STATE_WAITING_FOR_DRAW>, mPrepareSyncSeqId=0, win=Window{968ed64 u0 com.anthropic.claude/com.anthropic.claude.mainactivity.MainActivity}
04-20 01:55:22.704  2509  2562 D ShellDesktopMode: handleRequest: TransitionRequestInfo {type=6, tid=null, d=DisplayChange { displayId = 0, startAbsBounds = null, endAbsBounds = null, startRotation = 1, endRotation = 0, physicalDisplayChanged = false, disconnectReparentDisplay = -1 }, debugId=8210}
04-20 01:55:22.704  1831  1866 D WindowManager: prepareSync <SYNC_STATE_WAITING_FOR_DRAW>, mPrepareSyncSeqId=0, win=Window{fe60884 u0 com.sec.android.app.sbrowser/com.sec.android.app.sbrowser.download.ui.DownloadHistoryActivity}
04-20 01:55:22.704  1831  1866 D WindowManager: prepareSync <SYNC_STATE_WAITING_FOR_DRAW>, mPrepareSyncSeqId=0, win=Window{f11dd1d u0 com.sec.android.app.sbrowser/com.sec.android.app.sbrowser.SBrowserMainActivity}
04-20 01:55:22.704  1831  1866 D WindowManager: prepareSync <SYNC_STATE_WAITING_FOR_DRAW>, mPrepareSyncSeqId=0, win=Window{6fcaf98 u0 com.instagram.android/com.instagram.android.activity.MainTabActivity}
04-20 01:55:22.704  2509  2562 V ShellDesktopMode: DesktopTasksController: skipping handleRequest reason=transition type not handled (6)
04-20 01:55:22.705  1831  1866 D WindowManager: applyWithNextDraw, mSyncSeqId=302, win=Window{eeaad28 u0 NavigationBar0}, caller=com.android.server.wm.WindowState.applyWithNextDraw:131 com.android.server.wm.AsyncRotationController.keepAppearanceInPreviousRotation:59 com.android.server.wm.AsyncRotationController.<init>:125 com.android.server.wm.DisplayContent.startAsyncRotation:26 com.android.server.wm.DisplayContent.requestChangeTransition:152 com.android.server.wm.DisplayRotation.updateRotationUnchecked:760 
04-20 01:55:22.705  1831  1866 D AsyncRotation_WindowManager: Sync draw for Window{eeaad28 u0 NavigationBar0}
04-20 01:55:22.705  1831  1866 D AsyncRotation_WindowManager: Requested to sync draw transaction
04-20 01:55:22.705  1831  1866 D AsyncRotation_WindowManager: Start seamless Window{eeaad28 u0 NavigationBar0}
04-20 01:55:22.705  1296  1296 I sysinput:Touch: writeInformation:249, OK
04-20 01:55:22.705  2509  2562 D PipTouchState: reset PipTouchState callers=com.android.wm.shell.pip.phone.PipTouchState.reset:12 com.android.wm.shell.pip.phone.PipController.updateMovementBounds:349 com.android.wm.shell.pip.phone.PipController$$ExternalSyntheticLambda2.onDisplayChange:370 
04-20 01:55:22.705  1831  1866 D WindowManager: fadeWindowToken, show=false, animationType=token_transform, topWindow=Window{de626f1 u0 StatusBar}, token=WindowToken{a45e1fe type=2000 android.os.BinderProxy@d1eff80}, caller=com.android.server.wm.DisplayContent.startAsyncRotation:99 com.android.server.wm.DisplayContent.requestChangeTransition:152 com.android.server.wm.DisplayRotation.updateRotationUnchecked:760 com.android.server.wm.WindowManagerService.updateRotationUnchecked:72 com.android.server.wm.DisplayRotation$OrientationListener.onProposedRotationChanged:328 
04-20 01:55:22.706  1831  1866 I WindowManager: Reparenting to leash, surface=Surface(name=WindowToken{a45e1fe type=2000 android.os.BinderProxy@d1eff80})/@0x6f6328d, leashParent=Surface(name=Leaf:15:15)/@0xad9aa5b
04-20 01:55:22.706  1831  2048 D SysinputHAL_V1_3(V1_2): runTspCmdNoRead(TSP(1)): set_grip_data,1,18,7,24,1965 ret=0
04-20 01:55:22.706  1281  1364 I libPowerHal: [perfLockAcq] idx:2 hdl:118767 hint:-1 pid:1276 tid:1313 duration:0 lock_user:vendor.samsung. => ret_hdl:118767
04-20 01:55:22.706  1281  1364 I libPowerHal: [setDvfsrcDevFreqOpp] opp:0, freq:4266000000
04-20 01:55:22.707  1281  1364 I libPowerHal: [PE] vendor.samsung. update cmd:1000000 param:0
04-20 01:55:22.707  1327  3070 I SurfaceFlinger: id=107238 createSurf, flag=24000, Surface(name=WindowToken{a45e1fe type=2000 android.os.BinderProxy@d1eff80})/@0x6f6328d - animation-leash of token_transform#107238
04-20 01:55:22.708  1831  1866 D WindowManager: makeSurface duration=2 leash=Surface(name=Surface(name=WindowToken{a45e1fe type=2000 android.os.BinderProxy@d1eff80})/@0x6f6328d - animation-leash of token_transform)/@0x2afd1ad
04-20 01:55:22.708  1831  1866 D AsyncRotation_WindowManager: Start fade-out Window{de626f1 u0 StatusBar}
04-20 01:55:22.708  1831 17328 I AudioManager: setParameters keyValuePairs = g_hw_display_rotation=0
04-20 01:55:22.709  1309 25201 D AudioFlinger: setParameters: filtered dev setParameters keyvalue g_hw_display_rotation=0
04-20 01:55:22.709  1261 12625 V sec_audio_hw: sec_dev_set_parameters : g_hw_display_rotation=0
04-20 01:55:22.710  1261 12625 D AudioALSAHardware: +setParameters(): g_hw_display_rotation=0
04-20 01:55:22.710  1261 12625 D AudioALSAHardware: -setParameters(): g_hw_display_rotation=0
04-20 01:55:22.710  1831  1868 V WindowManager: Starting Transition 8210, caller=com.android.server.wm.WindowOrganizerController$$ExternalSyntheticLambda6.run:28 android.os.Handler.handleCallback:995 android.os.Handler.dispatchMessage:103 
04-20 01:55:22.711  1831  1868 I DisplayTopology: Display with ID 0 updated, new width: 384.0, new height: 832.0
04-20 01:55:22.711  1831  1922 D BrightnessThermalClamper: Thermal status observer already started
04-20 01:55:22.712  1831  1868 D TspStateManager: updateCustomValue customSetting=
04-20 01:55:22.712  1831  1868 I ActivityTaskManager: Config changes=20000480 {1.0 404mcc20mnc [en_IN] ldltr sw384dp w384dp h832dp 450dpi nrml long port finger -keyb/v/h -nav/h winConfig={ mBounds=Rect(0, 0 - 1080, 2340) mAppBounds=Rect(0, 0 - 1080, 2340) mMaxBounds=Rect(0, 0 - 1080, 2340) mDisplayRotation=ROTATION_0 mWindowingMode=fullscreen mActivityType=undefined mAlwaysOnTop=undefined mRotation=ROTATION_0 mStageConfig=undefined mPopOver=undefined mOverlappingWithCutout=false} s.17394 fontWeightAdjustment=0 ff=0 bf=-1 bts=0 cst=1.0 nightDim=0 themeSeq=0}
04-20 01:55:22.713  1831  2326 D BackgroundInstallControlService: Package event received: 0
04-20 01:55:22.720  1327  1327 I SurfaceFlinger: [Display 0 name="Built-in Screen"#49] setFrameRateCategory: High
04-20 01:55:22.720  1327  1327 I SurfaceFlinger: [Surface(name=WindowToken{a45e1fe type=2000 android.os.BinderProxy@d1eff80})/@0x6f6328d - animation-leash of token_transform#107238] attach to parent LayerHierarchy{RequestedLayerState{Leaf:15:15#17 parentId=16} 2 children}
04-20 01:55:22.726  1831  1868 I WindowManager: [d0] Override config changes=20000480 {1.0 404mcc20mnc [en_IN] ldltr sw384dp w384dp h832dp 450dpi nrml long port finger -keyb/v/h -nav/h winConfig={ mBounds=Rect(0, 0 - 1080, 2340) mAppBounds=Rect(0, 0 - 1080, 2340) mMaxBounds=Rect(0, 0 - 1080, 2340) mDisplayRotation=ROTATION_0 mWindowingMode=fullscreen mActivityType=undefined mAlwaysOnTop=undefined mRotation=ROTATION_0 mStageConfig=undefined mPopOver=undefined mOverlappingWithCutout=false} s.17394 fontWeightAdjustment=0 ff=0 bf=-1 bts=0 cst=1.0 nightDim=0 themeSeq=0}, callers=com.android.server.wm.RootWindowContainer.dispatchConfigurationToChild:7 com.android.server.wm.ConfigurationContainer.onConfigurationChanged:109 com.android.server.wm.WindowContainer.onConfigurationChanged:1 com.android.server.wm.ActivityTaskManagerService.updateGlobalConfigurationLocked:396 com.android.server.wm.DisplayContent.updateDisplayOverrideConfigurationLocked:17 
04-20 01:55:22.727  1831  1868 V WindowManager: Screenshotting Display{#0 state=ON size=1080x2340 ROTATION_0} [Rect(0, 0 - 2340, 1080)], caller=com.android.server.wm.TransitionController.collectForDisplayAreaChange:14 com.android.server.wm.DisplayArea.onConfigurationChanged:3 com.android.server.wm.DisplayContent.onConfigurationChanged:382 com.android.server.wm.ConfigurationContainer.onRequestedOverrideConfigurationChanged:17 com.android.server.wm.WindowContainer.onRequestedOverrideConfigurationChanged:11 
04-20 01:55:22.727  1831  1868 I SurfaceComposerClient: captureLayers:childrenOnly:1, sync:1
04-20 01:55:22.727  2509  2509 D KeyguardEditModeAnimatorController: rotation 0 false
04-20 01:55:22.731  1327  3070 I SurfaceFlinger: Capture layer list: 	 Letterbox - left#107226(seamlessTransition:1)
04-20 01:55:22.731  1327  3070 I SurfaceFlinger: Capture layer list: 	 com.whatsapp/com.whatsapp.Conversation$_15380#107213(seamlessTransition:1)
04-20 01:55:22.731  1327  3070 I SurfaceFlinger: Capture layer list: 	 InputMethod$_5000#107217(seamlessTransition:1)
04-20 01:55:22.731  1327  3070 I SurfaceFlinger: Capture layer list: 	 StatusBar$_2509#105(seamlessTransition:1)
04-20 01:55:22.731  1327  3070 I SurfaceFlinger: Capture layer list: 	 NavigationBar0$_2509#100(seamlessTransition:1)
04-20 01:55:22.732  2509  2509 D Navbar.Store: handleEvent(0) OnRotationChanged(rotation=0) [Module] NavigationBar
04-20 01:55:22.732  1327  1327 I BpBinder: onLastStrongRef automatically unlinking death recipients: 
04-20 01:55:22.734  2509  2509 D NavBarView: disableBack=false (isBackDismissIme=true, handlingGestures=false, disabledFlagBack=false, isBottomGesture=false, isImeRenderingNavButtons=false)
04-20 01:55:22.739  2509  2509 D NavBarStateManager: NavBarStates(0) canShowKeyboardButtonForRotation(0): true
04-20 01:55:22.740  2509  2509 D Navbar.Store: handleEvent(0) OnUpdateSysUiStateFlag(noArguments=true) [Module] SamsungNavigationBarView
04-20 01:55:22.740  2509  2509 D Navbar.Store: --[Band]GESTURE_PACK_UPDATE_SYSTEMUI_STATE_FLAG
04-20 01:55:22.740  2509  2509 D Navbar.Store: --[Band] (afterAction) GESTURE_PACK_UPDATE_SYSTEMUI_STATE_FLAG
04-20 01:55:22.740  1327  3070 I SurfaceFlinger: id=107239 createSurf, flag=44404, RotationLayer_WmCore#107239
04-20 01:55:22.741  1831  1868 D BufferQueueConsumer: [](id:727000008db,api:0,p:-1,c:1831) connect: controlledByApp=true
04-20 01:55:22.741  2509  2509 D Navbar.Store: handleEvent(0) OnNavBarUpdateA11YService(clickable=false, longClickable=false) [Module] NavigationBar
04-20 01:55:22.741  2509  2509 D Navbar.Store: --[Band]SETUPWIZARD_PACK_UPDATE_A11Y_SERVICE
04-20 01:55:22.741  1831  1868 W ImageReader_JNI: Unable to acquire a buffer item, very likely client tried to acquire more than maxImages buffers
04-20 01:55:22.742  1831  1868 D BufferQueueConsumer: [ImageReader-2340x1080f1m1-1831-125](id:727000008db,api:0,p:-1,c:1831) disconnect
04-20 01:55:22.742  2509  2509 D NavBarStateManager: NavBarStates(0) canShowKeyboardButtonForRotation(0): true
04-20 01:55:22.742  1327  1327 I SurfaceFlinger: RequestedLayer [RotationLayer_WmCore#107239] hidden!! flag  from(1) --> to(0)
04-20 01:55:22.742  1327  1327 I SurfaceFlinger: [RotationLayer_WmCore#107239] attach to parent LayerHierarchy{RequestedLayerState{Display 0 name="Built-in Screen"#49} 7 children}
04-20 01:55:22.743  1831  1868 D ChangeTransitionController: onSnapshotSurfaceCreated: wc=Display{#0 state=ON size=1080x2340 ROTATION_0}, cropBounds=Rect(0, 0 - 2340, 1080), changeInfo=ChangeInfo{cc77330 container=Display{#0 state=ON size=1080x2340 ROTATION_0} flags=0x0}
04-20 01:55:22.744  1831  1868 V WindowManager: Collecting in transition 8210: Task{45e8fe2 #5688 type=standard A=10289:com.whatsapp}, caller=com.android.server.wm.TransitionController$$ExternalSyntheticLambda2.accept:34 com.android.server.wm.Task.forAllLeafTasks:6 com.android.server.wm.WindowContainer.forAllLeafTasks:4 com.android.server.wm.DisplayArea.forAllLeafTasks:4 com.android.server.wm.WindowContainer.forAllLeafTasks:4 
04-20 01:55:22.744  1831  1868 V WindowManager: Collecting in transition 8210: ActivityRecord{73058720 u0 com.whatsapp/.Conversation t5688}, caller=com.android.server.wm.TransitionController$$ExternalSyntheticLambda2.accept:21 com.android.server.wm.ActivityRecord.forAllActivities:2 com.android.server.wm.WindowContainer.forAllActivities:8 com.android.server.wm.WindowContainer.forAllActivities:6 com.android.server.wm.TransitionController$$ExternalSyntheticLambda2.accept:107 
04-20 01:55:22.744  1831  1868 V WindowManager: Collecting in transition 8210: WindowToken{b02c2dc type=2011 android.os.Binder@bc79bb0}, caller=com.android.server.wm.TransitionController$$ExternalSyntheticLambda3.accept:43 com.android.server.wm.WindowContainer$ForAllWindowsConsumerWrapper.apply:5 com.android.server.wm.WindowState.applyInOrderWithImeWindows:22 com.android.server.wm.WindowState.forAllWindows:9 com.android.server.wm.WindowContainer.forAllWindows:2 
04-20 01:55:22.746  2509  2509 D NavBarStateManager: NavBarStates(0) canShowKeyboardButtonForRotation(0): true
04-20 01:55:22.747  1831  1868 I MultiTaskingController: onConfigurationChangedLocked: display#0, configChanges=0x20000480, scaleW=0.46153846, scaleH=2.1666667, prevScreenBounds=Rect(0, 0 - 2340, 1080), nextScreenBounds=Rect(0, 0 - 1080, 2340)
04-20 01:55:22.748  1831  1868 D BLASTSyncEngine: SyncGroup 8210: Set ready true, caller=com.android.server.wm.BLASTSyncEngine.setReady:32 com.android.server.wm.Transition.applyReady:54 com.android.server.wm.Transition.setReady:72 com.android.server.wm.Transition.applyDisplayChangeIfNeeded:95 com.android.server.wm.WindowOrganizerController.applyTransaction:36 com.android.server.wm.WindowOrganizerController$$ExternalSyntheticLambda6.run:32 
04-20 01:55:22.748  1831  1868 D WindowManager: Checking to restart com.whatsapp.Conversation: changed={CONFIG_ORIENTATION, CONFIG_SCREEN_SIZE}, handles={CONFIG_MCC, CONFIG_MNC, CONFIG_KEYBOARD, CONFIG_KEYBOARD_HIDDEN, CONFIG_ORIENTATION, CONFIG_SCREEN_LAYOUT, CONFIG_SCREEN_SIZE, CONFIG_SMALLEST_SCREEN_SIZE}, not-handles={}, mLastReportedConfiguration={mGlobalConfig={1.0 404mcc20mnc [en_IN] ldltr sw384dp w384dp h756dp 450dpi nrml long port finger -keyb/v/h -nav/h winConfig={ mBounds=Rect(0, 0 - 1080, 2340) mAppBounds=Rect(0, 80 - 1080, 2205) mMaxBounds=Rect(0, 0 - 1080, 2340) mDisplayRotation=ROTATION_0 mWindowingMode=fullscreen mActivityType=undefined mAlwaysOnTop=undefined mRotation=ROTATION_0 mStageConfig=undefined mPopOver=off mOverlappingWithCutout=false} s.17394 fontWeightAdjustment=0 ff=0 bf=-1 bts=0 cst=1.0 nightDim=0 themeSeq=0} mOverrideConfig={1.0 404mcc20mnc [en_IN] ldltr sw384dp w384dp h756dp 450dpi nrml long port finger -keyb/v/h -nav/h winConfig={ mBounds=Rect(0, 0 - 1080, 2340) mAppBounds=Rect(0, 80 - 1080, 2205) mMaxBounds=Rect(0, 0 - 1080, 2340) mDisplayRotation=ROTATION_0 mWindowingMode=fullscreen mActivityType=standard mAlwaysOnTop=undefined mRotation=ROTATION_0 mStageConfig=undefined mPopOver=off mOverlappingWithCutout=false} s.8 fontWeightAdjustment=0 ff=0 bf=-1 bts=0 cst=1.0 nightDim=0 themeSeq=0}}
04-20 01:55:22.748  1831  1868 D ActivityTaskManager: scheduleConfigurationChanged: ActivityRecord{73058720 u0 com.whatsapp/.Conversation t5688} state=RESUMED config={1.0 404mcc20mnc [en_IN] ldltr sw384dp w384dp h756dp 450dpi nrml long port finger -keyb/v/h -nav/h winConfig={ mBounds=Rect(0, 0 - 1080, 2340) mAppBounds=Rect(0, 80 - 1080, 2205) mMaxBounds=Rect(0, 0 - 1080, 2340) mDisplayRotation=ROTATION_0 mWindowingMode=fullscreen mActivityType=standard mAlwaysOnTop=undefined mRotation=ROTATION_0 mStageConfig=undefined mPopOver=off mOverlappingWithCutout=false} s.8 fontWeightAdjustment=0 ff=0 bf=-1 bts=0 cst=1.0 nightDim=0 themeSeq=0} caller=com.android.server.wm.ActivityRecord.updateReportedConfigurationAndSend:1313 com.android.server.wm.ActivityRecord.ensureActivityConfiguration:142 com.android.server.wm.WindowOrganizerController$$ExternalSyntheticLambda0.accept:10 
04-20 01:55:22.749  1831  1868 D WindowManager: updateSystemBarAttributes: displayId=0, focusedCanBeNavColorWin=false, win=Window{86b9800 u0 com.whatsapp/com.whatsapp.Conversation}, navColorWin=Window{fb5d225 u0 InputMethod}, caller=com.android.server.wm.DisplayPolicy.finishPostLayoutPolicyLw:17 com.android.server.wm.RootWindowContainer.applySurfaceChangesTransaction$1:195 com.android.server.wm.RootWindowContainer.performSurfacePlacementNoTrace:59 
04-20 01:55:22.749  1831  1868 D WindowManager: updateSystemBarAttributes, bhv=1, apr=8, statusBarAprRegions=[AppearanceRegion{LIGHT_STATUS_BARS bounds=[0,0][1080,2340]}], requestedVisibilities=-1
04-20 01:55:22.749  1831  1868 D WindowManager: applyWithNextDraw, mSyncSeqId=303, win=Window{eeaad28 u0 NavigationBar0}, caller=com.android.server.wm.WindowState.applyWithNextDraw:131 com.android.server.wm.InsetsSourceProvider.updateInsetsControlPosition:55 com.android.server.wm.InsetsSourceProvider.onPostLayout:41 com.android.server.wm.InsetsStateController.onPostLayout:26 com.android.server.wm.RootWindowContainer.applySurfaceChangesTransaction$1:203 com.android.server.wm.RootWindowContainer.performSurfacePlacementNoTrace:59 
04-20 01:55:22.749  1831  1868 W WindowManager: applyWithNextDraw with mSyncState=1, Window{fb5d225 u0 InputMethod}, com.android.server.wm.InsetsSourceProvider.updateInsetsControlPosition:55 com.android.server.wm.InsetsSourceProvider.onPostLayout:41 com.android.server.wm.ImeInsetsSourceProvider.onPostLayout:3 com.android.server.wm.InsetsStateController.onPostLayout:26 com.android.server.wm.RootWindowContainer.applySurfaceChangesTransaction$1:203 com.android.server.wm.RootWindowContainer.performSurfacePlacementNoTrace:59 com.android.server.wm.WindowSurfacePlacer.performSurfacePlacement:166 com.android.server.wm.ActivityTaskManagerService.continueWindowLayout:28 
04-20 01:55:22.749  1831  1868 D WindowManager: applyWithNextDraw, mSyncSeqId=207, win=Window{fb5d225 u0 InputMethod}, caller=com.android.server.wm.WindowState.applyWithNextDraw:131 com.android.server.wm.InsetsSourceProvider.updateInsetsControlPosition:55 com.android.server.wm.InsetsSourceProvider.onPostLayout:41 com.android.server.wm.ImeInsetsSourceProvider.onPostLayout:3 com.android.server.wm.InsetsStateController.onPostLayout:26 com.android.server.wm.RootWindowContainer.applySurfaceChangesTransaction$1:203 
04-20 01:55:22.751  1831  1868 D DisplayDevice: setProjectionLocked, orientation=0, layerStackRect=Rect(0, 0 - 1080, 2340), displayRect=Rect(0, 0 - 1080, 2340) for local:4627039422300187648
04-20 01:55:22.751  2509  2562 V ShellDragAndDrop: Display changed: 0
04-20 01:55:22.751 15380 15380 V VRI[Conversation]@6571d78: updateAppliedLetterboxDirection, direction=0, Caller=android.view.ViewRootImpl.handleDispatchLetterboxDirectionChanged:15753
04-20 01:55:22.752  1270  1270 I hwcomposer: [DBQ] (q2:0xb400007e59a32c00) Buffer queue is created with size(3), m_id(28510), q2  
04-20 01:55:22.752  3033  5129 I id.app.launcher: Explicit concurrent mark compact GC freed 4900KB AllocSpace bytes, 5(244KB) LOS objects, 49% free, 17MB/35MB, paused 907us,1.709ms total 130.768ms
04-20 01:55:22.753  2509  2509 D NavBarStateManager: NavBarStates(0) canShowKeyboardButtonForRotation(1): true
04-20 01:55:22.753  3033  3033 I HoneySpace.FloatingAnimator: onConfigurationChanged, cacheClear
04-20 01:55:22.754  1327  3070 I SurfaceFlinger: onHandleDestroyed: layerId=107154, name=Surface(name=Task=1)/@0x10ab495_transition-leash#107154
04-20 01:55:22.754  5000  5000 I HBD     : c inset is lower than 0 
04-20 01:55:22.754  1327  3070 I SurfaceFlinger: id=107154 Removed Surface(name=Task=1)/@0x10ab495_transition-leash#107154 (186)
04-20 01:55:22.754  1327  3070 I SurfaceFlinger: onHandleDestroyed: layerId=107155, name=Surface(name=Task=5167)/@0x22bc99b_transition-leash#107155
04-20 01:55:22.754  1327  3070 I SurfaceFlinger: id=107155 Removed Surface(name=Task=5167)/@0x22bc99b_transition-leash#107155 (186)
04-20 01:55:22.754  1327  3070 I SurfaceFlinger: onHandleDestroyed: layerId=107177, name=Transition Root: Task=5167#107177
04-20 01:55:22.754  1327  3070 I SurfaceFlinger: id=107177 Removed Transition Root: Task=5167#107177 (186)
04-20 01:55:22.754  1327  3070 I SurfaceFlinger: onHandleDestroyed: layerId=107201, name=Transition Root: Task=5167#107201
04-20 01:55:22.754  1327  3070 I SurfaceFlinger: id=107201 Removed Transition Root: Task=5167#107201 (186)
04-20 01:55:22.755  1270  1270 I hwcomposer: [DBQ] (q2:0xb400007e59a32c00) Reallocate Slot(0), pool(0 -> 0) size(0 -> 10108800) secure(0 -> 0)  
04-20 01:55:22.755  3033  3033 I HoneySpace.DisplaySource: onConfigurationChanged
04-20 01:55:22.756  1327  1649 D SurfaceFlinger: NotifyHwcComposition(), id 0, mode 1
04-20 01:55:22.756  1831  1868 D BLASTSyncEngine: SyncGroup 8210:  Unfinished container: WindowToken{b02c2dc type=2011 android.os.Binder@bc79bb0} mSyncState=2
04-20 01:55:22.757  1831  1868 I InputManager-JNI: Viewport [0] to add: local:4627039422300187648, isActive: true
04-20 01:55:22.757  1831  1868 D InputManager-JNI: Viewport [0] type:1, displayId=0, uniqueId=local:4627039422300187648, orientation=0, logicalFrame=[0, 0][1080, 2340], physicalFrame=[0, 0][1080, 2340], deviceSize=[1080, 2340]
04-20 01:55:22.758  2509  2509 D NavBarStateManager: NavBarStates(0) canShowKeyboardButtonForRotation(2): true
04-20 01:55:22.758  2509  2562 D WindowManagerShell: onKeepClearAreasChanged: restricted={}, unrestricted={Rect(0, 80 - 1080, 2340)}
04-20 01:55:22.759  1831  1831 D TspStateManager: updateCustomValue customSetting=
04-20 01:55:22.760  3033  3033 I HoneySpace.DisplaySource: DisplayInfo(rotation=0, displayId=0, displaySize=Point(1080, 2340), displayCutout=DisplayCutout{insets=Rect(0, 80 - 0, 0) waterfall=Insets{left=0, top=0, right=0, bottom=0} boundingRect={Bounds=[Rect(0, 0 - 0, 0), Rect(472, 0 - 608, 80), Rect(0, 0 - 0, 0), Rect(0, 0 - 0, 0)]} cutoutPathParserInfo={CutoutPathParserInfo{displayWidth=1080 displayHeight=2340 physicalDisplayWidth=1080 physicalDisplayHeight=2340 density={2.8125} cutoutSpec={M 0,0 H -24.177777778 V 28.4444444444 H 24.177777778 V 0 H 0 Z @dp} rotation={0} scale={1.0} physicalPixelDisplaySizeRatio={1.0}}} sideOverrides={}}, isNavCanMove=true, isTablet=false)
04-20 01:55:22.760  1831  2024 I InputReader: Reconfiguring input devices, changes=DISPLAY_INFO
04-20 01:55:22.760  3033  3033 I HoneySpace.DisplaySource: onConfigurationChanged
04-20 01:55:22.760  1831  2024 I InputReader: support feature by TSP : 0x121
04-20 01:55:22.760  1831  3473 D LiftUpHandler: [LTW] Stopped already.
04-20 01:55:22.761  1309 25201 D AudioFlinger: setParameters: filtered dev setParameters keyvalue screen_state=on
04-20 01:55:22.761  1270  1270 I hwcomposer: [DBQ] (q2:0xb400007e59a32c00) Alloc Slot(0), handle=0xb400007e59a55100 c=0 w=1080 h=2340 p=1088 ys=1088 vs=2340 f=2 sec=0 sh=0, usage=0x800  
04-20 01:55:22.762  1831  2045 I SemInputDeviceManagerService: onDisplayChanged: 0
04-20 01:55:22.762  1831  2045 D SemInputDevice:TSP: setProperty: not support cmd "ORIENTATION" at supportCommands
04-20 01:55:22.762  1831  2045 I SemInputCommandService: setPropertyAllTouch: ORIENTATION,0 retDefault=-5 retExtra=-2
04-20 01:55:22.762  1831  2045 I SemInputMotionHelper: setMotionControl: ALL: 20, client=SemInputDeviceManagerService, ret=-1
04-20 01:55:22.762  3033  3033 I HoneySpace.DisplaySource: DisplayInfo(rotation=0, displayId=0, displaySize=Point(1080, 2340), displayCutout=DisplayCutout{insets=Rect(0, 80 - 0, 0) waterfall=Insets{left=0, top=0, right=0, bottom=0} boundingRect={Bounds=[Rect(0, 0 - 0, 0), Rect(472, 0 - 608, 80), Rect(0, 0 - 0, 0), Rect(0, 0 - 0, 0)]} cutoutPathParserInfo={CutoutPathParserInfo{displayWidth=1080 displayHeight=2340 physicalDisplayWidth=1080 physicalDisplayHeight=2340 density={2.8125} cutoutSpec={M 0,0 H -24.177777778 V 28.4444444444 H 24.177777778 V 0 H 0 Z @dp} rotation={0} scale={1.0} physicalPixelDisplaySizeRatio={1.0}}} sideOverrides={}}, isNavCanMove=true, isTablet=false)
04-20 01:55:22.762  3033  3033 I HoneySpace.GestureInputHandler: onConfigurationChanged  windowBounds.update
04-20 01:55:22.762  3033  3033 I HoneySpace.GestureInputHandler: updateGestureStyleData
04-20 01:55:22.762  3033  3033 I HoneySpace.HoneySpaceManagerContainer: getWindowBounds, key = (android.window.WindowContext, 0)
04-20 01:55:22.762  1831  1869 I ImeTracker: system_server:372fa016: onRequestShow at ORIGIN_SERVER reason IME_REQUESTED_CHANGED_LISTENER fromUser false
04-20 01:55:22.762  1831  1869 D InsetsSourceProvider: updateVisibility: serverVisible=false, clientVisible=true, source=InsetsSource: {3 mType=ime mFrame=[0,0][0,0] mVisible=false mFlags= mSideHint=NONE mBoundingRects=null}, controlTarget=Window{86b9800 u0 com.whatsapp/com.whatsapp.Conversation}, from=com.android.server.wm.ImeInsetsSourceProvider.updateVisibility:7 com.android.server.wm.InsetsSourceProvider.setServerVisible:6 com.android.server.wm.ImeInsetsSourceProvider.setServerVisible:75 com.android.server.wm.InsetsSourceProvider.onPostLayout:30 com.android.server.wm.ImeInsetsSourceProvider.onPostLayout:3 com.android.server.wm.InsetsStateController.onPostLayout:26 com.android.server.wm.RootWindowContainer.applySurfaceChangesTransaction$1:203 com.android.server.wm.RootWindowContainer.performSurfacePlacementNoTrace:59 com.android.server.wm.WindowSurfacePlacer.performSurfacePlacement:166 com.android.server.wm.WindowSurfacePlacer$Traverser.run:14 
04-20 01:55:22.763  2509  2562 D ShellSplitScreen: onTaskInfoChanged: taskId=3 taskAct=null stageId=MAIN
04-20 01:55:22.764  3033  5500 I HoneySpace.DeviceStateUseCase: changed: THREE_BUTTON, 135, true, false, DisplayInfo(rotation=0, displayId=0, displaySize=Point(1080, 2340), displayCutout=DisplayCutout{insets=Rect(0, 80 - 0, 0) waterfall=Insets{left=0, top=0, right=0, bottom=0} boundingRect={Bounds=[Rect(0, 0 - 0, 0), Rect(472, 0 - 608, 80), Rect(0, 0 - 0, 0), Rect(0, 0 - 0, 0)]} cutoutPathParserInfo={CutoutPathParserInfo{displayWidth=1080 displayHeight=2340 physicalDisplayWidth=1080 physicalDisplayHeight=2340 density={2.8125} cutoutSpec={M 0,0 H -24.177777778 V 28.4444444444 H 24.177777778 V 0 H 0 Z @dp} rotation={0} scale={1.0} physicalPixelDisplaySizeRatio={1.0}}} sideOverrides={}}, isNavCanMove=true, isTablet=false), ExtraDisplayInfo(rotation=-1, displayId=-1, displaySize=Point(0, 0), displayCutout=null, foldState=-1), false
04-20 01:55:22.764  1831  1869 D BLASTSyncEngine: SyncGroup 8210:  Unfinished container: WindowToken{b02c2dc type=2011 android.os.Binder@bc79bb0} mSyncState=2
04-20 01:55:22.765  2509  2562 V ShellDesktopMode: RootTaskDesksOrganizer: Desk #5's task info changed
04-20 01:55:22.765  1831  2249 D MotionRecognitionService: Receiver: CONFIGURATION_CHANGED
04-20 01:55:22.765  2509  2562 V ShellDesktopMode: RootTaskDesksOrganizer: Minimization root for desk#5 task info changed
04-20 01:55:22.766  1327  1327 D SurfaceFlinger: Display 4627039422300187648 HWC layers:
04-20 01:55:22.766  1327  1327 D SurfaceFlinger:   SOLID_COLOR |                        0 | 00000000 | N/A          |    0.0    0.0    0.0    0.0 |    0    0   -1   -1 | Letterbox - left#107226 (0)
04-20 01:55:22.766  1327  1327 D SurfaceFlinger:        DEVICE |           66056597012596 | 00002102 | RGBA_8888    |    0.0    0.0    0.0    0.0 |    0    0   -1   -1 | com.whatsapp/com.whatsapp.Conversation$_15380#107213 (142)
04-20 01:55:22.766  1327  1327 D SurfaceFlinger:        DEVICE |           21474836485030 | 00002100 | RGBA_8888    |    0.0    0.0    0.0    0.0 |    0    0   -1   -1 | InputMethod$_5000#107217 (49)
04-20 01:55:22.766  1327  1327 D SurfaceFlinger:        DEVICE |           10776073020327 | 00002100 | RGBA_8888    |    0.0    0.0    0.0    0.0 |    0    0   -1   -1 | StatusBar$_2509#105 (185508)
04-20 01:55:22.766  1327  1327 D SurfaceFlinger:        DEVICE |           10776073020328 | 00002100 | RGBA_8888    |    0.0    0.0    0.0    0.0 |    0    0   -1   -1 | NavigationBar0$_2509#100 (171035)
04-20 01:55:22.766  1327  1327 D SurfaceFlinger:        DEVICE |            5699421717714 | 00000002 | RGBA_8888    |    0.0    0.0 2340.0 1080.0 |    0    0 1080 2340 | RotationLayer_WmCore#107239 (100)
04-20 01:55:22.766  1327  1327 D SurfaceFlinger: 
04-20 01:55:22.766  1327  1327 I SurfaceFlinger: destroyed Surface(name=TransientLaunchOverlayToken{f61bfc7 token=android.os.BinderProxy@69ffbe1})/@0x8dc7a12_transition-leash#107178
04-20 01:55:22.766  1327  1327 I SurfaceFlinger: destroyed Surface(name=Task=5167)/@0x22bc99b_transition-leash#107155
