04-20 00:48:58.985  2509  2509 I VRI[StatusBar]@b28a02a: handleResized, frames=ClientWindowFrames{frame=[0,0][1080,80] display=[0,0][1080,2340] parentFrame=[0,0][0,0]} displayId=0 dragResizing=false compatScale=1.0 frameChanged=false attachedFrameChanged=false configChanged=false displayChanged=false compatScaleChanged=false dragResizingChanged=false
04-20 00:48:58.985  2509  2509 I VRI[NavigationBar0]@7904a44: handleResized, frames=ClientWindowFrames{frame=[0,2205][1080,2340] display=[0,0][1080,2340] parentFrame=[0,0][0,0]} displayId=0 dragResizing=false compatScale=1.0 frameChanged=false attachedFrameChanged=false configChanged=false displayChanged=false compatScaleChanged=false dragResizingChanged=false
04-20 00:48:58.985  2509  2830 I WallpaperService: updateSurface system forceRelayout=true forceReport=false redrawNeeded=false myWidth=-1 myHeight=-1 fixedSize=false x = 0 y = 0 mWidth=-1 mHeight=-1
04-20 00:48:58.985  1831  5463 I SemInputMotionHelper: setMotionControl: ALL: 11, client=com.samsung.android.hardware.secinputdev.SemInputDeviceManager, ret=-1
04-20 00:48:58.985  1831  5463 D SemInputDeviceManager: setProperty: (100) CMD,SIP,1
04-20 00:48:58.985  2509  2830 I WallpaperService: maxBounds : Rect(0, 0 - 1080, 2340) , mDeviceHeight : 2340, mDeviceWidth : 1080,mDeviceRotation  : 0
04-20 00:48:58.985  2509  2830 I WallpaperService: updateSurface: invoke Session.relayout
04-20 00:48:58.985  3033  3033 I HoneySpace.RecentsActivity: onApplyWindowInsets, Insets{left=0, top=80, right=0, bottom=135} -> Insets{left=0, top=80, right=0, bottom=135}, type: DEFAULT
04-20 00:48:58.985  3033  3033 I HoneySpace.HoneySpaceManagerContainer: getWindowBounds, key = (com.android.quickstep.RecentsActivity, 0)
04-20 00:48:58.985  1831  5463 I SemInputCommandService: setPropertyAllTouch: SIP,1 retDefault=1 retExtra=-2
04-20 00:48:58.985  3033  3033 I HoneySpace.RecentsActivity: rawWindowBounds: bounds: Rect(0, 0 - 1080, 2340), baseScreenSize: Point(1080, 2205), insets: Insets{left=0, top=80, right=0, bottom=135}, insetsIgnoreCutout: Insets{left=0, top=80, right=0, bottom=135}
04-20 00:48:58.985  1831  5463 D TspStateManager: wrote command: cmd=1, type=5
04-20 00:48:58.987  1296  1296 I sysinput:Touch: writeInformation:249, OK
04-20 00:48:58.987  1831  2048 D SysinputHAL_V1_3(V1_2): runTspCmdNoRead(TSP(1)): set_grip_data,1,18,7,24,1830 ret=0
04-20 00:48:58.987  1831  2048 D SemInputDevice:TSP: SetPropertyTask: CMD,set_sip_mode,1 [04-20 00:48:58.985]
04-20 00:48:58.988  1296  1296 I sysinput:Touch: writeInformation:249, OK
04-20 00:48:58.988  1831  2048 D SysinputHAL_V1_3(V1_2): runTspCmdNoRead(TSP(1)): set_sip_mode,1 ret=0
04-20 00:48:58.988  1831  5125 I WindowManager: Relayout Window{9991900 u0 com.whatsapp/com.whatsapp.Conversation}: viewVisibility=4 req=1080x2340 ty=1 d0
04-20 00:48:58.991  1831  1850 I WindowManager: Relayout Window{e8b9727 u0 com.android.systemui.wallpapers.ImageWallpaper}: viewVisibility=0 req=-1x-1 ty=2013 d0
04-20 00:48:58.991  1831  5125 I WindowManager: Relayout hash=9991900, pid=5039, syncId=-1: mAttrs={(0,0)(fillxfill) sim={state=always_visible adjust=pan} ty=BASE_APPLICATION wanim=0x1030317
04-20 00:48:58.991  1831  5125 I WindowManager:   fl=81810100
04-20 00:48:58.991  1831  5125 I WindowManager:   pfl=10008040
04-20 00:48:58.991  1831  5125 I WindowManager:   vsysui=2010
04-20 00:48:58.991  1831  5125 I WindowManager:   apr=18
04-20 00:48:58.991  1831  5125 I WindowManager:   bhv=1
04-20 00:48:58.991  1831  5125 I WindowManager:   fitSides=0
04-20 00:48:58.991  1831  5125 I WindowManager:   frameRateBoostOnTouch=true
04-20 00:48:58.991  1831  5125 I WindowManager:   dvrrWindowFrameRateHint=true naviIconColor=0}
04-20 00:48:58.992  1327  1327 I SurfaceFlinger: RequestedLayer [Surface(name=fb5d225 InputMethod)/@0[...]ion-leash of insets_animation#102148] hidden!! flag  from(1) --> to(0)
04-20 00:48:58.992  1327  1327 E SurfaceFlinger: alpha changed 1.000 -> 0.000 - Surface(name=fb5d225 InputMethod)/@0xb2f1587 - animation-leash of insets_animation#102148
04-20 00:48:58.992  1327  1327 I SurfaceFlinger: [LayerHierarchy{RequestedLayerState{ImeContainer#15 parentId=426 relativeParentId=427 z=1} 4 children}] reparent to LayerHierarchy{RequestedLayerState{ActivityRecord{264679904 u0 com.sec.android.app.launcher/com.android.quickstep.RecentsActivity t5167}#426 parentId=425} 3 children}
04-20 00:48:58.992  1327  1327 I SurfaceFlinger: [LayerHierarchy{RequestedLayerState{ImeContainer#15 parentId=426 relativeParentId=427 z=1} 4 children}] RelativeParent to LayerHierarchy{RequestedLayerState{eeeaf72 com.sec.android.app.launcher/com.android.quickstep.RecentsActivity#427 parentId=426} 2 children}
04-20 00:48:58.992  1327  1327 I SurfaceFlinger: [LayerHierarchy{RequestedLayerState{eeaad28 NavigationBar0#95 parentId=102149} 1 children}] reparent to LayerHierarchy{RequestedLayerState{Surface(name=eeaad28 NavigationBar0)/@0x399faeb - animation-leash of insets_animation#102149 parentId=94} 1 children}
04-20 00:48:58.992  1327  1327 I SurfaceFlinger: [LayerHierarchy{RequestedLayerState{fb5d225 InputMethod#138 parentId=102148} 1 children}] reparent to LayerHierarchy{RequestedLayerState{Surface(name=fb5d225 InputMethod)/@0xb2f1587 - animation-leash of insets_animation#102148 parentId=121} 1 children}
04-20 00:48:58.992  1327  1327 I SurfaceFlinger: [LayerHierarchy{RequestedLayerState{Surface(name=eeaad28 NavigationBar0)/@0x399faeb - animation-leash of insets_animation#102137} no children}] reparent to OffscreenRoot
04-20 00:48:58.992  1327  1327 I SurfaceFlinger: [LayerHierarchy{RequestedLayerState{Surface(name=eeaad28 NavigationBar0)/@0x399faeb - animation-leash of insets_animation#102137} no children}] RelativeParent to null
04-20 00:48:58.992  1327  1327 I SurfaceFlinger: [LayerHierarchy{RequestedLayerState{Surface(name=fb5d225 InputMethod)/@0xb2f1587 - animation-leash of insets_animation#102135} no children}] reparent to OffscreenRoot
04-20 00:48:58.992  1327  1327 I SurfaceFlinger: [LayerHierarchy{RequestedLayerState{Surface(name=fb5d225 InputMethod)/@0xb2f1587 - animation-leash of insets_animation#102135} no children}] RelativeParent to null
04-20 00:48:58.993  5039  5039 I InsetsController: onStateChanged: host=com.whatsapp/com.whatsapp.Conversation, from=android.view.ViewRootImpl.onInsetsStateChanged:3026, state=InsetsState: {mDisplayFrame=Rect(0, 0 - 1080, 2340), mDisplayCutout=DisplayCutout{insets=Rect(0, 80 - 0, 0) waterfall=Insets{left=0, top=0, right=0, bottom=0} boundingRect={Bounds=[Rect(0, 0 - 0, 0), Rect(472, 0 - 608, 80), Rect(0, 0 - 0, 0), Rect(0, 0 - 0, 0)]} cutoutPathParserInfo={CutoutPathParserInfo{displayWidth=1080 displayHeight=2340 physicalDisplayWidth=1080 physicalDisplayHeight=2340 density={2.8125} cutoutSpec={M 0,0 H -24.177777778 V 28.4444444444 H 24.177777778 V 0 H 0 Z @dp} rotation={0} scale={1.0} physicalPixelDisplaySizeRatio={1.0}}} sideOverrides={}}, mRoundedCorners=RoundedCorners{[RoundedCorner{position=TopLeft, radius=113, center=Point(113, 113)}, RoundedCorner{position=TopRight, radius=113, center=Point(967, 113)}, RoundedCorner{position=BottomRight, radius=113, center=Point(967, 2227)}, RoundedCorner{position=BottomLeft, radius=113, center=Point(113, 2227)}]}  mRoundedCornerFrame=Rect(0, 0 - 1080, 2340), mPrivacyIndicatorBounds=PrivacyIndicatorBounds {static bounds=Rect(956, 0 - 1080, 80) rotation=0}, mDisplayShape=DisplayShape{ spec=-311912193 displayWidth=1080 displayHeight=2340 physicalPixelDisplaySizeRatio=1.0 rotation=0 offsetX=0 offsetY=0 scale=1.0}, mSources= { InsetsSource: {3 mType=ime mFrame=[0,1332][1080,2340] mVisible=true mFlags= mSideHint=BOTTOM mBoundingRects=null}, InsetsSource: {27 mType=displayCutout mFrame=[0,0][1080,80] mVisible=true mFlags= mSideHint=TOP mBoundingRects=null}, InsetsSource: {65150000 mType=statusBars mFrame=[0,0][1080,80] mVisible=true mFlags= mSideHint=TOP mBoundingRects=null}, InsetsSource: {65150005 mType=mandatorySystemGestures mFrame=[0,0][1080,114] mVisible=true mFlags= mSideHint=TOP mBoundingRects=null}, InsetsSource: {65150006 mType=tappableElement mFrame=[0,0][1080,80] mVisible=true mFlags= mSideHint=TOP mBoundingRects=null}, InsetsSource: {71ac0001 mType=navigationBars mFrame=[0,2205][1080,2340] mVisible=true mFlags= mSideHint=BOTTOM mBoundingRects=null}, InsetsSource: {71ac0004 mType=systemGestures mFrame=[0,0][0,0] mVisible=true mFlags= mSideHint=NONE mBoundingRects=null}, InsetsSource: {71ac0005 mType=mandatorySystemGestures mFrame=[0,2205][1080,2340] mVisible=true mFlags= mSideHint=BOTTOM mBoundingRects=null}, InsetsSource: {71ac0006 mType=tappableElement mFrame=[0,2205][1080,2340] mVisible=true mFlags= mSideHint=BOTTOM mBoundingRects=null}, InsetsSource: {71ac0024 mType=systemGestures mFrame=[0,0][0,0] mVisible=true mFlags= mSideHint=NONE mBoundingRects=null} }
04-20 00:48:58.994  5039  5039 I ImeTracker: com.whatsapp:b5265f23: onCancelled at PHASE_CLIENT_ANIMATION_CANCEL
04-20 00:48:58.994  5039  5039 I InsetsController: cancelAnimation: types=ime, animType=1, host=com.whatsapp/com.whatsapp.Conversation, from=android.view.InsetsController.notifyControlRevoked:2043 android.view.InsetsSourceConsumer.setControl:158 android.view.InsetsController.onControlsChanged:1207 
04-20 00:48:58.994  1831  1850 I WindowManager: Relayout hash=e8b9727, pid=2509, syncId=-1: mAttrs={(0,0)(fillxfill) gr=TOP START CENTER layoutInDisplayCutoutMode=always ty=WALLPAPER fmt=RGBX_8888 wanim=0x1030328
04-20 00:48:58.994  1831  1850 I WindowManager:   fl=10318
04-20 00:48:58.994  1831  1850 I WindowManager:   pfl=14
04-20 00:48:58.994  1831  1850 I WindowManager:   bhv=1
04-20 00:48:58.994  1831  1850 I WindowManager:   frameRateBoostOnTouch=true
04-20 00:48:58.994  1831  1850 I WindowManager:   dvrrWindowFrameRateHint=true naviIconColor=0}
04-20 00:48:58.995  5039  5039 I VRI[Conversation]@c22ee71: Relayout returned: old=(0,0,1080,2340) new=(0,0,1080,2340) relayoutAsync=false req=(1080,2340)4 dur=7 res=0x2 s={false 0x0} ch=false seqId=0
04-20 00:48:58.996  5039  5039 D VRI[Conversation]@c22ee71: Not drawing due to not visible. Reason=View.INVISIBLE
04-20 00:48:58.997  5039  5111 D HWUI    : CacheManager::trimMemory(20)
04-20 00:48:58.997  2509  2830 I BLASTBufferQueue_Java: update, w= 1080 h= 2340 mName = Wallpaper mNativeObject= 0xb400007644f35400 sc.mNativeObject= 0xb400007644f3c900 format= 2 caller= android.service.wallpaper.WallpaperService$Engine.getOrCreateBLASTSurface:2929 android.service.wallpaper.WallpaperService$Engine.updateSurface:1682 android.service.wallpaper.WallpaperService$IWallpaperEngineWrapper.handleResized:3540 android.service.wallpaper.WallpaperService$IWallpaperEngineWrapper.executeMessage:3459 com.android.internal.os.HandlerCaller$MyHandler.handleMessage:44 android.os.Handler.dispatchMessage:110 
04-20 00:48:58.997  2509  2830 I BLASTBufferQueue: [Wallpaper#3](f:0,a:2,s:0) update width=1080 height=2340 format=2 mTransformHint=0
04-20 00:48:58.999  1831  3374 V WindowManager: Setting visibility of Window{9991900 u0 com.whatsapp/com.whatsapp.Conversation}: false, caller=com.android.server.wm.WindowContainer.sendAppVisibilityToClients:19 com.android.server.wm.WindowToken.setClientVisible:48 com.android.server.wm.ActivityRecord.activityStopped:189 com.android.server.wm.ActivityClientController.activityStopped:97 android.app.IActivityClientController$Stub.onTransact:740 
04-20 00:48:58.999  1831  1868 D SGM:FgCheckThread: getForegroundApp(), foregroundPkgName=com.sec.android.app.launcher
04-20 00:48:58.999  1831  3374 E WindowManager: win=Window{9991900 u0 com.whatsapp/com.whatsapp.Conversation} destroySurfaces: appStopped=true cleanupOnResume=false win.mWindowRemovalAllowed=false win.mRemoveOnExit=false win.mViewVisibility=4 caller=com.android.server.wm.ActivityRecord.destroySurfaces:25 com.android.server.wm.ActivityRecord.activityStopped:192 com.android.server.wm.ActivityClientController.activityStopped:97 android.app.IActivityClientController$Stub.onTransact:740 com.android.server.wm.ActivityClientController.onTransact:1 android.os.Binder.execTransactInternal:1462 android.os.Binder.execTransact:1401 
04-20 00:48:58.999  5039  5039 I VRI[Conversation]@c22ee71: handleAppVisibility mAppVisible = true visible = false
04-20 00:48:59.000  1831  1868 D SGM:FgCheckThread: pkgName: com.whatsapp is not in foreground
04-20 00:48:59.000  1831  1868 D SGM:FgCheckThread: noteStopComponent(), received pkgName: com.whatsapp, focusedPkgName: com.sec.android.app.launcher, userId: 0
04-20 00:48:59.000  1831  2326 D BackgroundInstallControlService: Package event received: 0
04-20 00:48:59.000  5000  5000 I HBD     : a clear BaseLanguageRepo 
04-20 00:48:59.002  1831  1869 I ImeTracker: system_server:5063f21b: onRequestShow at ORIGIN_SERVER reason CONTROLS_CHANGED fromUser false
04-20 00:48:59.002  7291 26696 D Choreographer: BBA2 receive callback when in bg : 4
04-20 00:48:59.002  1831  1866 D PkgPredictorService-SecIpmManagerServiceImpl: bg information pid:5039 uid:10289 pkgName:com.whatsapp
04-20 00:48:59.003  1327  1327 I SurfaceFlinger: RequestedLayer [Surface(name=fb5d225 InputMethod)/@0[...]ion-leash of insets_animation#102135] hidden!! flag  from(0) --> to(1)
04-20 00:48:59.003  1327  1327 I SurfaceFlinger: [LayerHierarchy{RequestedLayerState{com.whatsapp/com.whatsapp.Conversation$_5039#102132} no children}] reparent to OffscreenRoot
04-20 00:48:59.003  1327  1327 I SurfaceFlinger: [LayerHierarchy{RequestedLayerState{com.whatsapp/com.whatsapp.Conversation$_5039#102132} no children}] RelativeParent to null
04-20 00:48:59.004  1831  1866 D SGM:GameManager: identifyForegroundApp. com.sec.android.app.launcher, mCurrentUserId: 0, callerUserId: 0
04-20 00:48:59.004  1831  1866 D SGM:SemGameManager: isForegroundGame(), ret=false
04-20 00:48:59.004  7291  7371 D HWUI    : CacheManager::trimMemory(40)
04-20 00:48:59.004  1327  1327 I SurfaceFlinger: onHandleDestroyed: layerId=102135, name=Surface(name=fb5d225 InputMethod)/@0xb2f1587 - animation-leash of insets_animation#102135
04-20 00:48:59.004  1327  1327 I SurfaceFlinger: id=102135 Removed Surface(name=fb5d225 InputMethod)/@0xb2f1587 - animation-leash of insets_animation#102135 (191)
04-20 00:48:59.004  1831  1866 D SGM:GameManager: identifyForegroundApp. com.sec.android.app.launcher, mCurrentUserId: 0, callerUserId: 0
04-20 00:48:59.004  1831  1866 D SGM:SemGameManager: isForegroundGame(), ret=false
04-20 00:48:59.004  1327  1327 I SurfaceFlinger: onHandleDestroyed: layerId=102132, name=com.whatsapp/com.whatsapp.Conversation$_5039#102132
04-20 00:48:59.004  1327  1327 I SurfaceFlinger: id=102132 Removed com.whatsapp/com.whatsapp.Conversation$_5039#102132 (191)
04-20 00:48:59.010  5000  5000 I WindowManager: WindowManagerGlobal#removeView, ty=2012, view=com.samsung.android.honeyboard.icecone.rts.view.RtsResultLayout{7ca483e GFE...C.. ......I. 0,0-11,147 #7f0a084e app:id/rtsResultLinearLayout}, caller=android.view.WindowManagerGlobal.removeView:654 android.view.WindowManagerImpl.removeViewImmediate:216 com.samsung.android.honeyboard.icecone.rts.view.RtsViewController.removeView:23 
04-20 00:48:59.010  5039  5039 D BBA2    : setIsFg isFg = false; delayValue 3999ms
04-20 00:48:59.011  4581  5329 I AiAiConversations: [MessageActivityBroadcaster][component=ComponentInfo{com.whatsapp/com.whatsapp.Conversation}][sessionId=311796525][exitReason=DEFAULT][requiresDeletion=false] Exit Conversation
04-20 00:48:59.012  5000  5000 I VRI[]@117d69f: dispatchDetachedFromWindow
04-20 00:48:59.012  1831  3374 D InputTransport: Input channel destroyed: '750d19f', fd=1186
04-20 00:48:59.013  1831  3374 V WindowManager: Remove Window{750d19f u0 com.samsung.android.honeyboard}: mSurfaceControl=null mAnimatingExit=false mRemoveOnExit=false mHasSurface=false surfaceShowing=false animating=false app-animation=false callers=com.android.server.wm.Session.remove:16 android.view.IWindowSession$Stub.onTransact:804 com.android.server.wm.Session.onTransact:1 android.os.Binder.execTransactInternal:1457 android.os.Binder.execTransact:1401 <bottom of call stack> 
04-20 00:48:59.013  1831 15133 D PerProcessNandswap$NandswapMsgHandler: startNandswapProcess to-delay Cached-ppn com.anthropic.claude
04-20 00:48:59.014  1327  1327 I SurfaceFlinger: destroyed Surface(name=fb5d225 InputMethod)/@0xb2f1587 - animation-leash of insets_animation#102135
04-20 00:48:59.014  1327  1327 I SurfaceFlinger: destroyed com.whatsapp/com.whatsapp.Conversation$_5039#102132
04-20 00:48:59.015  1327  1327 I Layer   : id=102132 Destroyed com.whatsapp/com.whatsapp.Conversation$_5039#102132
04-20 00:48:59.016  1327  1327 I Layer   : id=102135 Destroyed Surface(name=fb5d225 InputMethod)/@0xb2f1587 - animation-leash of insets_animation#102135
04-20 00:48:59.019  1831  2024 D InputReader: Btn_touch(6): value=0 when=209236.245976
04-20 00:48:59.019  1831  2024 I InputReader: Touch event's action is 0x1 (id=5, t=0) [pCnt=1, s=] when=209236.245976
04-20 00:48:59.020  5000  5000 I HBD     : MultiModalSwitcher onFinishInputView 
04-20 00:48:59.020  1831  2023 I InputDispatcher: Delivering touch to (3033): action: 0x1, f=0x0, d=0, 'eeeaf72', t=1 
04-20 00:48:59.020  5000  5000 I HBD     : HoneyBoardService [PF_CL][onFinishInputView]  60 ms 
04-20 00:48:59.020  5000  5000 I HBD     : b showInputView requested current = true, applyNow = false 
04-20 00:48:59.020  5000  5000 I HBD     : HoneyBoardService onFinishInput 
04-20 00:48:59.021  5000  5000 I HBD     : a IC have been unbinding,  RemoteInputConnection{idHash=#62d3dbb}
04-20 00:48:59.021  5000  5000 I HBD     : HoneyBoardService [PF_CL][onFinishInput]  1 ms 
04-20 00:48:59.022  5000  5000 I HBD     : HoneyBoardService [IMI] onStartInput - caller pid : 3033 , caller uid : 10140 
04-20 00:48:59.022  5000  5000 I HBD     : k updateConfigs 
04-20 00:48:59.022  5000  5000 I HBD     : k isEnabledNightMode : false 
04-20 00:48:59.022  5000  5000 I HBD     : a IC have been binding, RemoteInputConnection{idHash=#b69e484} 
04-20 00:48:59.022  5000  5000 I HBD     : h [EditorInputType]setPrivateImeOptionsToTable privateImeOptions ( null )
04-20 00:48:59.023  5000  5000 I HBD     : b incognitoMode : false 
04-20 00:48:59.023  5000  5000 I HBD     : c needOff = true , isForceOff = false, isNullInputClass : true 
04-20 00:48:59.023  5000  5000 I HBD     : h getDefaultInputRange : UNKNOWN 
04-20 00:48:59.023  5000  5000 I HBD     : h getDefaultInputRange : UNKNOWN 
04-20 00:48:59.023  1831  1868 I InsetsController: onStateChanged: host=PermanentControlTarget, from=com.android.server.wm.InsetsPolicy$ControlTarget.run:18, state=InsetsState: {mDisplayFrame=Rect(0, 0 - 1080, 2340), mDisplayCutout=DisplayCutout{insets=Rect(0, 80 - 0, 0) waterfall=Insets{left=0, top=0, right=0, bottom=0} boundingRect={Bounds=[Rect(0, 0 - 0, 0), Rect(472, 0 - 608, 80), Rect(0, 0 - 0, 0), Rect(0, 0 - 0, 0)]} cutoutPathParserInfo={CutoutPathParserInfo{displayWidth=1080 displayHeight=2340 physicalDisplayWidth=1080 physicalDisplayHeight=2340 density={2.8125} cutoutSpec={M 0,0 H -24.177777778 V 28.4444444444 H 24.177777778 V 0 H 0 Z @dp} rotation={0} scale={1.0} physicalPixelDisplaySizeRatio={1.0}}} sideOverrides={}}, mRoundedCorners=RoundedCorners{[RoundedCorner{position=TopLeft, radius=113, center=Point(113, 113)}, RoundedCorner{position=TopRight, radius=113, center=Point(967, 113)}, RoundedCorner{position=BottomRight, radius=113, center=Point(967, 2227)}, RoundedCorner{position=BottomLeft, radius=113, center=Point(113, 2227)}]}  mRoundedCornerFrame=Rect(0, 0 - 0, 0), mPrivacyIndicatorBounds=PrivacyIndicatorBounds {static bounds=Rect(956, 0 - 1080, 80) rotation=0}, mDisplayShape=DisplayShape{ spec=-311912193 displayWidth=1080 displayHeight=2340 physicalPixelDisplaySizeRatio=1.0 rotation=0 offsetX=0 offsetY=0 scale=1.0}, mSources= { InsetsSource: {3 mType=ime mFrame=[0,1332][1080,2340] mVisible=false mFlags= mSideHint=BOTTOM mBoundingRects=null}, InsetsSource: {27 mType=displayCutout mFrame=[0,0][1080,80] mVisible=true mFlags= mSideHint=TOP mBoundingRects=null}, InsetsSource: {65150000 mType=statusBars mFrame=[0,0][1080,80] mVisible=true mFlags= mSideHint=TOP mBoundingRects=null}, InsetsSource: {65150005 mType=mandatorySystemGestures mFrame=[0,0][1080,114] mVisible=true mFlags= mSideHint=TOP mBoundingRects=null}, InsetsSource: {65150006 mType=tappableElement mFrame=[0,0][1080,80] mVisible=true mFlags= mSideHint=TOP mBoundingRects=null}, InsetsSource: {71ac0001 mType=navigationBars mFrame=[0,2205][1080,2340] mVisible=true mFlags= mSideHint=BOTTOM mBoundingRects=null}, InsetsSource: {71ac0004 mType=systemGestures mFrame=[0,0][0,0] mVisible=true mFlags= mSideHint=NONE mBoundingRects=null}, InsetsSource: {71ac0005 mType=mandatorySystemGestures mFrame=[0,2205][1080,2340] mVisible=true mFlags= mSideHint=BOTTOM mBoundingRects=null}, InsetsSource: {71ac0006 mType=tappableElement mFrame=[0,2205][1080,2340] mVisible=true mFlags= mSideHint=BOTTOM mBoundingRects=null}, InsetsSource: {71ac0024 mType=systemGestures mFrame=[0,0][0,0] mVisible=true mFlags= mSideHint=NONE mBoundingRects=null} }
04-20 00:48:59.023  5000  5000 I HBD     : h getDefaultInputRange : UNKNOWN 
04-20 00:48:59.023  1327  3070 I SurfaceFlinger: onHandleDestroyed: layerId=102137, name=Surface(name=eeaad28 NavigationBar0)/@0x399faeb - animation-leash of insets_animation#102137
04-20 00:48:59.023  1327  3070 I SurfaceFlinger: id=102137 Removed Surface(name=eeaad28 NavigationBar0)/@0x399faeb - animation-leash of insets_animation#102137 (189)
04-20 00:48:59.025  5000  5000 I HBD     : c needOff = true , isForceOff = false, isNullInputClass : true 
04-20 00:48:59.025  5000  5000 I HBD     : c update cached prediction status : false 
04-20 00:48:59.025  5000  5000 I HBD     : h getDefaultInputRange : UNKNOWN 
04-20 00:48:59.025  5000  5000 I HBD     : a currentState : 0 
04-20 00:48:59.025  1470 12317 I CameraService: onUidStateChanged: uid=10508, procState is changed. (15 -> 16)
04-20 00:48:59.025  5000  5000 I HBD     : a [UpdatePolicy] [post] a: 0 cl: 65555 kit: [0/0] vt: 0 ir: 1 
04-20 00:48:59.025  1327  1327 I SurfaceFlinger: destroyed Surface(name=eeaad28 NavigationBar0)/@0x399faeb - animation-leash of insets_animation#102137
04-20 00:48:59.026  3033  3033 I VRI[RecentsActivity]@8d94f7d: ViewPostIme pointer 1
04-20 00:48:59.026  3033  3033 I HoneySpace.StackRecentsView: fling in dispatchTouchEvent
04-20 00:48:59.026  3033  3033 I HoneySpace.StackRecentsView: fling: 0
04-20 00:48:59.026  3033  3033 I HoneySpace.StackRecentsView: dispatchTouchEvent: false
04-20 00:48:59.026  1327  1327 I Layer   : id=102137 Destroyed Surface(name=eeaad28 NavigationBar0)/@0x399faeb - animation-leash of insets_animation#102137
04-20 00:48:59.027  3033  3033 I InsetsSourceConsumer: applyRequestedVisibilityToControl: visible=false, type=ime, host=com.sec.android.app.launcher/com.android.quickstep.RecentsActivity
04-20 00:48:59.030  4581  5350 I AiAiPeople: [0] fragments remain to process, dispatched event [32]
04-20 00:48:59.030  2509  2509 D QSClock : onDarkChanged tint=WHITE
04-20 00:48:59.037  1327  1327 I SurfaceFlinger: RequestedLayer [Surface(name=fb5d225 InputMethod)/@0[...]ion-leash of insets_animation#102148] hidden!! flag  from(0) --> to(1)
04-20 00:48:59.037  1327  1327 I SurfaceFlinger: [LayerHierarchy{RequestedLayerState{750d19f com.samsung.android.honeyboard#102140} no children}] reparent to OffscreenRoot
04-20 00:48:59.037  1327  1327 I SurfaceFlinger: [LayerHierarchy{RequestedLayerState{750d19f com.samsung.android.honeyboard#102140} no children}] RelativeParent to null
04-20 00:48:59.037  1327  1327 I SurfaceFlinger: [LayerHierarchy{RequestedLayerState{WindowToken{dae4f3e type=2012 android.os.BinderProxy@cc8d3f9}#102139 z=3} no children}] reparent to OffscreenRoot
04-20 00:48:59.037  1327  1327 I SurfaceFlinger: [LayerHierarchy{RequestedLayerState{WindowToken{dae4f3e type=2012 android.os.BinderProxy@cc8d3f9}#102139 z=3} no children}] RelativeParent to null
04-20 00:48:59.037  1327  1327 I SurfaceFlinger: onHandleDestroyed: layerId=102139, name=WindowToken{dae4f3e type=2012 android.os.BinderProxy@cc8d3f9}#102139
04-20 00:48:59.037  1327  1327 I SurfaceFlinger: id=102139 Removed WindowToken{dae4f3e type=2012 android.os.BinderProxy@cc8d3f9}#102139 (188)
04-20 00:48:59.037  1327  1327 I SurfaceFlinger: onHandleDestroyed: layerId=102140, name=750d19f com.samsung.android.honeyboard#102140
04-20 00:48:59.038  1327  1327 I SurfaceFlinger: id=102140 Removed 750d19f com.samsung.android.honeyboard#102140 (188)
04-20 00:48:59.048  1327  1327 I SurfaceFlinger: destroyed 750d19f com.samsung.android.honeyboard#102140
04-20 00:48:59.048  1327  1327 I SurfaceFlinger: destroyed WindowToken{dae4f3e type=2012 android.os.BinderProxy@cc8d3f9}#102139
04-20 00:48:59.048  1327  1327 I Layer   : id=102140 Destroyed 750d19f com.samsung.android.honeyboard#102140
04-20 00:48:59.048  1327  1327 I Layer   : id=102139 Destroyed WindowToken{dae4f3e type=2012 android.os.BinderProxy@cc8d3f9}#102139
04-20 00:48:59.054  1831  1968 V InputMethodManagerService: IME window vis: 3 active: 1 visible: 2 displayId: 0
04-20 00:48:59.054  3033  3033 I InsetsSourceConsumer: applyRequestedVisibilityToControl: visible=true, type=navigationBars, host=com.sec.android.app.launcher/com.android.quickstep.RecentsActivity
04-20 00:48:59.054  1831  1968 D InputMethodManagerService: isImeSwitcherDisabledPackage : false
04-20 00:48:59.055  3033  3033 I ImeTracker: system_server:5063f21b: onCancelled at PHASE_CLIENT_ON_CONTROLS_CHANGED
04-20 00:48:59.055  2509  2509 D NavigationBar: setImeWindowStatus displayId=0 vis=1 backDisposition=0 showImeSwitcher=false isImeVisible=false
04-20 00:48:59.058  3033  3033 I HoneySpace.TaskView: onClick, tasks = [[id=5658 windowingMode=1 user=0 lastActiveTime=353705443] null]
04-20 00:48:59.058  3033  3033 I HoneySpace.StackRecentsView: launchTask() => current: 1, launchTask: 1
04-20 00:48:59.058  3033  3033 I HoneySpace.TaskView: launchTask : 1, vm: com.honeyspace.ui.honeypots.tasklist.viewmodel.TaskListViewModel@e063cda
04-20 00:48:59.058  3033  3033 I HoneySpace.OverviewEventHandler: updateTaskLaunchProgress: true
04-20 00:48:59.059  3033  3033 I HoneySpace.TaskLaunchViewModelDelegateImpl: launchTask, tasks = [[id=5658 windowingMode=1 user=0 lastActiveTime=353705443] null]
04-20 00:48:59.059  3033  3102 I HoneySpace.SALoggingUtils: SA Logging screenID: 500 eventId: 5101 detail: {Target=Fullscreen view, PACKAGE=com.anthropic.claude, TYPE=Tap, NthTask=1} value: -1
04-20 00:48:59.059  3033  3033 I HoneySpace.ShellAnimationRunner: setDelegate, delegate-com.honeyspace.transition.delegate.TaskLaunchAnimationDelegate@15dd3e9, strong-false
04-20 00:48:59.060  3033  3033 I HoneySpace.ShellTransitionManager: open start
04-20 00:48:59.061  3033  3033 I HoneySpace.SubViewsProgressRepositoryImpl: taskLaunchProgress: 0.0, recentsEnteringProgress: 1.0
04-20 00:48:59.061  3033  9498 I HoneySpace.TaskLaunchViewModelDelegateImpl: startSingleTask, isDeskTask: false, displayId = 0
04-20 00:48:59.061  3033  3033 I HoneySpace.SubViewsProgressRepositoryImpl: taskLaunchProgress: 0.0, recentsEnteringProgress: 1.0
04-20 00:48:59.061  5000  5000 I HBD     : a [NRIC] resetNoResponseState 
04-20 00:48:59.062  5000  5000 I HBD     : c needOff = true , isForceOff = false, isNullInputClass : true 
04-20 00:48:59.062  5000  5000 I HBD     : c update cached prediction status : false 
04-20 00:48:59.062  5000  5000 I HBD     : b [AiWriter] setContact : com.sec.android.app.launcher
04-20 00:48:59.062  5000  5000 I HBD     : a [AiWriter] setContact : com.sec.android.app.launcher
04-20 00:48:59.062  5000  5000 I HBD     : o0 EBD si S 0 
04-20 00:48:59.062  5000  5000 I HBD     : a [UpdatePolicy] [post] a: 31 cl: 65555 kit: [0/0] vt: 0 ir: 1 
04-20 00:48:59.063  3033  9498 I HoneySpace.ShellTransitionManager: startActivityFromRecents
04-20 00:48:59.063  5000  5000 I HBD     : HoneyBoardService [PF_OP][onStartInput]  41 ms 
04-20 00:48:59.063  5000  5000 I HBD     : HoneyBoardService onStartInputView : restarting=false, client=com.sec.android.app.launcher, pid=3033 
04-20 00:48:59.064  5000  5000 I HBD     : h [EditorInputType]setPrivateImeOptionsToTable privateImeOptions ( null )
04-20 00:48:59.064  5000  5000 I HBD     : b incognitoMode : false 
04-20 00:48:59.064  5000  5000 I HBD     : c needOff = true , isForceOff = false, isNullInputClass : true 
04-20 00:48:59.064  5000  5000 I HBD     : h getDefaultInputRange : UNKNOWN 
04-20 00:48:59.064  5000  5000 I HBD     : h getDefaultInputRange : UNKNOWN 
04-20 00:48:59.064  5000  5000 I HBD     : h getDefaultInputRange : UNKNOWN 
04-20 00:48:59.064  5000  5000 I HBD     : HoneyBoardService onStartInputViewInternal: inputType=0x0, imeOptions=0x0, initialSelStart=-1, initialSelEnd=-1 
04-20 00:48:59.064  5000  5000 I HBD     : f applyThemesPolicy 
04-20 00:48:59.064  5000  5000 I HBD     : e mIsGalaxyTheme = false mIsDexDesktopDisplay : false IsRequiredDarkTypeTheme = false night mode : false mIsEnabledHighContrast = false mIsOpenThemeForHoneyBoardInstalled = false mIsWallpaperThemeInstalled = false mIsThemeParkTheme = false
04-20 00:48:59.064  5000  5000 I HBD     : f ThemeIndex By PolicyInternal theme index :  301989888 Dark
04-20 00:48:59.064  5000  5000 I HBD     : f update KeyboardTheme themeIndex : 0x 12000000  theme :  Dark
04-20 00:48:59.064  5000  5000 I HBD     : a set Theme convertedIndex : 4 
04-20 00:48:59.065  5000  5000 I HBD     : a onThemeChanged: currTheme = 4, nextTheme = 4 
04-20 00:48:59.065  5000  5000 I HBD     : e onUpdate: mThemeStyle = 4 
04-20 00:48:59.065  5000  5000 I HBD     : c updatePredictionStatus : 1, editorOpt 
04-20 00:48:59.066  5000  5000 I HBD     : c updateForEditorClass isPredictionOn = true 
04-20 00:48:59.067  1831  3374 D ActivityTaskManager: scheduleTopResumedActivityChanged, onTop=false, r=ActivityRecord{264679904 u0 com.sec.android.app.launcher/com.android.quickstep.RecentsActivity t5167}, caller=com.android.server.wm.ActivityTaskSupervisor.scheduleTopResumedActivityStateLossIfNeeded:19 com.android.server.wm.ActivityTaskSupervisor.updateTopResumedActivityIfNeeded:20 com.android.server.wm.TaskDisplayArea.positionChildAt:252 com.android.server.wm.Task.moveToFront:40 com.android.server.wm.TaskDisplayArea.moveHomeRootTaskToFront:9 com.android.server.wm.ActivityTaskSupervisor.startActivityFromRecents:583 
04-20 00:48:59.067  5000  5000 I HBD     : c needOff = true , isForceOff = false, isNullInputClass : true 
04-20 00:48:59.067  5000  5000 I HBD     : o0 EBD ssu s 0 
04-20 00:48:59.067  1281  1315 I mtkpower@impl: [setMode] type:5, enabled:1
04-20 00:48:59.067  1831  3374 W ActivityTaskManager: callingPackage for (uid=-1, pid=-1) has no WPC
04-20 00:48:59.068  5000  5000 I HBD     : a [UpdatePolicy] [post] a: 1 cl: 65555 kit: [0/0] vt: 0 ir: 1 
04-20 00:48:59.068  1831  3374 D WindowManager: Transition is created, t=TransitionRecord{f7143c3 id=-1 type=TO_FRONT flags=0x0}, caller=com.android.server.wm.Transition.<init>:182 com.android.server.wm.TransitionController.createTransition:17 com.android.server.wm.ActivityTaskSupervisor.findTaskToMoveToFront:96 com.android.server.wm.ActivityTaskManagerService.moveTaskToFrontLocked:200 com.android.server.wm.ActivityTaskSupervisor.startActivityFromRecents:719 
04-20 00:48:59.068  1831  3374 D BLASTSyncEngine: SyncGroup is created, id=7673, name=Transition-TO_FRONT, caller=com.android.server.wm.BLASTSyncEngine$SyncGroup.<init>:52 com.android.server.wm.TransitionController.moveToCollecting:79 com.android.server.wm.TransitionController.createTransition:46 com.android.server.wm.ActivityTaskSupervisor.findTaskToMoveToFront:96 com.android.server.wm.ActivityTaskManagerService.moveTaskToFrontLocked:200 com.android.server.wm.ActivityTaskSupervisor.startActivityFromRecents:719 com.android.server.wm.ActivityTaskManagerService.startActivityFromRecents:32 
04-20 00:48:59.068  1831  3374 W BLASTSyncEngine: setSyncMethod, id=7673, method=0, caller=com.android.server.wm.TransitionController.moveToCollecting:91 com.android.server.wm.TransitionController.createTransition:46 com.android.server.wm.ActivityTaskSupervisor.findTaskToMoveToFront:96 
04-20 00:48:59.069  1831  3374 V WindowManager: Start collecting in Transition: TransitionRecord{f7143c3 id=7673 type=TO_FRONT flags=0x0}, caller=com.android.server.wm.TransitionController.createTransition:46 com.android.server.wm.ActivityTaskSupervisor.findTaskToMoveToFront:96 com.android.server.wm.ActivityTaskManagerService.moveTaskToFrontLocked:200 com.android.server.wm.ActivityTaskSupervisor.startActivityFromRecents:719 com.android.server.wm.ActivityTaskManagerService.startActivityFromRecents:32 
04-20 00:48:59.069  1831  3374 V WindowManager: Collecting in transition 7673: Task{4ef6163 #5658 type=standard A=10508:com.anthropic.claude}, caller=com.android.server.wm.TransitionController.collect:7 com.android.server.wm.ActivityTaskSupervisor.findTaskToMoveToFront:120 com.android.server.wm.ActivityTaskManagerService.moveTaskToFrontLocked:200 com.android.server.wm.ActivityTaskSupervisor.startActivityFromRecents:719 com.android.server.wm.ActivityTaskManagerService.startActivityFromRecents:32 
04-20 00:48:59.069  1831  3374 D WindowManager: prepareSync <SYNC_STATE_WAITING_FOR_DRAW>, mPrepareSyncSeqId=0, win=Window{c91aae0 u0 com.anthropic.claude/com.anthropic.claude.mainactivity.MainActivity}
04-20 00:48:59.073  1831  3374 I Pageboost: moveTaskToFront : 10508:com.anthropic.claude
04-20 00:48:59.075  3232  3232 E pageboostd: Received HALT command code 2
04-20 00:48:59.076  1831  3374 E ActivityTaskManager: allowSplashScreen, Exception While get Colorjava.lang.UnsupportedOperationException: Failed to resolve attribute at index 56: TypedValue{t=0x2/d=0x7f0404cb a=18}, theme={InheritanceMap=[id=0x103013fandroid:style/Theme.DeviceDefault.Light.DarkActionBar, id=0x1030238android:style/Theme.Material.Light.DarkActionBar, id=0x1030237android:style/Theme.Material.Light, id=0x103000candroid:style/Theme.Light, id=0x1030005android:style/Theme], Themes=[android:style/Theme.DeviceDefault.Light.DarkActionBar, forced]}
04-20 00:48:59.076  1831  3374 V WindowManager: rotationForOrientation(orient=SCREEN_ORIENTATION_UNSPECIFIED (-1), last=ROTATION_0 (0)); user=ROTATION_0 (0) 
04-20 00:48:59.077  1831  3374 D WindowManager: rotationForOrientation, orientationSource=ActivityRecord{264679904 u0 com.sec.android.app.launcher/com.android.quickstep.RecentsActivity t5167}
04-20 00:48:59.077  1831  3374 D ActivityTaskManager: addStartingWindow: type=1 typeParameter=1e
04-20 00:48:59.077  1831  3374 V WindowManager: Creating SnapshotStartingData
04-20 00:48:59.077  1831  3374 V WindowManager: Add starting ActivityRecord{139266548 u0 com.anthropic.claude/.mainactivity.MainActivity t5658}: startingData=SnapshotStartingData{37a2f79 removeAfterTransaction= 0}
04-20 00:48:59.078  1831  3374 V WindowManager: Added starting ActivityRecord{139266548 u0 com.anthropic.claude/.mainactivity.MainActivity t5658}: startingWindow=null startingView=com.android.server.wm.StartingSurfaceController$StartingSurface@61344be
04-20 00:48:59.078  1831  3374 V WindowManager: Requesting StartTransition: TransitionRecord{f7143c3 id=7673 type=TO_FRONT flags=0x0 c=[
04-20 00:48:59.078  1831  3374 V WindowManager:    ChangeInfo{e1a591f container=Task{4ef6163 #5658 type=standard A=10508:com.anthropic.claude} flags=0x0}
04-20 00:48:59.078  1831  3374 V WindowManager:    ChangeInfo{559946c container=DefaultTaskDisplayArea_d0@210603716 flags=0x0}
04-20 00:48:59.078  1831  3374 V WindowManager:    ChangeInfo{9e54a35 container=Display{#0 state=ON size=1080x2340 ROTATION_0} flags=0x0}
04-20 00:48:59.078  1831  3374 V WindowManager: ]
04-20 00:48:59.078  1831  3374 V WindowManager: }, caller=com.android.server.wm.ActivityTaskSupervisor.findTaskToMoveToFront:405 com.android.server.wm.ActivityTaskManagerService.moveTaskToFrontLocked:200 com.android.server.wm.ActivityTaskSupervisor.startActivityFromRecents:719 com.android.server.wm.ActivityTaskManagerService.startActivityFromRecents:32 android.app.IActivityTaskManager$Stub.onTransact:1759 
04-20 00:48:59.080  1831  3374 I SemDvfsHyPerManager: acquire hyper - AMS_APP_LAUNCH/1831@17, type = -999
04-20 00:48:59.080  2509  2562 V WindowManagerShell: Transition requested (#7673): android.os.BinderProxy@49bf773 TransitionRequestInfo { type = TO_FRONT, triggerTask = TaskInfo{userId=0 taskId=5658 effectiveUid=10508 displayId=0 isRunning=true baseIntent=Intent { act=android.intent.action.MAIN cat=[android.intent.category.LAUNCHER] flg=0x10200000 cmp=com.anthropic.claude/.mainactivity.MainActivity } baseActivity=ComponentInfo{com.anthropic.claude/com.anthropic.claude.mainactivity.MainActivity} topActivity=ComponentInfo{com.anthropic.claude/com.anthropic.claude.mainactivity.MainActivity} origActivity=null realActivity=ComponentInfo{com.anthropic.claude/com.anthropic.claude.mainactivity.MainActivity} numActivities=1 lastActiveTime=353705443 supportsMultiWindow=true resizeMode=1 isResizeable=true minWidth=-1 minHeight=-1 maxWidth=-1 maxHeight=-1 defaultMinSize=220 desktopDefaultMinSize=304 token=WCT{android.window.IWindowContainerToken$Stub$Proxy@1bf9630} topActivityType=1 pictureInPictureParams=null shouldDockBigOverlays=false launchIntoPipHostTaskId=-1 lastParentTaskIdBeforePip=-1 displayCutoutSafeInsets=Rect(0, 80 - 0, 0) topActivityInfo=ActivityInfo{775c2a9 com.anthropic.claude.mainactivity.MainActivity} launchCookies=[android.os.BinderProxy@9b67395] positionInParent=Point(0, 0) parentTaskId=-1 isFocused=false isVisible=false isVisibleRequested=false isTopActivityNoDisplay=false isSleeping=false locusId=null displayAreaFeatureId=1 isTopActivityTransparent=false isActivityStackTransparent=false lastNonFullscreenBounds=Rect(81, 557 - 999, 1727) capturedLink=null capturedLinkTimestamp=0 requestedVisibleTypes=-9 topActivityRequestOpenInBrowserEducationTimestamp=0 appCompatTaskInfo=AppCompatTaskInfo { topActivityInSizeCompat=false eligibleForLetterboxEducation= false isLetterboxEducationEnabled= false isLetterboxDoubleTapEnabled= false eligibleForUserAspectRatioButton= false topActivityBoundsLetterboxed= false isFromLetterboxDoubleTap= false topActivityLetterboxVerticalPosition= -1 topActivityLetterboxHorizontalPosition= -1 topActivityLetterboxWidth=-1 topActivityLetterboxHeight=-1 topActivityAppBounds=Rect(0, 0 - 1080, 2340) isUserFullscreenOverrideEnabled=false isSystemFullscreenOverrideEnabled=false hasMinAspectRatioOverride=false topActivityLetterboxBounds=null cameraCompatTaskInfo=CameraCompatTaskInfo { freeformCameraCompatMode=inactive} topActivityBounds=null topActivityInDisplayCompat=false singleTapFromLetterbox=false} topActivityMainWindowFrame=null originallySupportedMultiWindow=true hasWallpaper=false rootAffinity=10508:com.anthropic.claude isTopTaskInStage=false CoverLauncherWidgetTask=false LaunchedFromAppsCoverLauncherTask=false LaunchedFromMultistarCoverLauncherTask=false isAllowedSeamlessRotation=false isTopTransparentActivity=false isAliasManaged=false hasConfigChanged=false snappingGuideBounds=null isAiKeyRemoveAppTask=false lastDesktopWindowingBounds=null lastExternalDesktopWindowingBounds=null safeCutoutInsets=null}, pipChange = null, remoteTransition = RemoteTransition { remoteTransition = android.window.IRemoteTransition$Stub$Proxy@629902e, appThread = android.app.IApplicationThread$Stub$Proxy@b3497cf, debugName = QuickstepLaunchflags =NONE }, displayChange = null, flags = 0, debugId = 7673 }
04-20 00:48:59.080  2509  2562 V ShellDesktopMode: DesktopTasksController: isDesktopModeShowing: hasVisibleTasks=false hasTopTransparentFullscreenTask=false
04-20 00:48:59.080  2509  2562 D ShellSplitScreen: logExit: no-op, mLoggerSessionId is null
04-20 00:48:59.080  2509  2562 D ShellDesktopMode: handleRequest: TransitionRequestInfo {type=3, tid=5658, remote=true, debugId=7673}
04-20 00:48:59.083  2509  2562 V ShellDesktopMode: DesktopTasksController: handleFullscreenTaskLaunch
04-20 00:48:59.083  2509  2562 V ShellDesktopMode: DesktopTasksController: isDesktopModeShowing: hasVisibleTasks=false hasTopTransparentFullscreenTask=false
04-20 00:48:59.083  2509  2562 V ShellDesktopMode: DesktopTasksController: handleRequest result=null
04-20 00:48:59.083  3033  3033 I HoneySpace.RecentscreenPot: onPause() called
04-20 00:48:59.083  2509  2562 V WindowManagerShell: RemoteTransition directly requested for (#7673) android.os.BinderProxy@49bf773: RemoteTransition { remoteTransition = android.window.IRemoteTransition$Stub$Proxy@629902e, appThread = android.app.IApplicationThread$Stub$Proxy@b3497cf, debugName = QuickstepLaunchflags =NONE }
04-20 00:48:59.083  2509  2562 V WindowManagerShell: Transition (#7673): request handled by DefaultMixedHandler
04-20 00:48:59.084  3033  3033 I HoneySpace.TaskListLoadCheckerImpl: removeLoadingCondition: 1, loadingCondition: 0
04-20 00:48:59.084  5000  5653 I SemDvfsHyPerManager: acquire hyper - SKBD_RE_ENTER_SHOW/5000@1, type = -999
04-20 00:48:59.084  3033  3033 I HoneySpace.SuggestedAppsShowCheckerImpl: clearShowCondition
04-20 00:48:59.084  3033  3033 I HoneySpace.TaskListPot[a96e07b]: onPause() called
04-20 00:48:59.084  1831  3364 D WindowManager: prepareSync <SYNC_STATE_WAITING_FOR_DRAW>, mPrepareSyncSeqId=0, win=Window{115683b u0 SnapshotStartingWindow for taskId=5658}
04-20 00:48:59.084  3033  3033 I HoneySpace.CapturedBlurManager: capturedBlurView: pause(167104910)
04-20 00:48:59.084  1831  5125 D KNOX_MDM_SettingsProvider: isChangeAllowed() : name = enabled_input_methods
04-20 00:48:59.084  1831  5125 D KNOX_MDM_SettingsProvider: edmUri: content://com.sec.knox.provider/RestrictionPolicy3
04-20 00:48:59.084  1831  5125 D KNOX_MDM_SettingsProvider: projectionArgs: isSettingsChangesAllowed
04-20 00:48:59.084  1831  5125 D KNOX_MDM_SettingsProvider: selectionArgs: false
04-20 00:48:59.084  1831  5125 D KNOX_MDM_SettingsProvider: selectionArgs: 10187
04-20 00:48:59.084  1831  5125 D SecContentProvider: query(), uri = 17 selection = isSettingsChangesAllowed
04-20 00:48:59.084  1831  5125 D SecContentProvider: called from android.uid.honeyboard:10187
04-20 00:48:59.084  1831  5125 D RestrictionPolicy: isSettingsChangesAllowedAsUser, userId 0 : true
04-20 00:48:59.084  1831  5125 D KNOX_MDM_SettingsProvider: ret = 1
04-20 00:48:59.084  1327  3070 I SurfaceFlinger: id=102150 createSurf, flag=84004, 115683b SnapshotStartingWindow for taskId=5658#102150
04-20 00:48:59.085  1831  3364 D RestrictionPolicy: isScreenCaptureEnabled : ret=true userId=0
04-20 00:48:59.085  3033  3033 I HoneySpace.RecentsActivity: !@Boot_EBS_D: RecentsActivity.onPause()
04-20 00:48:59.085  1831  3364 V WindowManager: addWindow: ActivityRecord{139266548 u0 com.anthropic.claude/.mainactivity.MainActivity t5658} startingWindow=Window{115683b u0 SnapshotStartingWindow for taskId=5658}
04-20 00:48:59.086  1276  1313 I HYPER-HAL: [RequestManager.cpp]acquire(): Acquired ID : 12507502  [5000 / 1]    HINT : KBD_APP_RE_ENTER_VIEW    list : [TIMEOUT / 400] 
04-20 00:48:59.086  1276  1313 I mtkpower_client: perf_lock_acq, hdl:0, dur:0, num:2, tid:1313
04-20 00:48:59.086  1276  1313 I mtkpower_client: ret_hdl:112301
04-20 00:48:59.087  1281  1364 I libPowerHal: [perfLockAcq] idx:0 hdl:112301 hint:-1 pid:1276 tid:1313 duration:0 lock_user:vendor.samsung. => ret_hdl:112301
04-20 00:48:59.087  1281  1364 I libPowerHal: [setClusterFreq] vendor.samsung. set cpufreq[0] min:2000000 max:-1 cpufreq[1] min:-1 max:-1 
04-20 00:48:59.087  1281  1364 I libPowerHal: [setClusterFreq]  set cpu_ctrl cpufreq: 2000000 -1 -1 -1 
04-20 00:48:59.087  1831  3364 I WindowManager: Relayout Window{115683b u0 SnapshotStartingWindow for taskId=5658}: viewVisibility=0 req=-1x-1 ty=3 d0
04-20 00:48:59.087  5000  5000 I HBD     : c needOff = true , isForceOff = false, isNullInputClass : true 
04-20 00:48:59.087  5000  5000 I HBD     : c update cached prediction status : false 
04-20 00:48:59.088  1327  3070 I SurfaceFlinger: id=102151 createSurf, flag=44004, SnapshotStartingWindow for taskId=5658$_2509#102151
04-20 00:48:59.088  5000  5000 I HBD     : b [SKE_TAM] Changed false
04-20 00:48:59.088  5000  5472 I HBD     : a refresh(), mParameterMode,  0
04-20 00:48:59.088  1831  3364 D WindowManager: makeSurface duration=1 name=SnapshotStartingWindow for taskId=5658$_2509
04-20 00:48:59.088  5000  5000 I HBD     : c needOff = true , isForceOff = false, isNullInputClass : true 
04-20 00:48:59.088  5000  5000 I HBD     : c update cached prediction status : false 
04-20 00:48:59.088  1831  1968 D KNOX_MDM_SettingsProvider: isChangeAllowed() : name = default_input_method
04-20 00:48:59.088  5000  5472 I HBD     : a [AiWriter] setContact : com.sec.android.app.launcher
04-20 00:48:59.088  1831  1968 D KNOX_MDM_SettingsProvider: edmUri: content://com.sec.knox.provider/RestrictionPolicy3
04-20 00:48:59.088  1831  1968 D KNOX_MDM_SettingsProvider: projectionArgs: isSettingsChangesAllowed
04-20 00:48:59.088  1831  1968 D KNOX_MDM_SettingsProvider: selectionArgs: false
04-20 00:48:59.088  1831  1968 D KNOX_MDM_SettingsProvider: selectionArgs: 10187
04-20 00:48:59.089  1831  1968 D SecContentProvider: query(), uri = 17 selection = isSettingsChangesAllowed
04-20 00:48:59.089  5000  5000 I HBD     : b updateMultiTapTimeValue 
04-20 00:48:59.089  5000  5000 I HBD     : b getMultiTapTimeoutValue 
04-20 00:48:59.089  1831  1968 D SecContentProvider: called from android.uid.honeyboard:10187
04-20 00:48:59.089  5000  5000 I HBD     : b getSingleVowelMultiTapTimeoutValue 
04-20 00:48:59.089  1831  1968 D RestrictionPolicy: isSettingsChangesAllowedAsUser, userId 0 : true
04-20 00:48:59.089  1831  1968 D KNOX_MDM_SettingsProvider: ret = 1
04-20 00:48:59.089  1831  3364 D FreeformController: beginPostLayoutPolicyLw: forceHideRequester changed, old=Window{eeeaf72 u0 com.sec.android.app.launcher/com.android.quickstep.RecentsActivity}, new=null
04-20 00:48:59.089  1831  3364 D FreeformController: setBlockToAddForceHideFreeformTasks: blockToAddForceHide=false, Caller=com.android.server.wm.DisplayPolicy.beginPostLayoutPolicyLw:142
04-20 00:48:59.089  5000  5475 I HBD     : a [HBIC] requestCursorUpdates 2 
04-20 00:48:59.091  1831  2616 I SemDvfsHyPerManager: acquire hyper - AMS_ACT_RESUME/1831@20, type = -999
04-20 00:48:59.091  1831  2616 D ActivityManagerPerformance: AMP_acquire() ACT_RESUME
04-20 00:48:59.091  1276  1313 I HYPER-HAL: [RequestManager.cpp]acquire(): Acquired ID : 1714046  [1831 / 20]    HINT : AMS_ACT_RESUME    list : 
04-20 00:48:59.091  1276  1313 I mtkpower_client: perf_lock_rel, hdl:112301, tid:1313
04-20 00:48:59.091  1831  3364 I WindowManager: Relayout hash=115683b, pid=2509, syncId=-1: mAttrs={(0,0)(fillxfill) layoutInDisplayCutoutMode=always ty=APPLICATION_STARTING fmt=RGBA_8888 wanim=0x1030317 if=INPUT_FEATURE_NO_INPUT_CHANNEL
04-20 00:48:59.091  1831  3364 I WindowManager:   fl=80010118
04-20 00:48:59.091  1831  3364 I WindowManager:   pfl=30008800
04-20 00:48:59.091  1831  3364 I WindowManager:   apr=18
04-20 00:48:59.091  1831  3364 I WindowManager:   bhv=1
04-20 00:48:59.091  1831  3364 I WindowManager:   fitSides=0
04-20 00:48:59.091  1831  3364 I WindowManager:   frameRateBoostOnTouch=true naviIconColor=0}
04-20 00:48:59.092  1276  1313 I mtkpower_client: perf_lock_acq, hdl:0, dur:0, num:2, tid:1313
04-20 00:48:59.092  1831  1868 D SGM:FgCheckThread: notePauseComponent(), received pkgName: com.sec.android.app.launcher, userId: 0
04-20 00:48:59.092  1327  1327 I SurfaceFlinger: [115683b SnapshotStartingWindow for taskId=5658#102150] attach to parent LayerHierarchy{RequestedLayerState{ActivityRecord{139266548 u0 com.anthropic.claude/.mainactivity.MainActivity t5658}#99137 parentId=99136} 3 children}
04-20 00:48:59.092  1327  1327 I SurfaceFlinger: [SnapshotStartingWindow for taskId=5658$_2509#102151] attach to parent LayerHierarchy{RequestedLayerState{115683b SnapshotStartingWindow for taskId=5658#102150 parentId=99137} 1 children}
04-20 00:48:59.092  1831  2317 I CocktailBarManagerServiceContainer: handleMessage: entry what = 6
04-20 00:48:59.092  1831  2317 I CocktailBarManagerServiceImpl: notePauseComponent : no active host
04-20 00:48:59.092  1281  1364 I libPowerHal: [perfLockRel] hdl:112301, idx:0
04-20 00:48:59.093  1281  1364 I libPowerHal: [setClusterFreq]  set cpu_ctrl cpufreq: -1 -1 -1 -1 
04-20 00:48:59.093  1276  1313 I mtkpower_client: ret_hdl:112302
04-20 00:48:59.093  1276  1313 I mtkpower_client: perf_lock_acq, hdl:0, dur:0, num:2, tid:1313
04-20 00:48:59.093  1281  1364 I libPowerHal: [perfLockAcq] idx:1 hdl:112302 hint:-1 pid:1276 tid:1313 duration:0 lock_user:vendor.samsung. => ret_hdl:112302
04-20 00:48:59.093  1281  1364 I libPowerHal: [setClusterFreq] vendor.samsung. set cpufreq[0] min:2000000 max:-1 cpufreq[1] min:-1 max:-1 
04-20 00:48:59.094  1281  1364 I libPowerHal: [setClusterFreq]  set cpu_ctrl cpufreq: 2000000 -1 -1 -1 
04-20 00:48:59.094  1831 15133 I PerProcessNandswap$NandswapMsgHandler: madvise_prefetch for com.anthropic.claude
04-20 00:48:59.094  1831  2326 D BackgroundInstallControlService: Package event received: 0
04-20 00:48:59.094  1276  1313 I mtkpower_client: ret_hdl:112303
04-20 00:48:59.094  1276  1313 I mtkpower_client: perf_lock_acq, hdl:0, dur:0, num:2, tid:1313
04-20 00:48:59.094  1281  1364 I libPowerHal: [perfLockAcq] idx:0 hdl:112303 hint:-1 pid:1276 tid:1313 duration:0 lock_user:vendor.samsung. => ret_hdl:112303
04-20 00:48:59.094  1281  1364 I libPowerHal: [set_cpuidle] enable:0, fd:15, scn:0xb400007d16ab4f80
04-20 00:48:59.094  1281  1364 I libPowerHal: [get_cpu_dma_latency_value] 0
04-20 00:48:59.094  1281  1364 I libPowerHal: [PE] vendor.samsung. update cmd:1c3c100 param:0
04-20 00:48:59.095  1281  1364 I libPowerHal: [perfLockAcq] idx:2 hdl:112304 hint:-1 pid:1276 tid:1313 duration:0 lock_user:vendor.samsung. => ret_hdl:112304
04-20 00:48:59.095  1281  1364 I libPowerHal: [setDvfsrcDevFreqOpp] opp:1, freq:3200000000
04-20 00:48:59.095  1276  1313 I mtkpower_client: ret_hdl:112304
