04-20 00:48:58.459  1327  1327 I SurfaceFlinger: [LayerHierarchy{RequestedLayerState{Surface(name=de626f1 StatusBar)/@0x9e60724 - animation-leash of insets_animation#102134} no children}] RelativeParent to null
04-20 00:48:58.459  1831  2281 D MdnieScenarioControlService:  packageName : com.sec.android.app.launcher    className : com.android.quickstep.RecentsActivity
04-20 00:48:58.459  1831  2281 V MdnieScenarioControlService: setUIMode from UI function(3)
04-20 00:48:58.460  2509  2509 D NavBarStateManager: NavBarStates(0) canUseNavBarBackgroundFrame: false
04-20 00:48:58.460  2509  2509 D NavigationBarControllerImpl: setNavigationBarShortcut requestClass : com.samsung.android.honeyboard, remoteViews : null, position : 0, priority : 12
04-20 00:48:58.461  1831  1869 I ImeTracker: system_server:82515d1d: onRequestShow at ORIGIN_SERVER reason CONTROLS_CHANGED fromUser false
04-20 00:48:58.461  2509  2509 D RemoteViewPack: OnSetRemoteView RemoteViewShortcut(requestClass=com.samsung.android.honeyboard, remoteViews=null, position=0, priority=12)
04-20 00:48:58.461  2509  2509 D NavBarStateManager: NavBarStates(0) isGameMode: false
04-20 00:48:58.462  3033  3033 I HoneySpace.AnimationSession: collect taskPosition LeashTask(targetView=com.honeyspace.ui.common.taskScene.GestureTaskSceneView{111346d I.ED..... ......ID 6984,0-8064,2340}, cornerRadius=94.81302, targetRect=Rect(348, 109 - 1292, 2101), animationProgress=0.37386256, fullScreenProgress=-0.0, canHidden=false, springRectCallback=b5.j@8314b4c)
04-20 00:48:58.462  3033  3033 I HoneySpace.RecentsAnimationManager: moveTaskByPlayer, rect: Rect(348, 109 - 1292, 2101), progress : 0.37386256
04-20 00:48:58.463  3033  3033 I HoneySpace.RectFAnimation: animateToFinalPosition RectF(348.0, 109.0, 1292.0, 2101.0)
04-20 00:48:58.463  3033  3131 I HoneySpace.TaskbarEventTracker: invokeEvent() called with: event = SystemUiStateChanged(stateFlags=268435456)
04-20 00:48:58.463  1327  3070 I SurfaceFlinger: onHandleDestroyed: layerId=102134, name=Surface(name=de626f1 StatusBar)/@0x9e60724 - animation-leash of insets_animation#102134
04-20 00:48:58.463  1327  3070 I SurfaceFlinger: id=102134 Removed Surface(name=de626f1 StatusBar)/@0x9e60724 - animation-leash of insets_animation#102134 (191)
04-20 00:48:58.464  5039  5039 I ImeTracker: system_server:82515d1d: onCancelled at PHASE_CLIENT_ON_CONTROLS_CHANGED
04-20 00:48:58.464  1327  1669 D SurfaceFlinger: [input] setFocusedWindow: recents_animation_input_consumer
04-20 00:48:58.464  1327  1669 D SurfaceFlinger: updateWinowInfo=1, setFocusedWindow timestamp=209235673961393, windowName=recents_animation_input_consumer
04-20 00:48:58.464  1831  1850 D InputDispatcher: Once focus requested (0): recents_animation_input_consumer
04-20 00:48:58.464  1831  1850 D InputDispatcher: Focus left window (0): 9991900 com.whatsapp/com.whatsapp.Conversation
04-20 00:48:58.464  1831  1850 D InputDispatcher: Focus entered window (0): recents_animation_input_consumer
04-20 00:48:58.464  3033  3033 I ScrimView: setCurrentFlatColor alphaProgress = 0.008, currentFlatColor = 2000000
04-20 00:48:58.464  3033  3033 I HoneySpace.BackgroundViewAlphaUpdater: setAlpha: 0.08353943
04-20 00:48:58.465  5039  5039 I ImeFocusController: onPreWindowFocus: skipped hasWindowFocus=false mHasImeFocus=true
04-20 00:48:58.466  5039  5039 I ImeFocusController: onPostWindowFocus: skipped hasWindowFocus=false mHasImeFocus=true
04-20 00:48:58.470  1327  1327 I SurfaceFlinger: destroyed Surface(name=de626f1 StatusBar)/@0x9e60724 - animation-leash of insets_animation#102134
04-20 00:48:58.471  2509  2509 D NavBarStateManager: NavBarStates(0) canUseNavBarBackgroundFrame: false
04-20 00:48:58.471  1327  1327 I Layer   : id=102134 Destroyed Surface(name=de626f1 StatusBar)/@0x9e60724 - animation-leash of insets_animation#102134
04-20 00:48:58.475  3033  3033 I InsetsSourceConsumer: applyRequestedVisibilityToControl: visible=true, type=statusBars, host=com.sec.android.app.launcher/com.android.quickstep.RecentsActivity
04-20 00:48:58.475  3033  5043 I VRI[RecentsActivity]@8d94f7d: mWNT: t=0xb4000075ba35c700 mBlastBufferQueue=0xb4000076c514d800 fn= 5 HdrRenderState mRenderHdrSdrRatio=1.0 caller= com.android.systemui.shared.launcher.ViewRootImplCompat.mergeWithNextTransaction:4 com.honeyspace.transition.utils.SurfaceTransactionApplier.scheduleApply$lambda$1:16 com.honeyspace.transition.utils.SurfaceTransactionApplier.b:0 
04-20 00:48:58.476  3033  3033 I HoneySpace.AnimationSession: collect taskPosition LeashTask(targetView=com.honeyspace.ui.common.taskScene.GestureTaskSceneView{111346d I.ED..... ......ID 6984,0-8064,2340}, cornerRadius=90.576584, targetRect=Rect(459, 144 - 1359, 2025), animationProgress=0.49282223, fullScreenProgress=-0.0, canHidden=false, springRectCallback=b5.j@946349b)
04-20 00:48:58.476  3033  3033 I HoneySpace.RecentsAnimationManager: moveTaskByPlayer, rect: Rect(459, 144 - 1359, 2025), progress : 0.49282223
04-20 00:48:58.476  3033  3033 I HoneySpace.RectFAnimation: animateToFinalPosition RectF(459.0, 144.0, 1359.0, 2025.0)
04-20 00:48:58.477  3033  3033 I ScrimView: setCurrentFlatColor alphaProgress = 0.012, currentFlatColor = 3000000
04-20 00:48:58.477  3033  3033 I HoneySpace.BackgroundViewAlphaUpdater: setAlpha: 0.118102014
04-20 00:48:58.480  3033  3033 I HoneySpace.AnimationSession: collect taskPosition LeashTask(targetView=com.honeyspace.ui.common.taskScene.GestureTaskSceneView{111346d I.ED..... ......ID 6984,0-8064,2340}, cornerRadius=88.00257, targetRect=Rect(543, 170 - 1410, 1967), animationProgress=0.58227265, fullScreenProgress=-0.0, canHidden=false, springRectCallback=b5.j@3f82d76)
04-20 00:48:58.480  3033  3033 I HoneySpace.RecentsAnimationManager: moveTaskByPlayer, rect: Rect(543, 170 - 1410, 1967), progress : 0.58227265
04-20 00:48:58.480  3033  3033 I HoneySpace.RectFAnimation: animateToFinalPosition RectF(543.0, 170.0, 1410.0, 1967.0)
04-20 00:48:58.481  3033  5042 I VRI[RecentsActivity]@8d94f7d: mWNT: t=0xb4000075ba35ce80 mBlastBufferQueue=0xb4000076c514d800 fn= 6 HdrRenderState mRenderHdrSdrRatio=1.0 caller= com.android.systemui.shared.launcher.ViewRootImplCompat.mergeWithNextTransaction:4 com.honeyspace.transition.utils.SurfaceTransactionApplier.scheduleApply$lambda$1:16 com.honeyspace.transition.utils.SurfaceTransactionApplier.b:0 
04-20 00:48:58.482  3033  3033 I ScrimView: setCurrentFlatColor alphaProgress = 0.016, currentFlatColor = 4000000
04-20 00:48:58.482  3033  3033 I HoneySpace.BackgroundViewAlphaUpdater: setAlpha: 0.15772644
04-20 00:48:58.482  3033  3033 I HoneySpace.AnimationSession: collect taskPosition LeashTask(targetView=com.honeyspace.ui.common.taskScene.GestureTaskSceneView{111346d I.ED..... ......ID 6984,0-8064,2340}, cornerRadius=86.41124, targetRect=Rect(605, 190 - 1448, 1925), animationProgress=0.64952123, fullScreenProgress=-0.0, canHidden=false, springRectCallback=b5.j@dc97f77)
04-20 00:48:58.482  3033  3033 I HoneySpace.RecentsAnimationManager: moveTaskByPlayer, rect: Rect(605, 190 - 1448, 1925), progress : 0.64952123
04-20 00:48:58.482  3033  3033 I HoneySpace.RectFAnimation: animateToFinalPosition RectF(605.0, 190.0, 1448.0, 1925.0)
04-20 00:48:58.492  3033  5043 I VRI[RecentsActivity]@8d94f7d: mWNT: t=0xb400007577ec8000 mBlastBufferQueue=0xb4000076c514d800 fn= 7 HdrRenderState mRenderHdrSdrRatio=1.0 caller= com.android.systemui.shared.launcher.ViewRootImplCompat.mergeWithNextTransaction:4 com.honeyspace.transition.utils.SurfaceTransactionApplier.scheduleApply$lambda$1:16 com.honeyspace.transition.utils.SurfaceTransactionApplier.b:0 
04-20 00:48:58.493  3033  3033 I ScrimView: setCurrentFlatColor alphaProgress = 0.020, currentFlatColor = 5000000
04-20 00:48:58.494  3033  3033 I HoneySpace.BackgroundViewAlphaUpdater: setAlpha: 0.20188752
04-20 00:48:58.494  3033  3033 I HoneySpace.AnimationSession: collect taskPosition LeashTask(targetView=com.honeyspace.ui.common.taskScene.GestureTaskSceneView{111346d I.ED..... ......ID 6984,0-8064,2340}, cornerRadius=85.43829, targetRect=Rect(656, 205 - 1479, 1889), animationProgress=0.70337945, fullScreenProgress=-0.0, canHidden=false, springRectCallback=b5.j@d31ab02)
04-20 00:48:58.494  3033  3033 I HoneySpace.RecentsAnimationManager: moveTaskByPlayer, rect: Rect(656, 205 - 1479, 1889), progress : 0.70337945
04-20 00:48:58.494  3033  3033 I HoneySpace.RectFAnimation: animateToFinalPosition RectF(656.0, 205.0, 1479.0, 1889.0)
04-20 00:48:58.499  3033  5042 I VRI[RecentsActivity]@8d94f7d: mWNT: t=0xb400007577ec8480 mBlastBufferQueue=0xb4000076c514d800 fn= 8 HdrRenderState mRenderHdrSdrRatio=1.0 caller= com.android.systemui.shared.launcher.ViewRootImplCompat.mergeWithNextTransaction:4 com.honeyspace.transition.utils.SurfaceTransactionApplier.scheduleApply$lambda$1:16 com.honeyspace.transition.utils.SurfaceTransactionApplier.b:0 
04-20 00:48:58.504  3033  3033 I ScrimView: setCurrentFlatColor alphaProgress = 0.025, currentFlatColor = 6000000
04-20 00:48:58.504  3033  3033 I HoneySpace.BackgroundViewAlphaUpdater: setAlpha: 0.25000006
04-20 00:48:58.504  3033  3033 I HoneySpace.AnimationSession: collect taskPosition LeashTask(targetView=com.honeyspace.ui.common.taskScene.GestureTaskSceneView{111346d I.ED..... ......ID 6984,0-8064,2340}, cornerRadius=84.76043, targetRect=Rect(699, 219 - 1505, 1860), animationProgress=0.75049776, fullScreenProgress=-0.0, canHidden=false, springRectCallback=b5.j@4b18849)
04-20 00:48:58.504  3033  3033 I HoneySpace.RecentsAnimationManager: moveTaskByPlayer, rect: Rect(699, 219 - 1505, 1860), progress : 0.75049776
04-20 00:48:58.504  3033  3033 I HoneySpace.RectFAnimation: animateToFinalPosition RectF(699.0, 219.0, 1505.0, 1860.0)
04-20 00:48:58.510  3033  5043 I VRI[RecentsActivity]@8d94f7d: mWNT: t=0xb400007577ec8600 mBlastBufferQueue=0xb4000076c514d800 fn= 9 HdrRenderState mRenderHdrSdrRatio=1.0 caller= com.android.systemui.shared.launcher.ViewRootImplCompat.mergeWithNextTransaction:4 com.honeyspace.transition.utils.SurfaceTransactionApplier.scheduleApply$lambda$1:16 com.honeyspace.transition.utils.SurfaceTransactionApplier.b:0 
04-20 00:48:58.515  3033  3033 I ScrimView: setCurrentFlatColor alphaProgress = 0.030, currentFlatColor = 8000000
04-20 00:48:58.516  3033  3033 I HoneySpace.BackgroundViewAlphaUpdater: setAlpha: 0.30142605
04-20 00:48:58.516  3033  3033 I HoneySpace.AnimationSession: collect taskPosition LeashTask(targetView=com.honeyspace.ui.common.taskScene.GestureTaskSceneView{111346d I.ED..... ......ID 6984,0-8064,2340}, cornerRadius=84.347534, targetRect=Rect(734, 230 - 1527, 1836), animationProgress=0.78732467, fullScreenProgress=-0.0, canHidden=false, springRectCallback=b5.j@4441f7c)
04-20 00:48:58.516  3033  3033 I HoneySpace.RecentsAnimationManager: moveTaskByPlayer, rect: Rect(734, 230 - 1527, 1836), progress : 0.78732467
04-20 00:48:58.516  3033  3033 I HoneySpace.RectFAnimation: animateToFinalPosition RectF(734.0, 230.0, 1527.0, 1836.0)
04-20 00:48:58.522  1831  1866 I GestureDetector: handleMessage TAP
04-20 00:48:58.524  3033  5042 I VRI[RecentsActivity]@8d94f7d: mWNT: t=0xb400007577ec8780 mBlastBufferQueue=0xb4000076c514d800 fn= 10 HdrRenderState mRenderHdrSdrRatio=1.0 caller= com.android.systemui.shared.launcher.ViewRootImplCompat.mergeWithNextTransaction:4 com.honeyspace.transition.utils.SurfaceTransactionApplier.scheduleApply$lambda$1:16 com.honeyspace.transition.utils.SurfaceTransactionApplier.b:0 
04-20 00:48:58.523  1831  1831 I GestureDetector: handleMessage TAP
04-20 00:48:58.526  3033  3033 I ScrimView: setCurrentFlatColor alphaProgress = 0.036, currentFlatColor = 9000000
04-20 00:48:58.527  3033  3033 I HoneySpace.BackgroundViewAlphaUpdater: setAlpha: 0.3605044
04-20 00:48:58.527  3033  3033 I HoneySpace.AnimationSession: collect taskPosition LeashTask(targetView=com.honeyspace.ui.common.taskScene.GestureTaskSceneView{111346d I.ED..... ......ID 6984,0-8064,2340}, cornerRadius=84.164276, targetRect=Rect(765, 240 - 1545, 1815), animationProgress=0.8211707, fullScreenProgress=-0.0, canHidden=false, springRectCallback=b5.j@1d97a8b)
04-20 00:48:58.527  3033  3033 I HoneySpace.RecentsAnimationManager: moveTaskByPlayer, rect: Rect(765, 240 - 1545, 1815), progress : 0.8211707
04-20 00:48:58.528  3033  3033 I HoneySpace.RectFAnimation: animateToFinalPosition RectF(765.0, 240.0, 1545.0, 1815.0)
04-20 00:48:58.532  3033  5043 I VRI[RecentsActivity]@8d94f7d: mWNT: t=0xb400007577ec8900 mBlastBufferQueue=0xb4000076c514d800 fn= 11 HdrRenderState mRenderHdrSdrRatio=1.0 caller= com.android.systemui.shared.launcher.ViewRootImplCompat.mergeWithNextTransaction:4 com.honeyspace.transition.utils.SurfaceTransactionApplier.scheduleApply$lambda$1:16 com.honeyspace.transition.utils.SurfaceTransactionApplier.b:0 
04-20 00:48:58.538  3033  3033 I ScrimView: setCurrentFlatColor alphaProgress = 0.042, currentFlatColor = b000000
04-20 00:48:58.538  3033  3033 I HoneySpace.BackgroundViewAlphaUpdater: setAlpha: 0.4166157
04-20 00:48:58.538  3033  3033 I HoneySpace.AnimationSession: collect taskPosition LeashTask(targetView=com.honeyspace.ui.common.taskScene.GestureTaskSceneView{111346d I.ED..... ......ID 6984,0-8064,2340}, cornerRadius=84.00574, targetRect=Rect(790, 248 - 1561, 1798), animationProgress=0.8476313, fullScreenProgress=-0.0, canHidden=false, springRectCallback=b5.j@1a4e026)
04-20 00:48:58.539  3033  3033 I HoneySpace.RecentsAnimationManager: moveTaskByPlayer, rect: Rect(790, 248 - 1561, 1798), progress : 0.8476313
04-20 00:48:58.539  3033  3033 I HoneySpace.RectFAnimation: animateToFinalPosition RectF(790.0, 248.0, 1561.0, 1798.0)
04-20 00:48:58.543  3033  5042 I VRI[RecentsActivity]@8d94f7d: mWNT: t=0xb400007577ec8a80 mBlastBufferQueue=0xb4000076c514d800 fn= 12 HdrRenderState mRenderHdrSdrRatio=1.0 caller= com.android.systemui.shared.launcher.ViewRootImplCompat.mergeWithNextTransaction:4 com.honeyspace.transition.utils.SurfaceTransactionApplier.scheduleApply$lambda$1:16 com.honeyspace.transition.utils.SurfaceTransactionApplier.b:0 
04-20 00:48:58.549  3033  3033 I ScrimView: setCurrentFlatColor alphaProgress = 0.047, currentFlatColor = c000000
04-20 00:48:58.549  3033  3033 I HoneySpace.BackgroundViewAlphaUpdater: setAlpha: 0.47383204
04-20 00:48:58.550  3033  3033 I HoneySpace.AnimationSession: collect taskPosition LeashTask(targetView=com.honeyspace.ui.common.taskScene.GestureTaskSceneView{111346d I.ED..... ......ID 6984,0-8064,2340}, cornerRadius=84.04906, targetRect=Rect(811, 254 - 1573, 1783), animationProgress=0.87003535, fullScreenProgress=-0.0, canHidden=false, springRectCallback=b5.j@7c08abd)
04-20 00:48:58.550  3033  3033 I HoneySpace.RecentsAnimationManager: moveTaskByPlayer, rect: Rect(811, 254 - 1573, 1783), progress : 0.87003535
04-20 00:48:58.550  3033  3033 I HoneySpace.RectFAnimation: animateToFinalPosition RectF(811.0, 254.0, 1573.0, 1783.0)
04-20 00:48:58.555  3033  5043 I VRI[RecentsActivity]@8d94f7d: mWNT: t=0xb400007577ec8c00 mBlastBufferQueue=0xb4000076c514d800 fn= 13 HdrRenderState mRenderHdrSdrRatio=1.0 caller= com.android.systemui.shared.launcher.ViewRootImplCompat.mergeWithNextTransaction:4 com.honeyspace.transition.utils.SurfaceTransactionApplier.scheduleApply$lambda$1:16 com.honeyspace.transition.utils.SurfaceTransactionApplier.b:0 
04-20 00:48:58.560  3033  3033 I ScrimView: setCurrentFlatColor alphaProgress = 0.053, currentFlatColor = e000000
04-20 00:48:58.560  3033  3033 I HoneySpace.BackgroundViewAlphaUpdater: setAlpha: 0.53139526
04-20 00:48:58.561  3033  3033 I HoneySpace.AnimationSession: collect taskPosition LeashTask(targetView=com.honeyspace.ui.common.taskScene.GestureTaskSceneView{111346d I.ED..... ......ID 6984,0-8064,2340}, cornerRadius=84.05077, targetRect=Rect(829, 260 - 1584, 1771), animationProgress=0.8897482, fullScreenProgress=-0.0, canHidden=false, springRectCallback=b5.j@6520b80)
04-20 00:48:58.561  3033  3033 I HoneySpace.RecentsAnimationManager: moveTaskByPlayer, rect: Rect(829, 260 - 1584, 1771), progress : 0.8897482
04-20 00:48:58.561  3033  3033 I HoneySpace.RectFAnimation: animateToFinalPosition RectF(829.0, 260.0, 1584.0, 1771.0)
04-20 00:48:58.561  1831  2281 V MdnieScenarioControlService: mAclOffEnabled : false
04-20 00:48:58.565  3033  5042 I VRI[RecentsActivity]@8d94f7d: mWNT: t=0xb400007577ec8d80 mBlastBufferQueue=0xb4000076c514d800 fn= 14 HdrRenderState mRenderHdrSdrRatio=1.0 caller= com.android.systemui.shared.launcher.ViewRootImplCompat.mergeWithNextTransaction:4 com.honeyspace.transition.utils.SurfaceTransactionApplier.scheduleApply$lambda$1:16 com.honeyspace.transition.utils.SurfaceTransactionApplier.b:0 
04-20 00:48:58.571  3033  3033 I ScrimView: setCurrentFlatColor alphaProgress = 0.059, currentFlatColor = f000000
04-20 00:48:58.571  3033  3033 I HoneySpace.BackgroundViewAlphaUpdater: setAlpha: 0.5885423
04-20 00:48:58.572  3033  3033 I HoneySpace.AnimationSession: collect taskPosition LeashTask(targetView=com.honeyspace.ui.common.taskScene.GestureTaskSceneView{111346d I.ED..... ......ID 6984,0-8064,2340}, cornerRadius=84.060455, targetRect=Rect(846, 265 - 1595, 1759), animationProgress=0.90742743, fullScreenProgress=-0.0, canHidden=false, springRectCallback=b5.j@cf8495f)
04-20 00:48:58.572  3033  3033 I HoneySpace.RecentsAnimationManager: moveTaskByPlayer, rect: Rect(846, 265 - 1595, 1759), progress : 0.90742743
04-20 00:48:58.572  3033  3033 I HoneySpace.RectFAnimation: animateToFinalPosition RectF(846.0, 265.0, 1595.0, 1759.0)
04-20 00:48:58.577  3033  5043 I VRI[RecentsActivity]@8d94f7d: mWNT: t=0xb400007577ec8f00 mBlastBufferQueue=0xb4000076c514d800 fn= 15 HdrRenderState mRenderHdrSdrRatio=1.0 caller= com.android.systemui.shared.launcher.ViewRootImplCompat.mergeWithNextTransaction:4 com.honeyspace.transition.utils.SurfaceTransactionApplier.scheduleApply$lambda$1:16 com.honeyspace.transition.utils.SurfaceTransactionApplier.b:0 
04-20 00:48:58.582  3033  3033 I ScrimView: setCurrentFlatColor alphaProgress = 0.064, currentFlatColor = 10000000
04-20 00:48:58.582  3033  3033 I HoneySpace.BackgroundViewAlphaUpdater: setAlpha: 0.64451575
04-20 00:48:58.583  3033  3033 I HoneySpace.AnimationSession: collect taskPosition LeashTask(targetView=com.honeyspace.ui.common.taskScene.GestureTaskSceneView{111346d I.ED..... ......ID 6984,0-8064,2340}, cornerRadius=84.19504, targetRect=Rect(859, 269 - 1602, 1750), animationProgress=0.92214596, fullScreenProgress=-0.0, canHidden=false, springRectCallback=b5.j@bd4cc0a)
04-20 00:48:58.583  3033  3033 I HoneySpace.RecentsAnimationManager: moveTaskByPlayer, rect: Rect(859, 269 - 1602, 1750), progress : 0.92214596
04-20 00:48:58.583  3033  3033 I HoneySpace.RectFAnimation: animateToFinalPosition RectF(859.0, 269.0, 1602.0, 1750.0)
04-20 00:48:58.589  3033  5042 I VRI[RecentsActivity]@8d94f7d: mWNT: t=0xb400007577ec9080 mBlastBufferQueue=0xb4000076c514d800 fn= 16 HdrRenderState mRenderHdrSdrRatio=1.0 caller= com.android.systemui.shared.launcher.ViewRootImplCompat.mergeWithNextTransaction:4 com.honeyspace.transition.utils.SurfaceTransactionApplier.scheduleApply$lambda$1:16 com.honeyspace.transition.utils.SurfaceTransactionApplier.b:0 
04-20 00:48:58.593  3033  3033 I ScrimView: setCurrentFlatColor alphaProgress = 0.070, currentFlatColor = 12000000
04-20 00:48:58.594  3033  3033 I HoneySpace.BackgroundViewAlphaUpdater: setAlpha: 0.69857395
04-20 00:48:58.594  3033  3033 I HoneySpace.AnimationSession: collect taskPosition LeashTask(targetView=com.honeyspace.ui.common.taskScene.GestureTaskSceneView{111346d I.ED..... ......ID 6984,0-8064,2340}, cornerRadius=84.19894, targetRect=Rect(872, 273 - 1611, 1741), animationProgress=0.9352723, fullScreenProgress=-0.0, canHidden=false, springRectCallback=b5.j@b31c2f1)
04-20 00:48:58.594  3033  3033 I HoneySpace.RecentsAnimationManager: moveTaskByPlayer, rect: Rect(872, 273 - 1611, 1741), progress : 0.9352723
04-20 00:48:58.595  3033  3033 I HoneySpace.RectFAnimation: animateToFinalPosition RectF(872.0, 273.0, 1611.0, 1741.0)
04-20 00:48:58.599  3033  5043 I VRI[RecentsActivity]@8d94f7d: mWNT: t=0xb400007577ec9500 mBlastBufferQueue=0xb4000076c514d800 fn= 17 HdrRenderState mRenderHdrSdrRatio=1.0 caller= com.android.systemui.shared.launcher.ViewRootImplCompat.mergeWithNextTransaction:4 com.honeyspace.transition.utils.SurfaceTransactionApplier.scheduleApply$lambda$1:16 com.honeyspace.transition.utils.SurfaceTransactionApplier.b:0 
04-20 00:48:58.604  3033  3033 I ScrimView: setCurrentFlatColor alphaProgress = 0.075, currentFlatColor = 13000000
04-20 00:48:58.605  3033  3033 I HoneySpace.BackgroundViewAlphaUpdater: setAlpha: 0.7500001
04-20 00:48:58.605  3033  3033 I HoneySpace.AnimationSession: collect taskPosition LeashTask(targetView=com.honeyspace.ui.common.taskScene.GestureTaskSceneView{111346d I.ED..... ......ID 6984,0-8064,2340}, cornerRadius=84.36937, targetRect=Rect(883, 277 - 1617, 1734), animationProgress=0.94695777, fullScreenProgress=-0.0, canHidden=false, springRectCallback=b5.j@c08f844)
04-20 00:48:58.605  3033  3033 I HoneySpace.RecentsAnimationManager: moveTaskByPlayer, rect: Rect(883, 277 - 1617, 1734), progress : 0.94695777
04-20 00:48:58.606  3033  3033 I HoneySpace.RectFAnimation: animateToFinalPosition RectF(883.0, 277.0, 1617.0, 1734.0)
04-20 00:48:58.606  3033  3033 I HoneySpace.TaskIconProgressRepositoryImpl: taskLaunchProgress: 0.0, recentsEnteringFromAppsProgress: 0.0
04-20 00:48:58.607  3033  3033 I HoneySpace.TaskIconProgressRepositoryImpl: taskLaunchProgress: 0.0, recentsEnteringFromAppsProgress: 0.0
04-20 00:48:58.608  3033  3033 I BLASTBufferQueue_Java: update, w= 1080 h= 2340 mName = VRI[RecentsTransitionOverlay]@de26580 mNativeObject= 0xb400007527c85400 sc.mNativeObject= 0xb4000077db0ea280 format= -3 caller= android.view.ViewRootImpl.updateBlastSurfaceIfNeeded:3574 android.view.ViewRootImpl.relayoutWindow:11685 android.view.ViewRootImpl.performTraversals:4804 android.view.ViewRootImpl.doTraversal:3924 android.view.ViewRootImpl$TraversalRunnable.run:12903 android.view.Choreographer$CallbackRecord.run:1901 
04-20 00:48:58.608  1831  5125 I WindowManager: Relayout Window{421e392 u0 RecentsTransitionOverlay}: viewVisibility=0 req=1080x2340 ty=2632 d0
04-20 00:48:58.608  3033  3033 I VRI[RecentsTransitionOverlay]@de26580: Relayout returned: old=(0,0,1080,2340) new=(0,0,1080,2340) relayoutAsync=true req=(1080,2340)0 dur=0 res=0x0 s={true 0xb400007527c18b00} ch=false seqId=804
04-20 00:48:58.609  3033  3033 I VRI[RecentsTransitionOverlay]@de26580: registerCallbackForPendingTransactions
04-20 00:48:58.612  3033  5042 I VRI[RecentsTransitionOverlay]@de26580: mWNT: t=0xb400007577ec9980 mBlastBufferQueue=0xb400007527c85400 fn= 36160 HdrRenderState mRenderHdrSdrRatio=1.0 caller= android.view.ViewRootImpl$10.onFrameDraw:6536 android.view.ViewRootImpl$4.onFrameDraw:2489 android.view.ThreadedRenderer$1.onFrameDraw:718 
04-20 00:48:58.613  1831  2052 V InputMethodManagerService: IME window vis: 0 active: 0 visible: 0 displayId: 0
04-20 00:48:58.613  1831  2052 D InputMethodManagerService: isImeSwitcherDisabledPackage : false
04-20 00:48:58.613  1831  5125 I WindowManager: Relayout hash=421e392, pid=0, syncId=-1: mAttrs={(0,0)(fillxfill) gr=BOTTOM CENTER_VERTICAL sim={adjust=resize} layoutInDisplayCutoutMode=always ty=TRANSIENT_LAUNCH_OVERLAY fmt=TRANSLUCENT if=INPUT_FEATURE_NO_INPUT_CHANNEL
04-20 00:48:58.613  1831  5125 I WindowManager:   fl=118
04-20 00:48:58.613  1831  5125 I WindowManager:   pfl=10000040
04-20 00:48:58.613  1831  5125 I WindowManager:   bhv=1
04-20 00:48:58.613  1831  5125 I WindowManager:   frameRateBoostOnTouch=true
04-20 00:48:58.613  1831  5125 I WindowManager:   dvrrWindowFrameRateHint=true naviIconColor=0
04-20 00:48:58.613  1831  5125 I WindowManager:   sfl=4020000}
04-20 00:48:58.614  2509  2509 D NavigationBar: setImeWindowStatus displayId=0 vis=0 backDisposition=0 showImeSwitcher=false isImeVisible=false
04-20 00:48:58.620  3033  5043 I VRI[RecentsActivity]@8d94f7d: mWNT: t=0xb400007577ec9800 mBlastBufferQueue=0xb4000076c514d800 fn= 18 HdrRenderState mRenderHdrSdrRatio=1.0 caller= com.android.systemui.shared.launcher.ViewRootImplCompat.mergeWithNextTransaction:4 com.honeyspace.transition.utils.SurfaceTransactionApplier.scheduleApply$lambda$1:16 com.honeyspace.transition.utils.SurfaceTransactionApplier.b:0 
04-20 00:48:58.620  3033  3033 I ScrimView: setCurrentFlatColor alphaProgress = 0.080, currentFlatColor = 14000000
04-20 00:48:58.620  3033  3033 I HoneySpace.BackgroundViewAlphaUpdater: setAlpha: 0.7981125
04-20 00:48:58.621  3033  3033 I HoneySpace.AnimationSession: collect taskPosition LeashTask(targetView=com.honeyspace.ui.common.taskScene.GestureTaskSceneView{111346d I.ED..... ......ID 6984,0-8064,2340}, cornerRadius=84.402336, targetRect=Rect(892, 279 - 1623, 1727), animationProgress=0.95661426, fullScreenProgress=-0.0, canHidden=false, springRectCallback=b5.j@b26be3)
04-20 00:48:58.621  3033  3033 I HoneySpace.RecentsAnimationManager: moveTaskByPlayer, rect: Rect(892, 279 - 1623, 1727), progress : 0.95661426
04-20 00:48:58.621  3033  3033 I HoneySpace.RectFAnimation: animateToFinalPosition RectF(892.0, 279.0, 1623.0, 1727.0)
04-20 00:48:58.626  1327  1327 I SurfaceFlinger: [LayerHierarchy{RequestedLayerState{Input Consumer recents_animation_input_consumer#133 relativeParentId=96128 z=3} no children}] RelativeParent to LayerHierarchy{RequestedLayerState{Task=5641#96128 parentId=102146} 3 children}
04-20 00:48:58.628  3033  5042 I VRI[RecentsActivity]@8d94f7d: mWNT: t=0xb400007577ec9b00 mBlastBufferQueue=0xb4000076c514d800 fn= 19 HdrRenderState mRenderHdrSdrRatio=1.0 caller= com.android.systemui.shared.launcher.ViewRootImplCompat.mergeWithNextTransaction:4 com.honeyspace.transition.utils.SurfaceTransactionApplier.scheduleApply$lambda$1:16 com.honeyspace.transition.utils.SurfaceTransactionApplier.b:0 
04-20 00:48:58.630  3033  3033 I ScrimView: setCurrentFlatColor alphaProgress = 0.085, currentFlatColor = 16000000
04-20 00:48:58.630  3033  3033 I HoneySpace.BackgroundViewAlphaUpdater: setAlpha: 0.8460716
04-20 00:48:58.630  3033  3033 I HoneySpace.AnimationSession: collect taskPosition LeashTask(targetView=com.honeyspace.ui.common.taskScene.GestureTaskSceneView{111346d I.ED..... ......ID 6984,0-8064,2340}, cornerRadius=84.55094, targetRect=Rect(901, 282 - 1628, 1721), animationProgress=0.9664251, fullScreenProgress=-0.0, canHidden=false, springRectCallback=b5.j@bd34036)
04-20 00:48:58.631  3033  3033 I HoneySpace.RecentsAnimationManager: moveTaskByPlayer, rect: Rect(901, 282 - 1628, 1721), progress : 0.9664251
04-20 00:48:58.631  3033  3033 I HoneySpace.RectFAnimation: animateToFinalPosition RectF(901.0, 282.0, 1628.0, 1721.0)
04-20 00:48:58.642  3033  5043 I VRI[RecentsActivity]@8d94f7d: mWNT: t=0xb400007577eca400 mBlastBufferQueue=0xb4000076c514d800 fn= 20 HdrRenderState mRenderHdrSdrRatio=1.0 caller= com.android.systemui.shared.launcher.ViewRootImplCompat.mergeWithNextTransaction:4 com.honeyspace.transition.utils.SurfaceTransactionApplier.scheduleApply$lambda$1:16 com.honeyspace.transition.utils.SurfaceTransactionApplier.b:0 
04-20 00:48:58.642  3033  3033 I ScrimView: setCurrentFlatColor alphaProgress = 0.089, currentFlatColor = 17000000
04-20 00:48:58.642  3033  3033 I HoneySpace.BackgroundViewAlphaUpdater: setAlpha: 0.8852566
04-20 00:48:58.643  3033  3033 I HoneySpace.AnimationSession: collect taskPosition LeashTask(targetView=com.honeyspace.ui.common.taskScene.GestureTaskSceneView{111346d I.ED..... ......ID 6984,0-8064,2340}, cornerRadius=84.5744, targetRect=Rect(907, 284 - 1632, 1717), animationProgress=0.97324955, fullScreenProgress=-0.0, canHidden=false, springRectCallback=b5.j@1919c5)
04-20 00:48:58.643  3033  3033 I HoneySpace.RecentsAnimationManager: moveTaskByPlayer, rect: Rect(907, 284 - 1632, 1717), progress : 0.97324955
04-20 00:48:58.643  3033  3033 I HoneySpace.RectFAnimation: animateToFinalPosition RectF(907.0, 284.0, 1632.0, 1717.0)
04-20 00:48:58.653  3033  5042 I VRI[RecentsActivity]@8d94f7d: mWNT: t=0xb400007577eca580 mBlastBufferQueue=0xb4000076c514d800 fn= 21 HdrRenderState mRenderHdrSdrRatio=1.0 caller= com.android.systemui.shared.launcher.ViewRootImplCompat.mergeWithNextTransaction:4 com.honeyspace.transition.utils.SurfaceTransactionApplier.scheduleApply$lambda$1:16 com.honeyspace.transition.utils.SurfaceTransactionApplier.b:0 
04-20 00:48:58.654  3033  3033 I ScrimView: setCurrentFlatColor alphaProgress = 0.092, currentFlatColor = 17000000
04-20 00:48:58.654  3033  3033 I HoneySpace.BackgroundViewAlphaUpdater: setAlpha: 0.91933525
04-20 00:48:58.654  3033  3033 I HoneySpace.AnimationSession: collect taskPosition LeashTask(targetView=com.honeyspace.ui.common.taskScene.GestureTaskSceneView{111346d I.ED..... ......ID 6984,0-8064,2340}, cornerRadius=84.72293, targetRect=Rect(913, 286 - 1635, 1713), animationProgress=0.9798447, fullScreenProgress=-0.0, canHidden=false, springRectCallback=b5.j@63f3840)
04-20 00:48:58.654  3033  3033 I HoneySpace.RecentsAnimationManager: moveTaskByPlayer, rect: Rect(913, 286 - 1635, 1713), progress : 0.9798447
04-20 00:48:58.654  3033  3033 I HoneySpace.RectFAnimation: animateToFinalPosition RectF(913.0, 286.0, 1635.0, 1713.0)
04-20 00:48:58.663  3033  3033 I ScrimView: setCurrentFlatColor alphaProgress = 0.095, currentFlatColor = 18000000
04-20 00:48:58.663  3033  3033 I HoneySpace.BackgroundViewAlphaUpdater: setAlpha: 0.9478559
04-20 00:48:58.664  3033  5043 I VRI[RecentsActivity]@8d94f7d: mWNT: t=0xb400007577eca700 mBlastBufferQueue=0xb4000076c514d800 fn= 22 HdrRenderState mRenderHdrSdrRatio=1.0 caller= com.android.systemui.shared.launcher.ViewRootImplCompat.mergeWithNextTransaction:4 com.honeyspace.transition.utils.SurfaceTransactionApplier.scheduleApply$lambda$1:16 com.honeyspace.transition.utils.SurfaceTransactionApplier.b:0 
04-20 00:48:58.664  3033  3033 I HoneySpace.AnimationSession: collect taskPosition LeashTask(targetView=com.honeyspace.ui.common.taskScene.GestureTaskSceneView{111346d I.ED..... ......ID 6984,0-8064,2340}, cornerRadius=84.69617, targetRect=Rect(918, 288 - 1639, 1710), animationProgress=0.9847544, fullScreenProgress=-0.0, canHidden=false, springRectCallback=b5.j@a726117)
04-20 00:48:58.664  3033  3033 I HoneySpace.RecentsAnimationManager: moveTaskByPlayer, rect: Rect(918, 288 - 1639, 1710), progress : 0.9847544
04-20 00:48:58.664  3033  3033 I HoneySpace.RectFAnimation: animateToFinalPosition RectF(918.0, 288.0, 1639.0, 1710.0)
04-20 00:48:58.673  3033  5042 I VRI[RecentsActivity]@8d94f7d: mWNT: t=0xb400007577eca880 mBlastBufferQueue=0xb4000076c514d800 fn= 23 HdrRenderState mRenderHdrSdrRatio=1.0 caller= com.android.systemui.shared.launcher.ViewRootImplCompat.mergeWithNextTransaction:4 com.honeyspace.transition.utils.SurfaceTransactionApplier.scheduleApply$lambda$1:16 com.honeyspace.transition.utils.SurfaceTransactionApplier.b:0 
04-20 00:48:58.674  3033  3033 I ScrimView: setCurrentFlatColor alphaProgress = 0.097, currentFlatColor = 19000000
04-20 00:48:58.674  3033  3033 I HoneySpace.BackgroundViewAlphaUpdater: setAlpha: 0.9704404
04-20 00:48:58.674  3033  3033 I HoneySpace.AnimationSession: collect taskPosition LeashTask(targetView=com.honeyspace.ui.common.taskScene.GestureTaskSceneView{111346d I.ED..... ......ID 6984,0-8064,2340}, cornerRadius=84.80007, targetRect=Rect(922, 289 - 1641, 1707), animationProgress=0.9892058, fullScreenProgress=-0.0, canHidden=false, springRectCallback=b5.j@485427a)
04-20 00:48:58.674  3033  3033 I HoneySpace.RecentsAnimationManager: moveTaskByPlayer, rect: Rect(922, 289 - 1641, 1707), progress : 0.9892058
04-20 00:48:58.674  3033  3033 I HoneySpace.RectFAnimation: animateToFinalPosition RectF(922.0, 289.0, 1641.0, 1707.0)
04-20 00:48:58.684  3033  5043 I VRI[RecentsActivity]@8d94f7d: mWNT: t=0xb400007577ecaa00 mBlastBufferQueue=0xb4000076c514d800 fn= 24 HdrRenderState mRenderHdrSdrRatio=1.0 caller= com.android.systemui.shared.launcher.ViewRootImplCompat.mergeWithNextTransaction:4 com.honeyspace.transition.utils.SurfaceTransactionApplier.scheduleApply$lambda$1:16 com.honeyspace.transition.utils.SurfaceTransactionApplier.b:0 
04-20 00:48:58.684  3033  3033 I ScrimView: setCurrentFlatColor alphaProgress = 0.099, currentFlatColor = 19000000
04-20 00:48:58.684  3033  3033 I HoneySpace.BackgroundViewAlphaUpdater: setAlpha: 0.98678946
04-20 00:48:58.685  3033  3033 I HoneySpace.AnimationSession: collect taskPosition LeashTask(targetView=com.honeyspace.ui.common.taskScene.GestureTaskSceneView{111346d I.ED..... ......ID 6984,0-8064,2340}, cornerRadius=84.81635, targetRect=Rect(925, 290 - 1643, 1705), animationProgress=0.9927322, fullScreenProgress=-0.0, canHidden=false, springRectCallback=b5.j@8f5259)
04-20 00:48:58.685  3033  3033 I HoneySpace.RecentsAnimationManager: moveTaskByPlayer, rect: Rect(925, 290 - 1643, 1705), progress : 0.9927322
04-20 00:48:58.685  3033  3033 I HoneySpace.RectFAnimation: animateToFinalPosition RectF(925.0, 290.0, 1643.0, 1705.0)
04-20 00:48:58.695  3033  5042 I VRI[RecentsActivity]@8d94f7d: mWNT: t=0xb400007577ecab80 mBlastBufferQueue=0xb4000076c514d800 fn= 25 HdrRenderState mRenderHdrSdrRatio=1.0 caller= com.android.systemui.shared.launcher.ViewRootImplCompat.mergeWithNextTransaction:4 com.honeyspace.transition.utils.SurfaceTransactionApplier.scheduleApply$lambda$1:16 com.honeyspace.transition.utils.SurfaceTransactionApplier.b:0 
04-20 00:48:58.697  3033  3033 I ScrimView: setCurrentFlatColor alphaProgress = 0.100, currentFlatColor = 19000000
04-20 00:48:58.697  3033  3033 I HoneySpace.BackgroundViewAlphaUpdater: setAlpha: 0.9966864
04-20 00:48:58.697  3033  3033 I HoneySpace.AnimationSession: collect taskPosition LeashTask(targetView=com.honeyspace.ui.common.taskScene.GestureTaskSceneView{111346d I.ED..... ......ID 6984,0-8064,2340}, cornerRadius=84.86202, targetRect=Rect(928, 291 - 1645, 1703), animationProgress=0.99526066, fullScreenProgress=-0.0, canHidden=false, springRectCallback=b5.j@5eed964)
04-20 00:48:58.698  3033  3033 I HoneySpace.RecentsAnimationManager: moveTaskByPlayer, rect: Rect(928, 291 - 1645, 1703), progress : 0.99526066
04-20 00:48:58.698  3033  3033 I HoneySpace.RectFAnimation: animateToFinalPosition RectF(928.0, 291.0, 1645.0, 1703.0)
04-20 00:48:58.705  3033  5043 I VRI[RecentsActivity]@8d94f7d: mWNT: t=0xb400007577ecad00 mBlastBufferQueue=0xb4000076c514d800 fn= 26 HdrRenderState mRenderHdrSdrRatio=1.0 caller= com.android.systemui.shared.launcher.ViewRootImplCompat.mergeWithNextTransaction:4 com.honeyspace.transition.utils.SurfaceTransactionApplier.scheduleApply$lambda$1:16 com.honeyspace.transition.utils.SurfaceTransactionApplier.b:0 
04-20 00:48:58.706  3033  3033 I HoneySpace.BackgroundManagerImpl: setProgress: com.honeyspace.sdk.RecentScreen$Normal@6cc54f1, p=1.0, ch=8825458, open=true
04-20 00:48:58.706  3033  3033 I ScrimView: setCurrentFlatColor alphaProgress = 0.100, currentFlatColor = 1a000000
04-20 00:48:58.706  3033  3033 I HoneySpace.BackgroundManagerImpl: setProgressToScrimView[ch=8825458]: progress = 1.0, dim = 0.1, currentDimAlpha={8825458=0.1, 167104910=0.0, 181759531=0.1}
04-20 00:48:58.706  3033  3033 I HoneySpace.BackgroundViewAlphaUpdater: setAlpha: 1.0
04-20 00:48:58.706  3033  3033 I HoneySpace.BackgroundManagerImpl: setProgressToBlurView[ch=8825458, st =  com.honeyspace.sdk.RecentScreen$Normal@6cc54f1, progress = 1.0, wb= 1.0]
04-20 00:48:58.706  3033  3033 I HoneySpace.AnimationSession: collect taskPosition LeashTask(targetView=com.honeyspace.ui.common.taskScene.GestureTaskSceneView{111346d I.ED..... ......ID 6984,0-8064,2340}, cornerRadius=84.90861, targetRect=Rect(930, 291 - 1646, 1701), animationProgress=0.9977891, fullScreenProgress=-0.0, canHidden=false, springRectCallback=b5.j@ee09a0b)
04-20 00:48:58.706  3033  3033 I HoneySpace.RecentsAnimationManager: moveTaskByPlayer, rect: Rect(930, 291 - 1646, 1701), progress : 0.9977891
04-20 00:48:58.706  3033  3033 I HoneySpace.RectFAnimation: animateToFinalPosition RectF(930.0, 291.0, 1646.0, 1701.0)
04-20 00:48:58.708  3033  3033 I HoneySpace.WallpaperAnimator: destroyWallpaperSurface Surface(name=Surface(name=RemoteWallpaperAnim:1:1)/@0x89a39b7 - animation-leash of remote_wallpaper)/@0x1a0a958
04-20 00:48:58.708  3033  3033 I HoneySpace.WallpaperAnimator: wallpaper animation end [48081054]
04-20 00:48:58.709  1831  5125 I WindowManager: Cancelling animation restarting=false, leash=Surface(name=Surface(name=RemoteWallpaperAnim:1:1)/@0x89a39b7 - animation-leash of remote_wallpaper)/@0x253fc26
04-20 00:48:58.709  1831  5125 I WindowManager: Reparenting to original parent: Surface(name=OneHanded:0:14)/@0x1ca8524, destroy=false, surface=Surface(name=RemoteWallpaperAnim:1:1)/@0x89a39b7
04-20 00:48:58.710  1831  5125 D WindowManager: mRunner#onAnimationCancelled, leash=Surface(name=Surface(name=RemoteWallpaperAnim:1:1)/@0x89a39b7 - animation-leash of remote_wallpaper)/@0x253fc26, caller=com.android.server.wm.SurfaceAnimator.cancelAnimation:14 com.android.server.wm.SurfaceAnimator.cancelAnimation:1 com.android.server.wm.WindowContainer.cancelAnimation:3 com.android.server.wm.WindowManagerService.finishRemoteWallpaperAnimation:81 android.view.IWindowManager$Stub.onTransact:4336 
04-20 00:48:58.710  1831  5125 D WindowManager: finishRemoteWallpaperAnimation, success=true
04-20 00:48:58.710  3033 18428 I HoneySpace.WallpaperAnimator: onAnimationCancelled
04-20 00:48:58.714  3033  5042 I VRI[RecentsActivity]@8d94f7d: mWNT: t=0xb400007577ecae80 mBlastBufferQueue=0xb4000076c514d800 fn= 27 HdrRenderState mRenderHdrSdrRatio=1.0 caller= com.android.systemui.shared.launcher.ViewRootImplCompat.mergeWithNextTransaction:4 com.honeyspace.transition.utils.SurfaceTransactionApplier.scheduleApply$lambda$1:16 com.honeyspace.transition.utils.SurfaceTransactionApplier.b:0 
04-20 00:48:58.715  3033  3033 I HoneySpace.AnimationSession: collect taskPosition LeashTask(targetView=com.honeyspace.ui.common.taskScene.GestureTaskSceneView{111346d I.ED..... ......ID 6984,0-8064,2340}, cornerRadius=84.885155, targetRect=Rect(931, 292 - 1647, 1701), animationProgress=0.99862224, fullScreenProgress=-0.0, canHidden=false, springRectCallback=b5.j@68c437e)
04-20 00:48:58.715  3033  3033 I HoneySpace.RecentsAnimationManager: moveTaskByPlayer, rect: Rect(931, 292 - 1647, 1701), progress : 0.99862224
04-20 00:48:58.715  3033  3033 I HoneySpace.RectFAnimation: animateToFinalPosition RectF(931.0, 292.0, 1647.0, 1701.0)
04-20 00:48:58.716  3033  3033 I HoneySpace.SuggestedAppsProgressRepositoryImpl: taskLaunchProgress: 0.0, recentsEnteringProgress: 0.0, timeoutProgress: 0.0, enabledProgress: 1.0, closeRecentsProgress: 0.0
04-20 00:48:58.723  3033  5043 I VRI[RecentsActivity]@8d94f7d: mWNT: t=0xb40000757834c000 mBlastBufferQueue=0xb4000076c514d800 fn= 28 HdrRenderState mRenderHdrSdrRatio=1.0 caller= com.android.systemui.shared.launcher.ViewRootImplCompat.mergeWithNextTransaction:4 com.honeyspace.transition.utils.SurfaceTransactionApplier.scheduleApply$lambda$1:16 com.honeyspace.transition.utils.SurfaceTransactionApplier.b:0 
04-20 00:48:58.726  1327  1327 I SurfaceFlinger: [LayerHierarchy{RequestedLayerState{RemoteWallpaperAnim:1:1#7 parentId=4 z=1} 1 children}] reparent to LayerHierarchy{RequestedLayerState{OneHanded:0:14#4 parentId=3} 4 children}
04-20 00:48:58.726  1327  1327 I SurfaceFlinger: [LayerHierarchy{RequestedLayerState{Surface(name=RemoteWallpaperAnim:1:1)/@0x89a39b7 - animation-leash of remote_wallpaper#102141 z=1} no children}] reparent to OffscreenRoot
04-20 00:48:58.726  1327  1327 I SurfaceFlinger: [LayerHierarchy{RequestedLayerState{Surface(name=RemoteWallpaperAnim:1:1)/@0x89a39b7 - animation-leash of remote_wallpaper#102141 z=1} no children}] RelativeParent to null
04-20 00:48:58.726  1327  1327 I SurfaceFlinger: onHandleDestroyed: layerId=102141, name=Surface(name=RemoteWallpaperAnim:1:1)/@0x89a39b7 - animation-leash of remote_wallpaper#102141
04-20 00:48:58.726  1327  1327 I SurfaceFlinger: id=102141 Removed Surface(name=RemoteWallpaperAnim:1:1)/@0x89a39b7 - animation-leash of remote_wallpaper#102141 (190)
04-20 00:48:58.726  3033  3033 I HoneySpace.AnimationSession: collect taskPosition LeashTask(targetView=com.honeyspace.ui.common.taskScene.GestureTaskSceneView{111346d I.ED..... ......ID 6984,0-8064,2340}, cornerRadius=84.98129, targetRect=Rect(931, 292 - 1646, 1701), animationProgress=0.99941987, fullScreenProgress=-0.0, canHidden=false, springRectCallback=b5.j@240a0ad)
04-20 00:48:58.727  3033  3033 I HoneySpace.RecentsAnimationManager: moveTaskByPlayer, rect: Rect(931, 292 - 1646, 1701), progress : 0.99941987
04-20 00:48:58.727  3033  3033 I HoneySpace.RectFAnimation: animateToFinalPosition RectF(931.0, 292.0, 1646.0, 1701.0)
04-20 00:48:58.729  3033  5042 I VRI[RecentsActivity]@8d94f7d: mWNT: t=0xb40000757834c180 mBlastBufferQueue=0xb4000076c514d800 fn= 29 HdrRenderState mRenderHdrSdrRatio=1.0 caller= com.android.systemui.shared.launcher.ViewRootImplCompat.mergeWithNextTransaction:4 com.honeyspace.transition.utils.SurfaceTransactionApplier.scheduleApply$lambda$1:16 com.honeyspace.transition.utils.SurfaceTransactionApplier.b:0 
04-20 00:48:58.737  1327  1327 I SurfaceFlinger: destroyed Surface(name=RemoteWallpaperAnim:1:1)/@0x89a39b7 - animation-leash of remote_wallpaper#102141
04-20 00:48:58.738  1327  1327 I Layer   : id=102141 Destroyed Surface(name=RemoteWallpaperAnim:1:1)/@0x89a39b7 - animation-leash of remote_wallpaper#102141
04-20 00:48:58.738  3033  3033 I HoneySpace.AnimationSession: collect taskPosition LeashTask(targetView=com.honeyspace.ui.common.taskScene.GestureTaskSceneView{111346d I.ED..... ......ID 6984,0-8064,2340}, cornerRadius=84.965034, targetRect=Rect(932, 292 - 1647, 1700), animationProgress=1.0, fullScreenProgress=-0.0, canHidden=false, springRectCallback=b5.j@2113348)
04-20 00:48:58.738  3033  3033 I HoneySpace.RecentsAnimationManager: moveTaskByPlayer, rect: Rect(932, 292 - 1647, 1700), progress : 1.0
04-20 00:48:58.738  3033  3033 I HoneySpace.RectFAnimation: animateToFinalPosition RectF(932.0, 292.0, 1647.0, 1700.0)
04-20 00:48:58.741  3033  5043 I VRI[RecentsActivity]@8d94f7d: mWNT: t=0xb40000757834c300 mBlastBufferQueue=0xb4000076c514d800 fn= 30 HdrRenderState mRenderHdrSdrRatio=1.0 caller= com.android.systemui.shared.launcher.ViewRootImplCompat.mergeWithNextTransaction:4 com.honeyspace.transition.utils.SurfaceTransactionApplier.scheduleApply$lambda$1:16 com.honeyspace.transition.utils.SurfaceTransactionApplier.b:0 
04-20 00:48:58.750  3033  5042 I VRI[RecentsActivity]@8d94f7d: mWNT: t=0xb40000757834c480 mBlastBufferQueue=0xb4000076c514d800 fn= 31 HdrRenderState mRenderHdrSdrRatio=1.0 caller= com.android.systemui.shared.launcher.ViewRootImplCompat.mergeWithNextTransaction:4 com.honeyspace.transition.utils.SurfaceTransactionApplier.scheduleApply$lambda$1:16 com.honeyspace.transition.utils.SurfaceTransactionApplier.b:0 
04-20 00:48:58.761  3033  5043 I VRI[RecentsActivity]@8d94f7d: mWNT: t=0xb40000757834c600 mBlastBufferQueue=0xb4000076c514d800 fn= 32 HdrRenderState mRenderHdrSdrRatio=1.0 caller= com.android.systemui.shared.launcher.ViewRootImplCompat.mergeWithNextTransaction:4 com.honeyspace.transition.utils.SurfaceTransactionApplier.scheduleApply$lambda$1:16 com.honeyspace.transition.utils.SurfaceTransactionApplier.b:0 
04-20 00:48:58.772  3033  5042 I VRI[RecentsActivity]@8d94f7d: mWNT: t=0xb40000757834c780 mBlastBufferQueue=0xb4000076c514d800 fn= 33 HdrRenderState mRenderHdrSdrRatio=1.0 caller= com.android.systemui.shared.launcher.ViewRootImplCompat.mergeWithNextTransaction:4 com.honeyspace.transition.utils.SurfaceTransactionApplier.scheduleApply$lambda$1:16 com.honeyspace.transition.utils.SurfaceTransactionApplier.b:0 
04-20 00:48:58.783  3033  5043 I VRI[RecentsActivity]@8d94f7d: mWNT: t=0xb40000757834c900 mBlastBufferQueue=0xb4000076c514d800 fn= 34 HdrRenderState mRenderHdrSdrRatio=1.0 caller= com.android.systemui.shared.launcher.ViewRootImplCompat.mergeWithNextTransaction:4 com.honeyspace.transition.utils.SurfaceTransactionApplier.scheduleApply$lambda$1:16 com.honeyspace.transition.utils.SurfaceTransactionApplier.b:0 
04-20 00:48:58.794  3033  5042 I VRI[RecentsActivity]@8d94f7d: mWNT: t=0xb40000757834ca80 mBlastBufferQueue=0xb4000076c514d800 fn= 35 HdrRenderState mRenderHdrSdrRatio=1.0 caller= com.android.systemui.shared.launcher.ViewRootImplCompat.mergeWithNextTransaction:4 com.honeyspace.transition.utils.SurfaceTransactionApplier.scheduleApply$lambda$1:16 com.honeyspace.transition.utils.SurfaceTransactionApplier.b:0 
04-20 00:48:58.805  3033  5043 I VRI[RecentsActivity]@8d94f7d: mWNT: t=0xb40000757834cc00 mBlastBufferQueue=0xb4000076c514d800 fn= 36 HdrRenderState mRenderHdrSdrRatio=1.0 caller= com.android.systemui.shared.launcher.ViewRootImplCompat.mergeWithNextTransaction:4 com.honeyspace.transition.utils.SurfaceTransactionApplier.scheduleApply$lambda$1:16 com.honeyspace.transition.utils.SurfaceTransactionApplier.b:0 
04-20 00:48:58.815  3033  3033 I HoneySpace.RectFAnimation: animation ended
04-20 00:48:58.816  3033  5042 I VRI[RecentsActivity]@8d94f7d: mWNT: t=0xb40000757834cf00 mBlastBufferQueue=0xb4000076c514d800 fn= 37 HdrRenderState mRenderHdrSdrRatio=1.0 caller= com.android.systemui.shared.launcher.ViewRootImplCompat.mergeWithNextTransaction:4 com.honeyspace.transition.utils.SurfaceTransactionApplier.scheduleApply$lambda$1:16 com.honeyspace.transition.utils.SurfaceTransactionApplier.b:0 
04-20 00:48:58.837  3033  3033 I HoneySpace.SuggestedAppsProgressRepositoryImpl: taskLaunchProgress: 0.0, recentsEnteringProgress: 1.0, timeoutProgress: 0.0, enabledProgress: 1.0, closeRecentsProgress: 0.0
04-20 00:48:58.838  3033  3033 I HoneySpace.SuggestedAppsProgressRepositoryImpl: taskLaunchProgress: 0.0, recentsEnteringProgress: 1.0, timeoutProgress: 0.0, enabledProgress: 1.0, closeRecentsProgress: 0.0
04-20 00:48:58.850  1270  1270 I hwcomposer: [HWCDisplay] [Display_0 (type:1, mode:2)] fps:84.917542,dur:1000.97,max:59.43,min:10.02  
04-20 00:48:58.859  3033  3033 I HoneySpace.TaskIconProgressRepositoryImpl: taskLaunchProgress: 0.0, recentsEnteringFromAppsProgress: 1.0
04-20 00:48:58.860  3033  3033 I HoneySpace.TaskIconProgressRepositoryImpl: taskLaunchProgress: 0.0, recentsEnteringFromAppsProgress: 1.0
04-20 00:48:58.860  3033  3033 I HoneySpace.CloseAllProgressRepositoryImpl: taskLaunchProgress: 0.0, recentsEnteringProgress: 1.0
04-20 00:48:58.860  3033  3033 I HoneySpace.RecentEnteringAnimationHelper: On end enter animation. 450
04-20 00:48:58.860  3033  3033 I HoneySpace.AnimationSession: [4/7] Start RecentsActivity
04-20 00:48:58.860  3033  3033 I HoneySpace.MultiStateCallback: [58414547] Adding [STATE_START_RECENTS_ACTIVITY (8)] to [STATE_START_RECENTS_TRANSITION, STATE_RECENTS_ANIMATION_STARTED, STATE_GESTURE_START_RECENTS_SCREEN, STATE_GESTURE_START_BYKEY, STATE_RECENT_APPEARED, STATE_GESTURE_MOVE_START (573716)]
04-20 00:48:58.860  3033  3033 I HoneySpace.RecentsAnimationManager: startRecentsActivityInternal
04-20 00:48:58.860  3033  3033 I HoneySpace.AnimationSession: [5/7] task screenshots: [5641]
04-20 00:48:58.861  3033  9498 I HoneySpace.RecentsAnimationController: getScreenshotTask, taskId = 5641
04-20 00:48:58.861  1831  1850 D RestrictionPolicy: isScreenCaptureEnabled : ret=true userId=0
04-20 00:48:58.862  1831  1850 D RestrictionPolicy: isScreenCaptureEnabled : ret=true userId=0
04-20 00:48:58.862  1831  1850 D RestrictionPolicy: isScreenCaptureEnabled : ret=true userId=0
04-20 00:48:58.862  1831  1850 D RestrictionPolicy: isScreenCaptureEnabled : ret=true userId=0
04-20 00:48:58.862  1831  1850 D RestrictionPolicy: isScreenCaptureEnabled : ret=true userId=0
04-20 00:48:58.862  1831  1850 D ScreenCapture: [Capture_TEST] : setIsScreenShotBySystem false
04-20 00:48:58.862  1831  1850 I SurfaceComposerClient: captureLayers:childrenOnly:1, sync:1
04-20 00:48:58.865  1327  2171 I SurfaceFlinger: Capture layer list: 	 com.whatsapp/com.whatsapp.Conversation$_5039#102132(seamlessTransition:0)
04-20 00:48:58.865  1327  2171 I SurfaceFlinger: Capture layer list: 	 InputMethod$_5000#102136(seamlessTransition:0)
04-20 00:48:58.873  3033  3033 I HoneySpace.HoneyScreenManagerImpl: updateBackground, state: com.honeyspace.sdk.RecentScreen$Normal@6cc54f1
04-20 00:48:58.874  3033  3033 I HoneySpace.RecentscreenPot: changeState : com.honeyspace.sdk.RecentScreen$Normal@6cc54f1
04-20 00:48:58.874  3033  3033 I HoneySpace.RecentscreenPot: recent screenAlphaWhileGesture, alpah 1
04-20 00:48:58.874  3033  3033 I HoneySpace.BackgroundManagerImpl: updateProperties[ch=167104910], com.honeyspace.sdk.RecentScreen$Normal@6cc54f1, true
04-20 00:48:58.874  3033  3033 I HoneySpace.BackgroundManagerImpl: updateDimColor[ch=167104910]
04-20 00:48:58.874  3033  3033 I HoneySpace.BackgroundManagerImpl: updated the scrimView's end color : com.honeyspace.sdk.RecentScreen$Normal@6cc54f1
04-20 00:48:58.874  3033  3033 I HoneySpace.BackgroundManagerImpl: updateLastDimAndBlur[ch=167104910]dim[0.1 -> 0.0] ,wBlur[1.0 -> 1.0
04-20 00:48:58.874  3033  3033 I HoneySpace.BackgroundManagerImpl: updateLastState[167104910]: com.honeyspace.sdk.RecentScreen$Transition@6e86dc3 -> com.honeyspace.sdk.RecentScreen$Normal@6cc54f1
04-20 00:48:58.874  3033  3033 I HoneySpace.CapturedBlurViewModel: shouldUpdateWallpaperBlur : needToUpdateWallpaper = false, needToUpdateWallpaperBlur = false, capture = nonNull, isOrientationChanged() = false, isDisplayChanged() = false, isLiveWallpaper = false
04-20 00:48:58.874  3033  3033 I HoneySpace.CapturedBlurViewModel: updateWallpaperBlur() already captured
04-20 00:48:58.875  3033  3033 I HoneySpace.BackgroundManagerImpl: setProgress: com.honeyspace.sdk.RecentScreen$Normal@6cc54f1, p=1.0, ch=167104910, open=true
04-20 00:48:58.875  3033  3033 I ScrimView: setCurrentFlatColor alphaProgress = 0.100, currentFlatColor = 1a000000
04-20 00:48:58.875  3033  3033 I HoneySpace.BackgroundManagerImpl: setProgressToScrimView[ch=167104910]: progress = 1.0, dim = 0.1, currentDimAlpha={8825458=0.1, 167104910=0.1, 181759531=0.1}
