04-20 01:55:22.766  1327  1327 I SurfaceFlinger: destroyed Surface(name=Task=5694)/@0x9fab1e2_transition-leash#107204
04-20 01:55:22.766  1327  1327 I SurfaceFlinger: destroyed Surface(name=Task=5167)/@0x5fc4aad_transition-leash#107203
04-20 01:55:22.766  1327  1327 I SurfaceFlinger: destroyed Transition Root: Task=5167#107177
04-20 01:55:22.766  1327  1327 I SurfaceFlinger: destroyed Surface(name=Task=5167)/@0xefda5e3_transition-leash#107179
04-20 01:55:22.766  1327  1327 I SurfaceFlinger: destroyed Surface(name=TransientLaunchOverlayToken{f61bfc7 token=android.os.BinderProxy@69ffbe1})/@0xe92ebc4_transition-leash#107202
04-20 01:55:22.766  1327  1327 I SurfaceFlinger: destroyed Transition Root: Task=5167#107201
04-20 01:55:22.766  1327  1327 I SurfaceFlinger: destroyed Surface(name=Task=5688)/@0xb1cfbe0_transition-leash#107180
04-20 01:55:22.766  1327  1327 I SurfaceFlinger: destroyed Surface(name=Task=1)/@0x10ab495_transition-leash#107154
04-20 01:55:22.766  1270  1646 D PQ_HDR  : DpAsyncBlit: in: job (1408097 39) (2352, 1080, 9408, 0, C2s, P4), sec0, flush 1 Buffer 704048: plane=1 bufVA={0x2f,0x0,0x0} bufMVA={0x0,0x0,0x0} bufSize={0x9b0a00,0x0,0x0} proxy={0xb400007dc570e9a0,0x0,0x0}fence=-1
04-20 01:55:22.766  1270  1646 D PQ_HDR  : DpAsyncBlit: out0: (1080, 2340, 4352, 0, C2s, P1), misc: (X:0, Y:0, R:90, F:0, S:0, A:0, D:0), sec0, flush 0 Buffer 704048: plane=1 bufVA={0x41,0x0,0x0} bufMVA={0x0,0x0,0x0} bufSize={0x9b6400,0x0,0x0} proxy={0xb400007dc570ea80,0x0,0x0}fence=-1
04-20 01:55:22.766  1270  1646 D PQ_HDR  : DpAsyncBlit: crop0: (0, 0, 2340, 1080, 0, 0, 0, 0)
04-20 01:55:22.766  1327  1389 E SfCpu   :  sched_setaffinity return fail 1270
04-20 01:55:22.766  1327  1327 I BufferQueueProducer: [InputMethod$_5000#107217](this:0xb4000070ca51fe38,id:-1,api:0,p:-1,c:1327) queueBuffer: fps=2.57 dur=1167.08 max=500.40 min=178.80
04-20 01:55:22.767  1831  1831 D SGM:GameManager: onDisplayChanged. displyId: 0, state: 2
04-20 01:55:22.767  1327  1327 I Layer   : id=107178 Destroyed Surface(name=TransientLaunchOverlayToken{f61bfc7 token=android.os.BinderProxy@69ffbe1})/@0x8dc7a12_transition-leash#107178
04-20 01:55:22.767  1327  1327 I Layer   : id=107204 Destroyed Surface(name=Task=5694)/@0x9fab1e2_transition-leash#107204
04-20 01:55:22.767  1327  1327 I Layer   : id=107203 Destroyed Surface(name=Task=5167)/@0x5fc4aad_transition-leash#107203
04-20 01:55:22.767  1327  1327 I Layer   : id=107179 Destroyed Surface(name=Task=5167)/@0xefda5e3_transition-leash#107179
04-20 01:55:22.767  1327  1327 I Layer   : id=107202 Destroyed Surface(name=TransientLaunchOverlayToken{f61bfc7 token=android.os.BinderProxy@69ffbe1})/@0xe92ebc4_transition-leash#107202
04-20 01:55:22.767  1327  1327 I Layer   : id=107180 Destroyed Surface(name=Task=5688)/@0xb1cfbe0_transition-leash#107180
04-20 01:55:22.767  1327  1327 I Layer   : id=107201 Destroyed Transition Root: Task=5167#107201
04-20 01:55:22.767  1327  1327 I Layer   : id=107177 Destroyed Transition Root: Task=5167#107177
04-20 01:55:22.767  1327  1327 I Layer   : id=107155 Destroyed Surface(name=Task=5167)/@0x22bc99b_transition-leash#107155
04-20 01:55:22.767  1327  1327 I Layer   : id=107154 Destroyed Surface(name=Task=1)/@0x10ab495_transition-leash#107154
04-20 01:55:22.767  1831  1831 D AODManagerService: requestReCalToTSP IsSingleTouchMode = falserequestedReCalToTSP = false / previousDisplayState = ON
04-20 01:55:22.768  1270  1270 I hwcomposer: [DBQ] (q2:0xb400007e59a32c00) Reallocate Slot(1), pool(0 -> 0) size(0 -> 10108800) secure(0 -> 0)  
04-20 01:55:22.769  5000  5000 I HBD     : HoneyBoardService onConfigurationChanged: newConfig = {1.0 404mcc20mnc [en_IN] ldltr sw384dp w384dp h756dp 450dpi nrml long port finger -keyb/v/h -nav/h winConfig={ mBounds=Rect(0, 0 - 1080, 2340) mAppBounds=Rect(0, 80 - 1080, 2205) mMaxBounds=Rect(0, 0 - 1080, 2340) mDisplayRotation=ROTATION_0 mWindowingMode=fullscreen mActivityType=undefined mAlwaysOnTop=undefined mRotation=ROTATION_0 mStageConfig=undefined mPopOver=undefined mOverlappingWithCutout=false} s.17394 fontWeightAdjustment=0 ff=0 bf=-1 bts=0 cst=1.0 nightDim=0 themeSeq=0} 
04-20 01:55:22.770  5000  5000 I HBD     : k isEnabledNightMode : false 
04-20 01:55:22.770  5000  5000 I HBD     : c updatePredictionStatus : 8, editorOpt 
04-20 01:55:22.770  5000  5000 I HBD     : a isNeedToChangeInputRange :  false , isLandscape :  false
04-20 01:55:22.772  1270  1270 I hwcomposer: [DBQ] (q2:0xb400007e59a32c00) Alloc Slot(1), handle=0xb400007e59a51dc0 c=0 w=1080 h=2340 p=1088 ys=1088 vs=2340 f=2 sec=0 sh=0, usage=0x800  
04-20 01:55:22.773  1831  2063 D SGM:FgCheckThread: onLooperPrepared(), msg: MSG_LCD_ON
04-20 01:55:22.773  1831  2249 D MotionRecognitionService: Inject auto rotation : 0
04-20 01:55:22.773  5000  5000 I HBD     : a undoMinimize requested, minimized = false 
04-20 01:55:22.773  1831  2249 D SensorService: Motion injection
04-20 01:55:22.773  1831  2249 D SensorService: [EAR_TOUCH] : INJECT_AUTO_ROTATION ++++
04-20 01:55:22.773  1831  2010 D SEP_UNION_SemDeviceInfoManagerService: onReceive : android.intent.action.CONFIGURATION_CHANGED, userId = 0 
04-20 01:55:22.774  1831  1831 D WALLPAPER_SVC:SemWallpaperManagerService: onReceive: android.intent.action.CONFIGURATION_CHANGED, densityDpi=450, orientation [old=2, new=1] 
04-20 01:55:22.774  1831  1831 D WALLPAPER_SVC:WallpaperManagerService: orientation is changed, notifySemColorListeners 
04-20 01:55:22.775  3033  3842 I HoneySpace.RecentTasks: onRecentTasksChanged
04-20 01:55:22.775  3033 27233 I HoneySpace.RecentTasks: onRecentTasksChanged
04-20 01:55:22.776  5000  5000 I HBD     : a [UpdatePolicy] [post] a: 2 cl: 65555 kit: [0/0] vt: 0 ir: 1 
04-20 01:55:22.777  2509  2647 D StackScroller: onDisplayChanged for predraw skip to 2
04-20 01:55:22.778  4195  4211 I SCS@AiSearch user 0: (KeyboardManager) Keyboard current state:  mIsSamsungKeyboardEnabled= true mIsKeysCafeEnabled= false isMainScreen= true isHwKeyboardConnected= false currentViewType= NORMAL mMainLangWithInputType= {en_IN=EN_QWERTY} mCoverLangWithInputType= {} mInputLocales= [en_IN]
04-20 01:55:22.780  5000  5000 I HBD     : HoneyBoardService [IMI] onStartInput - caller pid : 15380 , caller uid : 10289 
04-20 01:55:22.780  5000  5000 I HBD     : k updateConfigs 
04-20 01:55:22.780  5000  5000 I HBD     : k isEnabledNightMode : false 
04-20 01:55:22.780  5000  5000 I HBD     : a IC have been binding, RemoteInputConnection{idHash=#46cd7c3} 
04-20 01:55:22.780  5000  5000 W HBD     : b [EditorInputType] undefined Enter action code : 0x40000006
04-20 01:55:22.780  5000  5000 I HBD     : h [EditorInputType]setPrivateImeOptionsToTable privateImeOptions ( null )
04-20 01:55:22.780  5000  5000 I HBD     : b incognitoMode : false 
04-20 01:55:22.780  5000  5000 W HBD     : b [EditorInputType] undefined Enter action code : 0x40000006
04-20 01:55:22.781  5000  5000 I HBD     : h getDefaultInputRange : UNKNOWN 
04-20 01:55:22.781  5000  5000 I HBD     : h getDefaultInputRange : UNKNOWN 
04-20 01:55:22.781  5000  5000 I HBD     : h getDefaultInputRange : UNKNOWN 
04-20 01:55:22.781  1831  1869 D BLASTSyncEngine: SyncGroup 8210:  Unfinished container: WindowToken{b02c2dc type=2011 android.os.Binder@bc79bb0} mSyncState=2
04-20 01:55:22.782  1327  1327 I BufferQueueProducer: [com.whatsapp/com.whatsapp.Conversation$_15380#107213](this:0xb4000070ca2e3e38,id:-1,api:0,p:-1,c:1327) queueBuffer: fps=2.66 dur=1127.15 max=510.81 min=127.88
04-20 01:55:22.786  3033  5500 I HoneySpace.Memory-Monitor: trimMemory 20
04-20 01:55:22.786  1831  2010 D ActivityManager: Received SERVICE intent 0x3fdc435 Key{startService pkg=com.samsung.android.app.routines intent=act=android.intent.action.CONFIGURATION_CHANGED xflg=0x4 cmp=com.samsung.android.app.routines/.domainmodel.service.RoutineService flags=0x2000000 u=0} requestCode=10007 from uid 1000
04-20 01:55:22.786  1831  2010 D SEP_UNION_SemDeviceInfoManagerService: Send intent android.intent.action.CONFIGURATION_CHANGED, userId: 0 by broadcast 
04-20 01:55:22.787  1261 12625 D AudioALSAHardware: +setParameters(): screen_state=on
04-20 01:55:22.787  1261 12625 D AudioALSAStreamOut: +setScreenState(), flag 2, mode 1
04-20 01:55:22.787  1261 12625 D AudioALSAStreamOut: +setScreenState(), flag 8, mode 1
04-20 01:55:22.787  1261 12625 D AudioALSAStreamOut: +setScreenState(), flag 4, mode 1
04-20 01:55:22.787  1261 12625 D AudioALSAStreamOut: +setScreenState(), flag 65536, mode 1
04-20 01:55:22.787  1261 12625 D AudioALSAHardware: -setParameters(): screen_state=on
04-20 01:55:22.787  1831  1868 V InputMethodManagerService: Client requesting input be shown
04-20 01:55:22.787  1831  1868 D InputMethodManagerService: ACCESS_CONTROL_ENABLED = false, ACCESS_CONTROL_KEYBOARD_BLOCK = true
04-20 01:55:22.787  1831  1868 V InputMethodManagerService: setWindowStateInner, windowToken=android.os.BinderProxy@b729e83, state=ImeTargetWindowState{ imeToken android.os.Binder@28f0119 imeFocusChanged false hasEditorFocused true requestedImeVisible true imeDisplayId 0 softInputModeState STATE_ALWAYS_VISIBLE|ADJUST_RESIZE isStartInputByGainFocus false}
04-20 01:55:22.787  1831  1868 V InputMethodManagerService: Calling com.android.server.inputmethod.IInputMethodInvoker@50dfa4b.showSoftInput(android.os.BinderProxy@b729e83, 1, null) for reason: SHOW_SOFT_INPUT
04-20 01:55:22.788  5424  5424 I Routine@Core[4.9.04.16]: RoutineService: onCreate
04-20 01:55:22.788  5424  5424 I Routine@Core[4.9.04.16]: RoutineService: onStartCommand: android.intent.action.CONFIGURATION_CHANGED
04-20 01:55:22.789 15380 15380 V InputMethodManagerUtils: getMaxLengthForEditText InputFilter = java.lang.NoSuchMethodException: X.1qh.getMaxLength []
04-20 01:55:22.789  5424 11428 I Routine@Core[4.9.04.16]: DynamicShortcutsUpdater: onUpdate: shortcutUpdateType=CONFIG_CHANGED
04-20 01:55:22.789 15380 15380 D InputMethodManagerUtils: startInputInner - Id : 0
04-20 01:55:22.789 15380 15380 I InputMethodManager: startInputInner - IInputMethodManagerGlobalInvoker.startInputOrWindowGainedFocus
04-20 01:55:22.790  5424  5424 I Routine@Core[4.9.04.16]: RoutineService: onDestroy
04-20 01:55:22.791  1831  2175 D WifiDisplayAdapter: isFitToActiveDisplayLocked : false
04-20 01:55:22.791 15380 15380 I InsetsController: onStateChanged: host=com.whatsapp/com.whatsapp.Conversation, from=android.view.ViewRootImpl.onInsetsStateChanged:3026, state=InsetsState: {mDisplayFrame=Rect(0, 0 - 1080, 2340), mDisplayCutout=DisplayCutout{insets=Rect(0, 80 - 0, 0) waterfall=Insets{left=0, top=0, right=0, bottom=0} boundingRect={Bounds=[Rect(0, 0 - 0, 0), Rect(472, 0 - 608, 80), Rect(0, 0 - 0, 0), Rect(0, 0 - 0, 0)]} cutoutPathParserInfo={CutoutPathParserInfo{displayWidth=1080 displayHeight=2340 physicalDisplayWidth=1080 physicalDisplayHeight=2340 density={2.8125} cutoutSpec={M 0,0 H -24.177777778 V 28.4444444444 H 24.177777778 V 0 H 0 Z @dp} rotation={0} scale={1.0} physicalPixelDisplaySizeRatio={1.0}}} sideOverrides={}}, mRoundedCorners=RoundedCorners{[RoundedCorner{position=TopLeft, radius=113, center=Point(113, 113)}, RoundedCorner{position=TopRight, radius=113, center=Point(967, 113)}, RoundedCorner{position=BottomRight, radius=113, center=Point(967, 2227)}, RoundedCorner{position=BottomLeft, radius=113, center=Point(113, 2227)}]}  mRoundedCornerFrame=Rect(0, 0 - 1080, 2340), mPrivacyIndicatorBounds=PrivacyIndicatorBounds {static bounds=Rect(956, 0 - 1080, 80) rotation=0}, mDisplayShape=DisplayShape{ spec=-311912193 displayWidth=1080 displayHeight=2340 physicalPixelDisplaySizeRatio=1.0 rotation=0 offsetX=0 offsetY=0 scale=1.0}, mSources= { InsetsSource: {3 mType=ime mFrame=[0,1076][1080,2340] mVisible=true mFlags= mSideHint=BOTTOM mBoundingRects=null}, InsetsSource: {27 mType=displayCutout mFrame=[0,0][1080,80] mVisible=true mFlags= mSideHint=TOP mBoundingRects=null}, InsetsSource: {65150000 mType=statusBars mFrame=[0,0][1080,80] mVisible=true mFlags= mSideHint=TOP mBoundingRects=null}, InsetsSource: {65150005 mType=mandatorySystemGestures mFrame=[0,0][1080,114] mVisible=true mFlags= mSideHint=TOP mBoundingRects=null}, InsetsSource: {65150006 mType=tappableElement mFrame=[0,0][1080,80] mVisible=true mFlags= mSideHint=TOP mBoundingRects=null}, InsetsSource: {71ac0001 mType=navigationBars mFrame=[0,2205][1080,2340] mVisible=true mFlags= mSideHint=BOTTOM mBoundingRects=null}, InsetsSource: {71ac0004 mType=systemGestures mFrame=[0,0][0,0] mVisible=true mFlags= mSideHint=NONE mBoundingRects=null}, InsetsSource: {71ac0005 mType=mandatorySystemGestures mFrame=[0,2205][1080,2340] mVisible=true mFlags= mSideHint=BOTTOM mBoundingRects=null}, InsetsSource: {71ac0006 mType=tappableElement mFrame=[0,2205][1080,2340] mVisible=true mFlags= mSideHint=BOTTOM mBoundingRects=null}, InsetsSource: {71ac0024 mType=systemGestures mFrame=[0,0][0,0] mVisible=true mFlags= mSideHint=NONE mBoundingRects=null} }
04-20 01:55:22.791 15380 15380 I VRI[Conversation]@6571d78: handleResized, frames=ClientWindowFrames{frame=[0,0][1080,2340] display=[0,0][1080,2340] parentFrame=[0,0][0,0]} displayId=0 dragResizing=false compatScale=1.0 frameChanged=true attachedFrameChanged=false configChanged=true displayChanged=false compatScaleChanged=false dragResizingChanged=false
04-20 01:55:22.791 15380 15380 I VRI[Conversation]@6571d78: handleResized mSyncSeqId = 0
04-20 01:55:22.791 15380 15380 D VRI[Conversation]@6571d78: reportNextDraw android.view.ViewRootImpl.handleResized:2983 android.view.ViewRootImpl.-$$Nest$mhandleResized:0 android.view.ViewRootImpl$W.resized:14082 android.app.servertransaction.WindowStateResizeItem.execute:93 android.app.servertransaction.WindowStateTransactionItem.execute:62 
04-20 01:55:22.792  3033  3033 I HoneySpace.WindowBounds: sourceContext: android.window.WindowContext@86aa72
04-20 01:55:22.792  3033  3033 I HoneySpace.WindowBounds: sourceConfig: {1.0 404mcc20mnc [en_IN] ldltr sw384dp w384dp h832dp 450dpi nrml long port finger -keyb/v/h -nav/h winConfig={ mBounds=Rect(0, 0 - 1080, 2340) mAppBounds=Rect(0, 0 - 1080, 2340) mMaxBounds=Rect(0, 0 - 1080, 2340) mDisplayRotation=ROTATION_0 mWindowingMode=fullscreen mActivityType=undefined mAlwaysOnTop=undefined mRotation=ROTATION_0 mStageConfig=undefined mPopOver=undefined mOverlappingWithCutout=false} s.31 fontWeightAdjustment=0 ff=0 bf=-1 bts=0 cst=1.0 nightDim=0 themeSeq=0}
04-20 01:55:22.792  3033  3033 I HoneySpace.WindowBounds: updateNavigationMode? BUTTON
04-20 01:55:22.792  3033  3033 I HoneySpace.WindowBounds: immersiveNavigation? false
04-20 01:55:22.792  3033  3033 I HoneySpace.WindowBounds: setInsetAndCutout, Bounds=Rect(0, 0 - 1080, 2340), AppBounds=Rect(0, 0 - 1080, 2340)
04-20 01:55:22.792 15380 15380 I InsetsController: onStateChanged: host=com.whatsapp/com.whatsapp.Conversation, from=android.view.ViewRootImpl.onInsetsStateChanged:3026, state=InsetsState: {mDisplayFrame=Rect(0, 0 - 1080, 2340), mDisplayCutout=DisplayCutout{insets=Rect(0, 80 - 0, 0) waterfall=Insets{left=0, top=0, right=0, bottom=0} boundingRect={Bounds=[Rect(0, 0 - 0, 0), Rect(472, 0 - 608, 80), Rect(0, 0 - 0, 0), Rect(0, 0 - 0, 0)]} cutoutPathParserInfo={CutoutPathParserInfo{displayWidth=1080 displayHeight=2340 physicalDisplayWidth=1080 physicalDisplayHeight=2340 density={2.8125} cutoutSpec={M 0,0 H -24.177777778 V 28.4444444444 H 24.177777778 V 0 H 0 Z @dp} rotation={0} scale={1.0} physicalPixelDisplaySizeRatio={1.0}}} sideOverrides={}}, mRoundedCorners=RoundedCorners{[RoundedCorner{position=TopLeft, radius=113, center=Point(113, 113)}, RoundedCorner{position=TopRight, radius=113, center=Point(967, 113)}, RoundedCorner{position=BottomRight, radius=113, center=Point(967, 2227)}, RoundedCorner{position=BottomLeft, radius=113, center=Point(113, 2227)}]}  mRoundedCornerFrame=Rect(0, 0 - 1080, 2340), mPrivacyIndicatorBounds=PrivacyIndicatorBounds {static bounds=Rect(956, 0 - 1080, 80) rotation=0}, mDisplayShape=DisplayShape{ spec=-311912193 displayWidth=1080 displayHeight=2340 physicalPixelDisplaySizeRatio=1.0 rotation=0 offsetX=0 offsetY=0 scale=1.0}, mSources= { InsetsSource: {3 mType=ime mFrame=[0,0][0,0] mVisible=false mFlags= mSideHint=NONE mBoundingRects=null}, InsetsSource: {27 mType=displayCutout mFrame=[0,0][1080,80] mVisible=true mFlags= mSideHint=TOP mBoundingRects=null}, InsetsSource: {65150000 mType=statusBars mFrame=[0,0][1080,80] mVisible=true mFlags= mSideHint=TOP mBoundingRects=null}, InsetsSource: {65150005 mType=mandatorySystemGestures mFrame=[0,0][1080,114] mVisible=true mFlags= mSideHint=TOP mBoundingRects=null}, InsetsSource: {65150006 mType=tappableElement mFrame=[0,0][1080,80] mVisible=true mFlags= mSideHint=TOP mBoundingRects=null}, InsetsSource: {71ac0001 mType=navigationBars mFrame=[0,2205][1080,2340] mVisible=true mFlags= mSideHint=BOTTOM mBoundingRects=null}, InsetsSource: {71ac0004 mType=systemGestures mFrame=[0,0][0,0] mVisible=true mFlags= mSideHint=NONE mBoundingRects=null}, InsetsSource: {71ac0005 mType=mandatorySystemGestures mFrame=[0,2205][1080,2340] mVisible=true mFlags= mSideHint=BOTTOM mBoundingRects=null}, InsetsSource: {71ac0006 mType=tappableElement mFrame=[0,2205][1080,2340] mVisible=true mFlags= mSideHint=BOTTOM mBoundingRects=null}, InsetsSource: {71ac0024 mType=systemGestures mFrame=[0,0][0,0] mVisible=true mFlags= mSideHint=NONE mBoundingRects=null} }
04-20 01:55:22.792  3033  3033 I HoneySpace.WindowBounds: update window bounds, name = android.window.WindowContext, context = android.window.WindowContext, call from {com.honeyspace.ui.common.recentstyler.RecentStyler.updateStyleData(Unknown Source:11)}
04-20 01:55:22.792  3033  3033 I HoneySpace.WindowBounds: WindowBounds width=1080 height=2340, bounds=Rect(0, 0 - 1080, 2340), insets=Insets{left=0, top=80, right=0, bottom=135}, systemInsets=Insets{left=0, top=80, right=0, bottom=135}, cutout=Rect(0, 80 - 0, 0), gestureActionInsets=Insets{left=0, top=114, right=0, bottom=135}, insetsIgnoreCutout=Insets{left=0, top=80, right=0, bottom=135}, baseScreenSize=Point(1080, 2205)screenSizeIncludeCutout: Point(1080, 2205)
04-20 01:55:22.792  3033  3033 I HoneySpace.HoneySpaceManagerContainer: getWindowBounds, key = (android.window.WindowContext, 0)
04-20 01:55:22.792 15380 15380 I VRI[Conversation]@6571d78: handleResized, frames=ClientWindowFrames{frame=[0,0][1080,2340] display=[0,0][1080,2340] parentFrame=[0,0][0,0]} displayId=0 dragResizing=false compatScale=1.0 frameChanged=false attachedFrameChanged=false configChanged=false displayChanged=false compatScaleChanged=false dragResizingChanged=false
04-20 01:55:22.792 15380 15380 I VRI[Conversation]@6571d78: handleResized mSyncSeqId = 0
04-20 01:55:22.792 15380 15380 D VRI[Conversation]@6571d78: reportNextDraw android.view.ViewRootImpl.handleResized:2983 android.view.ViewRootImpl.-$$Nest$mhandleResized:0 android.view.ViewRootImpl$W.resized:14082 android.app.servertransaction.WindowStateResizeItem.execute:93 android.app.servertransaction.WindowStateTransactionItem.execute:62 
04-20 01:55:22.793  1327  1327 I SurfaceFlinger: [LayerHierarchy{RequestedLayerState{WindowToken{a45e1fe type=2000 android.os.BinderProxy@d1eff80}#98 parentId=107238} 1 children}] reparent to LayerHierarchy{RequestedLayerState{Surface(name=WindowToken{a45e1fe type=2000 android.os.BinderProxy@d1eff80})/@0x6f6328d - animation-leash of token_transform#107238 parentId=17} 1 children}
04-20 01:55:22.795  1831  2052 V InputMethodManagerService: startInputOrWindowGainedFocusInternalLocked: reason=APP_CALLED_RESTART_INPUT_API client=android.os.BinderProxy@77c3cb4 inputContext=com.android.internal.inputmethod.IRemoteInputConnection$Stub$Proxy@b8f45de editorInfo=android.view.inputmethod.EditorInfo@afe93bf startInputFlags=VIEW_HAS_FOCUS|IS_TEXT_EDITOR softInputMode=STATE_ALWAYS_VISIBLE|ADJUST_RESIZE windowFlags=#81810100 unverifiedTargetSdkVersion=36 bindingController=com.android.server.inputmethod.InputMethodBindingController@1037f75 imeDispatcher=android.window.ImeOnBackInvokedDispatcher@4234a8c cs=ClientState{c64a92f mUid=10289 mPid=15380 mSelfReportedDisplayId=0} imeRequestedVisible=true
04-20 01:55:22.796  3033  3033 I HoneySpace.OnlyPortInsetsManager: needToUpdateCache, standardInsets = Insets{left=0, top=80, right=0, bottom=135}
04-20 01:55:22.796  1831  2052 V InputMethodManagerService: startInputOrWindowGainedFocusInternalLocked: reason=APP_CALLED_RESTART_INPUT_API clientState=c64a92f editorInfo=android.view.inputmethod.EditorInfo@afe93bf startInputFlags=VIEW_HAS_FOCUS|IS_TEXT_EDITOR softInputMode=STATE_ALWAYS_VISIBLE|ADJUST_RESIZE windowFlags=#81810100 sameWindowFocused=true
04-20 01:55:22.796  1831  2052 V InputMethodManagerService: setWindowStateInner, windowToken=android.os.BinderProxy@b729e83, state=ImeTargetWindowState{ imeToken null imeFocusChanged false hasEditorFocused true requestedImeVisible true imeDisplayId 0 softInputModeState STATE_ALWAYS_VISIBLE|ADJUST_RESIZE isStartInputByGainFocus false}
04-20 01:55:22.796  3033  3033 I HoneySpace.PhoneIconStyleFactory: init densityDpi=450
04-20 01:55:22.796  1831  2052 V InputMethodManagerService: Window already focused, ignoring focus gain of: com.android.internal.inputmethod.IInputMethodClient$Stub$Proxy@80595d5 editorInfo=android.view.inputmethod.EditorInfo@afe93bf, token=android.os.BinderProxy@b729e83, startInputReason=APP_CALLED_RESTART_INPUT_API
04-20 01:55:22.796  3033  3033 I HoneySpace.PhoneIconStyleFactory: setDisplayOptionList 450 1
04-20 01:55:22.796  1831  2052 D SemInputMethodManagerServiceUtil: restorePreviousUsedInputMethod : failed to return the previous ime becuase the stored info is null or do not need restore
04-20 01:55:22.796  1831  2052 V InputMethodManagerService: semComputeImeDisplayIdForTarget: displayToShowIme=0
04-20 01:55:22.796  3033  3033 I HoneySpace.PhoneIconStyleFactory: setDisplayOptionList: 450 IconDisplayOption(itemSizeList=[ItemSize(size=0.144, isLand=false, hideLabel=false, adjustSizeByLevel=[{SMALL=-0.012}, {LARGE=0.008}]), ItemSize(size=0.147, isLand=true, hideLabel=false, adjustSizeByLevel=[{SMALL=-0.012}, {LARGE=0.008}]), ItemSize(size=0.152, isLand=false, hideLabel=true, adjustSizeByLevel=[{SMALL=-0.012}, {LARGE=0.008}]), ItemSize(size=0.147, isLand=true, hideLabel=true, adjustSizeByLevel=[{SMALL=-0.012}, {LARGE=0.008}])], iconDrawablePadding=0.003, iconDrawablePaddingLand=0.003, iconTextSize=11.0, iconTextSizeLand=11.0)
04-20 01:55:22.796  1831  2052 V InputMethodManagerService: Creating new accessibility sessions for client ClientState{c64a92f mUid=10289 mPid=15380 mSelfReportedDisplayId=0}
04-20 01:55:22.796  3033  3033 I HoneySpace.PhoneIconStyleFactory: setDisplayOptionList: 450 IconDisplayOption(itemSizeList=[ItemSize(size=0.198, isLand=false, hideLabel=false, adjustSizeByLevel=[{SMALL=-0.012}, {LARGE=0.015}]), ItemSize(size=0.198, isLand=true, hideLabel=false, adjustSizeByLevel=[{SMALL=-0.012}, {LARGE=0.008}]), ItemSize(size=0.198, isLand=false, hideLabel=true, adjustSizeByLevel=[{SMALL=-0.012}, {LARGE=0.015}]), ItemSize(size=0.198, isLand=true, hideLabel=true, adjustSizeByLevel=[{SMALL=-0.012}, {LARGE=0.008}])], iconDrawablePadding=0.003, iconDrawablePaddingLand=0.003, iconTextSize=12.3, iconTextSizeLand=12.3)
04-20 01:55:22.796  3033  3033 I HoneySpace.PhoneIconStyleFactory: setDisplayOptionList: 450 IconDisplayOption(itemSizeList=[ItemSize(size=0.164, isLand=false, hideLabel=false, adjustSizeByLevel=[{SMALL=-0.012}, {LARGE=0.015}]), ItemSize(size=0.147, isLand=true, hideLabel=false, adjustSizeByLevel=[{SMALL=-0.012}, {LARGE=0.008}]), ItemSize(size=0.173, isLand=false, hideLabel=true, adjustSizeByLevel=[{SMALL=-0.012}, {LARGE=0.015}]), ItemSize(size=0.172, isLand=true, hideLabel=true, adjustSizeByLevel=[{SMALL=-0.012}, {LARGE=0.008}])], iconDrawablePadding=0.003, iconDrawablePaddingLand=0.003, iconTextSize=11.0, iconTextSizeLand=11.0)
04-20 01:55:22.796  3033  3033 I HoneySpace.PhoneIconStyleFactory: setDisplayOptionList: 450 IconDisplayOption(itemSizeList=[ItemSize(size=0.198, isLand=false, hideLabel=false, adjustSizeByLevel=[{SMALL=-0.012}, {LARGE=0.015}]), ItemSize(size=0.198, isLand=true, hideLabel=false, adjustSizeByLevel=[{SMALL=-0.012}, {LARGE=0.008}]), ItemSize(size=0.198, isLand=false, hideLabel=true, adjustSizeByLevel=[{SMALL=-0.012}, {LARGE=0.015}]), ItemSize(size=0.198, isLand=true, hideLabel=true, adjustSizeByLevel=[{SMALL=-0.012}, {LARGE=0.008}])], iconDrawablePadding=0.003, iconDrawablePaddingLand=0.003, iconTextSize=12.3, iconTextSizeLand=12.3)
04-20 01:55:22.796  3033  3033 I HoneySpace.HoneySpaceManagerContainer: getWindowBounds, key = (android.window.WindowContext, 0)
04-20 01:55:22.796  1831  2052 D InputMethodManagerService: isImeSwitcherDisabledPackage : false
04-20 01:55:22.797  1831  2052 D InputMethodManagerService: shouldShowImeSwitcherLocked : checking vis : 3
04-20 01:55:22.797  1831  2052 D InputMethodManagerService: checkDisplayOfStartInputAndUpdateKeyboard: displayId=0, mFocusedDisplayId=0
04-20 01:55:22.797  1831  2052 I ImeTracker: com.whatsapp:8a1abd94: onRequestShow at ORIGIN_SERVER reason ATTACH_NEW_INPUT fromUser false
04-20 01:55:22.797  1831  2052 V InputMethodManagerService: Client requesting input be shown
04-20 01:55:22.797  1831  2052 D InputMethodManagerService: ACCESS_CONTROL_ENABLED = false, ACCESS_CONTROL_KEYBOARD_BLOCK = true
04-20 01:55:22.797  1831  2052 V InputMethodManagerService: setWindowStateInner, windowToken=android.os.BinderProxy@b729e83, state=ImeTargetWindowState{ imeToken android.os.Binder@6008378 imeFocusChanged false hasEditorFocused true requestedImeVisible true imeDisplayId 0 softInputModeState STATE_ALWAYS_VISIBLE|ADJUST_RESIZE isStartInputByGainFocus false}
04-20 01:55:22.798  2491  2491 V Configuration: Updating configuration, locales updated from [en_IN] to []
04-20 01:55:22.798  1831  2052 V InputMethodManagerService: Calling com.android.server.inputmethod.IInputMethodInvoker@50dfa4b.showSoftInput(android.os.BinderProxy@b729e83, 1, null) for reason: SHOW_SOFT_INPUT
04-20 01:55:22.798  2491  2491 D SatelliteController: registerForSatelliteModemStateChanged: add Listeners for ModemState
04-20 01:55:22.798  2491  2491 E SatelliteController: registerForSatelliteModemStateChanged: mSatelliteSessionController is not initialized yet
04-20 01:55:22.799  1831  2052 I InputMethodManagerService: attachNewInputLocked: showCurrentInputInternal, softInputModeState=STATE_ALWAYS_VISIBLE|ADJUST_RESIZE
04-20 01:55:22.799  1831  2052 D InputTransport: Input channel constructed: 'ClientS', fd=1095
04-20 01:55:22.797  3033  3033 I HoneySpace.RecentStyler: context = android.window.WindowContext@86aa72, styleData = RecentStyleData(bounds=RectF(0.0, 0.0, 1080.0, 2340.0), sceneInsets=Insets{left=0, top=80, right=0, bottom=135}, standardInsets=Insets{left=0, top=80, right=0, bottom=135}, stageInsets=Insets{left=0, top=0, right=0, bottom=0}, iconSize=152, iconGravity=1, iconStarMargin=0, sceneScale=PointF(0.631, 0.631), sceneCoordinate=RectF(200.0, 324.0, 881.0, 1665.0), sceneTopMargin=79, taskViewCoordinate=RectF(200.0, 245.0, 881.0, 1665.0), sceneFullyScale=PointF(1.585903, 1.7449664), rowGap=0.0, sceneRadius=56.25, deviceRadius=113.0, mwRadius=(28.125, 47.8125), curveEffectScale=0.135, pageSpacing=14, pageSideMargin=0, sceneStartMargin=0, circularEffect=0.0, listSceneScale=PointF(0.6, 0.6), listSceneSize=RectF(0.0, 0.0, 648.0, 1275.0), listSceneRadius=42.1875, tiltStackInterval=[2039.04, 1289.52, 540.0, 351.0, 170.64, -9.720001], swipeThreshold=0.5, dwbStyleData=DWBStyleData(size=681x142, gravity=81), taskLockStyleData=TaskLockStyleData(size=158, gravity=8388693, margin=Insets{left=0, top=0, right=28, bottom=28}), fadingEdgeEffectData=FadingEdgeEffectData(horizontalEnable=false, verticalEnable=false, length=179, strength=RectF(0.0, 0.0, 0.75, 0.0)))
04-20 01:55:22.799  5000  5000 I HBD     : c update cached prediction status : true 
04-20 01:55:22.800  3033  3033 I HoneySpace.LeashOverlayWindowImpl: SimpleTaskListPot will be destroyed currentTaskViewCoordinate: RectF(598.0, 155.0, 1743.0, 807.0) newTaskViewCoordinate: RectF(200.0, 245.0, 881.0, 1665.0)
04-20 01:55:22.800  1831  2052 D InputTransport: Input channel destroyed: 'ClientS', fd=1095
04-20 01:55:22.801 15380  3929 D InputTransport: Input channel constructed: 'ClientS', fd=264
04-20 01:55:22.802  1831  2238 I WindowManager: Relayout Window{86b9800 u0 com.whatsapp/com.whatsapp.Conversation}: viewVisibility=0 req=1080x2340 ty=1 d0
04-20 01:55:22.802  3033  3033 I HoneySpace.LauncherApplication: onConfigurationChanged {1.0 404mcc20mnc [en_IN] ldltr sw384dp w384dp h832dp 450dpi nrml long port finger -keyb/v/h -nav/h winConfig={ mBounds=Rect(0, 0 - 1080, 2340) mAppBounds=Rect(0, 0 - 1080, 2340) mMaxBounds=Rect(0, 0 - 1080, 2340) mDisplayRotation=ROTATION_0 mWindowingMode=fullscreen mActivityType=undefined mAlwaysOnTop=undefined mRotation=ROTATION_0 mStageConfig=undefined mPopOver=off mOverlappingWithCutout=false} s.17482 fontWeightAdjustment=0 ff=0 bf=-1 bts=0 cst=1.0 nightDim=0 themeSeq=0}
04-20 01:55:22.802  3033  3033 I HoneySpace.HoneySpaceManagerContainer: getWindowBounds, key = (APPLICATION, 0)
04-20 01:55:22.803  2509  3076 I DateTimeView: updateAll - getTimeFormat
04-20 01:55:22.804  2509  3076 D QSClockBellTower: onReceive(android.intent.action.CONFIGURATION_CHANGED) mTimeZoneString:Asia/Kolkata
04-20 01:55:22.804  1831  2238 D BLASTSyncEngine: SyncGroup 8210:  Unfinished container: WindowToken{b02c2dc type=2011 android.os.Binder@bc79bb0} mSyncState=2
04-20 01:55:22.804  2509  2509 D NavBarStateManager: NavBarStates(0) canShowKeyboardButtonForRotation(3): true
04-20 01:55:22.804  2491  2491 D SatelliteController: registerForSatelliteModemStateChanged: add Listeners for ModemState
04-20 01:55:22.804  2491  2491 E SatelliteController: registerForSatelliteModemStateChanged: mSatelliteSessionController is not initialized yet
04-20 01:55:22.805  1831  2238 I WindowManager: Relayout hash=86b9800, pid=15380, syncId=-1: mAttrs={(0,0)(fillxfill) sim={state=always_visible adjust=resize} ty=BASE_APPLICATION wanim=0x1030317
04-20 01:55:22.805  1831  2238 I WindowManager:   fl=81810100
04-20 01:55:22.805  1831  2238 I WindowManager:   pfl=10008040
04-20 01:55:22.805  1831  2238 I WindowManager:   vsysui=2010
04-20 01:55:22.805  1831  2238 I WindowManager:   apr=18
04-20 01:55:22.805  1831  2238 I WindowManager:   bhv=1
04-20 01:55:22.805  1831  2238 I WindowManager:   fitSides=0
04-20 01:55:22.805  1831  2238 I WindowManager:   frameRateBoostOnTouch=true
04-20 01:55:22.805  1831  2238 I WindowManager:   dvrrWindowFrameRateHint=true naviIconColor=0}
04-20 01:55:22.806 15380 15380 I InsetsController: onStateChanged: host=com.whatsapp/com.whatsapp.Conversation, from=android.view.ViewRootImpl.onInsetsStateChanged:3026, state=InsetsState: {mDisplayFrame=Rect(0, 0 - 1080, 2340), mDisplayCutout=DisplayCutout{insets=Rect(0, 80 - 0, 0) waterfall=Insets{left=0, top=0, right=0, bottom=0} boundingRect={Bounds=[Rect(0, 0 - 0, 0), Rect(472, 0 - 608, 80), Rect(0, 0 - 0, 0), Rect(0, 0 - 0, 0)]} cutoutPathParserInfo={CutoutPathParserInfo{displayWidth=1080 displayHeight=2340 physicalDisplayWidth=1080 physicalDisplayHeight=2340 density={2.8125} cutoutSpec={M 0,0 H -24.177777778 V 28.4444444444 H 24.177777778 V 0 H 0 Z @dp} rotation={0} scale={1.0} physicalPixelDisplaySizeRatio={1.0}}} sideOverrides={}}, mRoundedCorners=RoundedCorners{[RoundedCorner{position=TopLeft, radius=113, center=Point(113, 113)}, RoundedCorner{position=TopRight, radius=113, center=Point(967, 113)}, RoundedCorner{position=BottomRight, radius=113, center=Point(967, 2227)}, RoundedCorner{position=BottomLeft, radius=113, center=Point(113, 2227)}]}  mRoundedCornerFrame=Rect(0, 0 - 1080, 2340), mPrivacyIndicatorBounds=PrivacyIndicatorBounds {static bounds=Rect(956, 0 - 1080, 80) rotation=0}, mDisplayShape=DisplayShape{ spec=-311912193 displayWidth=1080 displayHeight=2340 physicalPixelDisplaySizeRatio=1.0 rotation=0 offsetX=0 offsetY=0 scale=1.0}, mSources= { InsetsSource: {3 mType=ime mFrame=[0,0][0,0] mVisible=false mFlags= mSideHint=NONE mBoundingRects=null}, InsetsSource: {27 mType=displayCutout mFrame=[0,0][1080,80] mVisible=true mFlags= mSideHint=TOP mBoundingRects=null}, InsetsSource: {65150000 mType=statusBars mFrame=[0,0][1080,80] mVisible=true mFlags= mSideHint=TOP mBoundingRects=null}, InsetsSource: {65150005 mType=mandatorySystemGestures mFrame=[0,0][1080,114] mVisible=true mFlags= mSideHint=TOP mBoundingRects=null}, InsetsSource: {65150006 mType=tappableElement mFrame=[0,0][1080,80] mVisible=true mFlags= mSideHint=TOP mBoundingRects=null}, InsetsSource: {71ac0001 mType=navigationBars mFrame=[0,2205][1080,2340] mVisible=true mFlags= mSideHint=BOTTOM mBoundingRects=null}, InsetsSource: {71ac0004 mType=systemGestures mFrame=[0,0][0,0] mVisible=true mFlags= mSideHint=NONE mBoundingRects=null}, InsetsSource: {71ac0005 mType=mandatorySystemGestures mFrame=[0,2205][1080,2340] mVisible=true mFlags= mSideHint=BOTTOM mBoundingRects=null}, InsetsSource: {71ac0006 mType=tappableElement mFrame=[0,2205][1080,2340] mVisible=true mFlags= mSideHint=BOTTOM mBoundingRects=null}, InsetsSource: {71ac0024 mType=systemGestures mFrame=[0,0][0,0] mVisible=true mFlags= mSideHint=NONE mBoundingRects=null} }
04-20 01:55:22.807 15380 15380 I InsetsSourceConsumer: applyRequestedVisibilityToControl: visible=true, type=statusBars, host=com.whatsapp/com.whatsapp.Conversation
04-20 01:55:22.808 15380 15380 I BLASTBufferQueue_Java: update, w= 1080 h= 2340 mName = VRI[Conversation]@6571d78 mNativeObject= 0xb4000075a21f5000 sc.mNativeObject= 0xb4000075b8980d40 format= -1 caller= android.view.ViewRootImpl.updateBlastSurfaceIfNeeded:3574 android.view.ViewRootImpl.relayoutWindow:11685 android.view.ViewRootImpl.performTraversals:4804 android.view.ViewRootImpl.doTraversal:3924 android.view.ViewRootImpl$TraversalRunnable.run:12903 android.view.Choreographer$CallbackRecord.run:1901 
04-20 01:55:22.808 15380 15380 I BLASTBufferQueue: [VRI[Conversation]@6571d78#19](f:0,a:1,s:0) update width=1080 height=2340 format=-1 mTransformHint=0
04-20 01:55:22.808 15380 15380 I VRI[Conversation]@6571d78: Relayout returned: old=(0,0,1080,2340) new=(0,0,1080,2340) relayoutAsync=false req=(1080,2340)0 dur=6 res=0x1 s={true 0xb4000075a71af500} ch=false seqId=0
04-20 01:55:22.808 15380 15380 D VRI[Conversation]@6571d78: mThreadedRenderer.updateSurface() mSurface={isValid=true 0xb4000075a71af500}
04-20 01:55:22.808  3033  3033 I HoneySpace.WindowBounds: sourceContext: android.window.WindowContext@adea482
04-20 01:55:22.808  3033  3033 I HoneySpace.WindowBounds: sourceConfig: {1.0 404mcc20mnc [en_IN] ldltr sw384dp w384dp h832dp 450dpi nrml long port finger -keyb/v/h -nav/h winConfig={ mBounds=Rect(0, 0 - 1080, 2340) mAppBounds=Rect(0, 0 - 1080, 2340) mMaxBounds=Rect(0, 0 - 1080, 2340) mDisplayRotation=ROTATION_0 mWindowingMode=fullscreen mActivityType=undefined mAlwaysOnTop=undefined mRotation=ROTATION_0 mStageConfig=undefined mPopOver=undefined mOverlappingWithCutout=false} s.31 fontWeightAdjustment=0 ff=0 bf=-1 bts=0 cst=1.0 nightDim=0 themeSeq=0}
04-20 01:55:22.808  3033  3033 I HoneySpace.WindowBounds: updateNavigationMode? BUTTON
04-20 01:55:22.808  3033  3033 I HoneySpace.WindowBounds: immersiveNavigation? false
04-20 01:55:22.809  3033  3033 I HoneySpace.WindowBounds: setInsetAndCutout, Bounds=Rect(0, 0 - 1080, 2340), AppBounds=Rect(0, 0 - 1080, 2340)
04-20 01:55:22.809  3033  3033 I HoneySpace.WindowBounds: update window bounds, name = APPLICATION, context = com.sec.android.app.launcher.LauncherApplication, call from {com.sec.android.app.launcher.LauncherApplication.onConfigurationChanged(Unknown Source:93)}
04-20 01:55:22.809  3033  3033 I HoneySpace.WindowBounds: WindowBounds width=1080 height=2340, bounds=Rect(0, 0 - 1080, 2340), insets=Insets{left=0, top=80, right=0, bottom=135}, systemInsets=Insets{left=0, top=80, right=0, bottom=135}, cutout=Rect(0, 80 - 0, 0), gestureActionInsets=Insets{left=0, top=114, right=0, bottom=135}, insetsIgnoreCutout=Insets{left=0, top=80, right=0, bottom=135}, baseScreenSize=Point(1080, 2205)screenSizeIncludeCutout: Point(1080, 2205)
04-20 01:55:22.810  3033  3842 I HoneySpace.Memory-Monitor: current state = 2, didTrim = false
04-20 01:55:22.810  3033  5500 I HoneySpace.Memory-Monitor: current state = 2, didTrim = false
04-20 01:55:22.811  2509  2509 I BLASTBufferQueue_Java: update, w= 135 h= 1080 mName = VRI[NavigationBar0]@7904a44 mNativeObject= 0xb4000075a6bfc800 sc.mNativeObject= 0xb400007573f1efc0 format= -3 caller= android.view.ViewRootImpl.updateBlastSurfaceIfNeeded:3574 android.view.ViewRootImpl.relayoutWindow:11685 android.view.ViewRootImpl.performTraversals:4804 android.view.ViewRootImpl.doTraversal:3924 android.view.ViewRootImpl$TraversalRunnable.run:12903 android.view.Choreographer$CallbackRecord.run:1901 
04-20 01:55:22.811  2509  2509 I VRI[NavigationBar0]@7904a44: Relayout returned: old=(2205,0,2340,1080) new=(2205,0,2340,1080) relayoutAsync=true req=(135,1080)0 dur=3 res=0x0 s={true 0xb4000075739b8800} ch=false seqId=301
04-20 01:55:22.811  2509  2509 I VRI[NavigationBar0]@7904a44: registerCallbackForPendingTransactions
04-20 01:55:22.811  2509  2509 D NavBarStateManager: NavBarStates(0) canUseNavBarBackgroundFrame: false
04-20 01:55:22.812  1831  4863 I WindowManager: Relayout Window{eeaad28 u0 NavigationBar0}: viewVisibility=0 req=135x1080 ty=2019 d0
04-20 01:55:22.813  1831  4863 D BLASTSyncEngine: SyncGroup 8210:  Unfinished container: WindowToken{b02c2dc type=2011 android.os.Binder@bc79bb0} mSyncState=2
04-20 01:55:22.816  2509  2682 I VRI[NavigationBar0]@7904a44: mWNT: t=0xb40000764cf2d800 mBlastBufferQueue=0xb4000075a6bfc800 fn= 171036 HdrRenderState mRenderHdrSdrRatio=1.0 caller= android.view.ViewRootImpl$10.onFrameDraw:6536 android.view.ViewRootImpl$4.onFrameDraw:2489 android.view.ThreadedRenderer$1.onFrameDraw:718 
04-20 01:55:22.816  2509  2509 D SamsungLightBarControlHelper: onStatusBarAppearanceChanged() -  sbModeChanged:false, statusBarMode:0, barState:MODE_TRANSPARENT, isKeyguardShowing:false, navbarColorManagedByIme:true, (AppearanceRegion{LIGHT_STATUS_BARS bounds=[0,0][1080,2340]}, )
04-20 01:55:22.816  2509  2509 D NavigationBar: onSystemBarAttributesChanged() -  displayId:0, appearance:8, packageName: com.whatsapp (APPEARANCE_LIGHT_STATUS_BARS ), navbarColorManagedByIme:true
04-20 01:55:22.816  2509  2509 D SamsungLightBarControlHelper: updateNavigationBar (WHITE button) isLightOpaque:false, hasLightNavigationBarFlag:false, packageName:com.whatsapp, DirectReplying:false, NavBarColorMangedByIme:true, ForceDarkForScrim:false, ForceLightForScrim:false, QsCustomizing:false, QsExpanded:false
04-20 01:55:22.821  2509  2509 D PluginFaceWidgetManager: onConfigurationChanged: 
04-20 01:55:22.821  2509  2509 D LockscreenNotificationManager: Orientation updated : 1
04-20 01:55:22.821  1831  4863 I WindowManager: Relayout hash=eeaad28, pid=0, syncId=-1: mAttrs={(0,0)(fillx135) gr=BOTTOM CENTER_VERTICAL sim={adjust=pan} layoutInDisplayCutoutMode=always ty=NAVIGATION_BAR fmt=TRANSLUCENT
04-20 01:55:22.821  1831  4863 I WindowManager:   fl=20040028
04-20 01:55:22.821  1831  4863 I WindowManager:   pfl=31001000
04-20 01:55:22.821  1831  4863 I WindowManager:   bhv=1
04-20 01:55:22.821  1831  4863 I WindowManager:   providedInsets:
04-20 01:55:22.821  1831  4863 I WindowManager:     InsetsFrameProvider: {id=#71ac0001, index=0, type=navigationBars, source=FRAME, flags=[], insetsSize=Insets{left=0, top=0, right=0, bottom=135}, insetsSizeOverrides=[TypedInsetsSize: {windowType=INPUT_METHOD, insetsSize=null}]}
04-20 01:55:22.821  1831  4863 I WindowManager:     InsetsFrameProvider: {id=#71ac0006, index=0, type=tappableElement, source=FRAME, flags=[]}
04-20 01:55:22.821  1831  4863 I WindowManager:     InsetsFrameProvider: {id=#71ac0005, index=0, type=mandatorySystemGestures, source=FRAME, flags=[]}
04-20 01:55:22.821  1831  4863 I WindowManager:     InsetsFrameProvider: {id=#71ac0004, index=0, type=systemGestures, source=DISPLAY, flags=[], insetsSize=Insets{left=0, top=0, right=0, bottom=0}, mMinimalInsetsSizeInDisplayCutoutSafe=Insets{left=0, top=0, right=0, bottom=0}}
04-20 01:55:22.821  1831  4863 I WindowManager:     InsetsFrameProvider: {id=#71ac0024, index=1, type=systemGestures, source=DISPLAY, flags=[], insetsSize=Insets{left=0, top=0, right=0, bottom=0}, mMinimalInsetsSizeInDisplayCutoutSafe=Insets{left=0, top=0, right=0, bottom=0}}
04-20 01:55:22.821  1831  4863 I WindowManager:   frameRateBoostOnTouch=true
04-20 01:55:22.821  1831  4863 I WindowManager:   dvrrWindowFrameRateHint=true
04-20 01:55:22.821  1831  4863 I WindowManager:   paramsForRotation:
04-20 01:55:22.821  1831  4863 I WindowManager:     ROTATION_0={(0,0)(fillx135) gr=BOTTOM CENTER_VERTICAL layoutInDisplayCutoutMode=always ty=NAVIGATION_BAR fmt=TRANSLUCENT
04-20 01:55:22.821  1831  4863 I WindowManager:       fl=20040028
04-20 01:55:22.821  1831  4863 I WindowManager:       pfl=31001000
04-20 01:55:22.821  1831  4863 I WindowManager:       bhv=1
04-20 01:55:22.821  1831  4863 I WindowManager:       providedInsets:
04-20 01:55:22.821  1831  4863 I WindowManager:         InsetsFrameProvider: {id=#71ac0001, index=0, type=navigationBars, source=FRAME, flags=[], insetsSize=Insets{left=0, top=0, right=0, bottom=135}, insetsSizeOverrides=[TypedInsetsSize: {windowType=INPUT_METHOD, insetsSize=null}]}
04-20 01:55:22.821  1831  4863 I WindowManager:         InsetsFrameProvider: {id=#71ac0006, index=0, type=tappableElement, source=FRAME, flags=[]}
04-20 01:55:22.821  1831  4863 I WindowManager:         InsetsFrameProvider: {id=#71ac0005, index=0, type=mandatorySystemGestures, source=FRAME, flags=[]}
04-20 01:55:22.821  1831  4863 I WindowManager:         InsetsFrameProvider: {id=#71ac0004, index=0, type=systemGestures, source=DISPLAY, flags=[], insetsSize=Insets{left=0, top=0, right=0, bottom=0}, mMinimalInsetsSizeInDisplayCutoutSafe=Insets{left=0, top=0, right=0, bottom=0}}
04-20 01:55:22.821  1831  4863 I WindowManager:         InsetsFrameProvider: {id=#71ac0024, index=1, type=systemGestures, source=DISPLAY, flags=[], insetsSize=Insets{left=0, top=0, right=0, bottom=0}, mMinimalInsetsSizeInDisplayCutoutSafe=Insets{left=0, top=0, right=0, bottom=0}}
04-20 01:55:22.821  1831  4863 I WindowManager:       frameRateBoostOnTouch=true
04-20 01:55:22.821  1831  4863 I WindowManager:       dvrrWindowFrameRateHint=true naviIconColor=0}
04-20 01:55:22.821  1831  4863 I WindowManager:     ROTATION_90={(0,0)(135xfill) gr=RIGHT CENTER_HORIZONTAL layoutInDisplayCutoutMode=always ty=NAVIGATION_BAR fmt=TRANSLUCENT
04-20 01:55:22.821  1831  4863 I WindowManager:       fl=20040028
04-20 01:55:22.821  1831  4863 I WindowManager:       pfl=31001000
04-20 01:55:22.821  1831  4863 I WindowManager:       bhv=1
04-20 01:55:22.821  1831  4863 I WindowManager:       providedInsets:
04-20 01:55:22.821  1831  4863 I WindowManager:         InsetsFrameProvider: {id=#71ac0001, index=0, type=navigationBars, source=FRAME, flags=[], insetsSizeOverrides=[TypedInsetsSize: {windowType=INPUT_METHOD, insetsSize=null}]}
04-20 01:55:22.821  1831  4863 I WindowManager:         InsetsFrameProvider: {id=#71ac0006, index=0, type=tappableElement, source=FRAME, flags=[]}
04-20 01:55:22.821  1831  4863 I WindowManager:         InsetsFrameProvider: {id=#71ac0005, index=0, type=mandatorySystemGestures, source=FRAME, flags=[]}
04-20 01:55:22.821  1831  4863 I WindowManager:         InsetsFrameProvider: {id=#71ac0004, index=0, type=systemGestures, source=DISPLAY, flags=[], insetsSize=Insets{left=0, top=0, right=0, bottom=0}, mMinimalInsetsSizeInDisplayCutoutSafe=Insets{left=0, top=0, right=0, bottom=0}}
04-20 01:55:22.821  1831  4863 I WindowManager:         InsetsFrameProvider: {id=#71ac0024, index=1, type=systemGestures, source=DISPLAY, flags=[], insetsSize=Insets{left=0, top=0, right=0, bottom=0}, mMinimalInsetsSizeInDisplayCutoutSafe=Insets{left=0, top=0, right=0, bottom=0}}
04-20 01:55:22.821  1831  4863 I WindowManager:       frameRateBoostOnTouch=true
04-20 01:55:22.821  1831  4863 I WindowManager:       dvrrWindowFrameRateHint=true naviIconColor=0}
04-20 01:55:22.821  1831  4863 I WindowManager:     ROTATION_180={(0,0)(fillx135) gr=BOTTOM CENTER_VERTICAL layoutInDisplayCutoutMode=always ty=NAVIGATION_BAR fmt=TRANSLUCENT
04-20 01:55:22.821  1831  4863 I WindowManager:       fl=20040028
04-20 01:55:22.821  1831  4863 I WindowManager:       pfl=31001000
04-20 01:55:22.821  1831  4863 I WindowManager:       bhv=1
04-20 01:55:22.821  1831  4863 I WindowManager:       providedInsets:
04-20 01:55:22.821  1831  4863 I WindowManager:         InsetsFrameProvider: {id=#71ac0001, index=0, type=navigationBars, source=FRAME, flags=[], insetsSize=Insets{left=0, top=0, right=0, bottom=135}, insetsSizeOverrides=[TypedInsetsSize: {windowType=INPUT_METHOD, insetsSize=null}]}
04-20 01:55:22.821  1831  4863 I WindowManager:         InsetsFrameProvider: {id=#71ac0006, index=0, type=tappableElement, source=FRAME, flags=[]}
04-20 01:55:22.821  1831  4863 I WindowManager:         InsetsFrameProvider: {id=#71ac0005, index=0, type=mandatorySystemGestures, source=FRAME, flags=[]}
04-20 01:55:22.821  1831  4863 I WindowManager:         InsetsFrameProvider: {id=#71ac0004, index=0, type=systemGestures, source=DISPLAY, flags=[], insetsSize=Insets{left=0, top=0, right=0, bottom=0}, mMinimalInsetsSizeInDisplayCutoutSafe=Insets{left=0, top=0, right=0, bottom=0}}
04-20 01:55:22.821  1831  4863 I WindowManager:         InsetsFrameProvider: {id=#71ac0024, index=1, type=systemGestures, source=DISPLAY, flags=[], insetsSize=Insets{left=0, top=0, right=0, bottom=0}, mMinimalInsetsSizeInDisplayCutoutSafe=Insets{left=0, top=0, right=0, bottom=0}}
04-20 01:55:22.821  1831  4863 I WindowManager:       frameRateBoostOnTouch=true
04-20 01:55:22.821  1831  4863 I WindowManager:       dvrrWindowFrameRateHint=true naviIconColor=0}
04-20 01:55:22.821  1831  4863 I WindowManager:     ROTATION_270={(0,0)(135xfill) gr=LEFT CENTER_HORIZONTAL layoutInDisplayCutoutMode=always ty=NAVIGATION_BAR fmt=TRANSLUCENT
04-20 01:55:22.821  1831  4863 I WindowManager:       fl=20040028
04-20 01:55:22.821  1831  4863 I WindowManager:       pfl=31001000
04-20 01:55:22.821  1831  4863 I WindowManager:       bhv=1
04-20 01:55:22.821  1831  4863 I WindowManager:       providedInsets:
04-20 01:55:22.821  1831  4863 I WindowManager:         InsetsFrameProvider: {id=#71ac0001, index=0, type=navigationBars, source=FRAME, flags=[], insetsSizeOverrides=[TypedInsetsSize: {windowType=INPUT_METHOD, insetsSize=null}]}
04-20 01:55:22.821  1831  4863 I WindowManager:         InsetsFrameProvider: {id=#71ac0006, index=0, type=tappableElement, source=FRAME, flags=[]}
04-20 01:55:22.821  1831  4863 I WindowManager:         InsetsFrameProvider: {id=#71ac0005, index=0, type=mandatorySystemGestures, source=FRAME, flags=[]}
04-20 01:55:22.821  1831  4863 I WindowManager:         InsetsFrameProvider: {id=#71ac0004, index=0, type=systemGestures, source=DISPLAY, flags=[], insetsSize=Insets{left=0, top=0, right=0, bottom=0}, mMinimalInsetsSizeInDisplayCutoutSafe=Insets{left=0, top=0, right=0, bottom=0}}
04-20 01:55:22.821  1831  4863 I WindowManager:         InsetsFrameProvider: {id=#71ac0024, index=1, type=systemGestures, source=DISPLAY, flags=[], insetsSize=Insets{left=0, top=0, right=0, bottom=0}, mMinimalInsetsSizeInDisplayCutoutSafe=Insets{left=0, top=0, right=0, bottom=0}}
04-20 01:55:22.821  1831  4863 I WindowManager:       frameRateBoostOnTouch=true
04-20 01:55:22.821  1831  4863 I WindowManager:       dvrrWindowFrameRateHint=true naviIconColor=0} naviIconColor=0}
04-20 01:55:22.822  2509  2509 I MediaOngoingActivity: onMediaVisibilityChanged. isMediaVisible:false, visible:false
04-20 01:55:22.822  2509  2509 D PlayLastSongHelper: onPlayerVisibilityChanged before: false after: false
04-20 01:55:22.822  2509  2509 D PlayLastSongHelper: is com.spotify.music Enabled: true
04-20 01:55:22.822  2509  2509 D PlayLastSongHelper: enabled: true, enable : true
04-20 01:55:22.822  2509  2509 D PlayLastSongHelper: updateRestartViewVisibility false
04-20 01:55:22.822  2509  2509 D MediaLogger: [OA] Media config changed data size is [0]
04-20 01:55:22.822  2509  2509 I MediaOngoingActivity: onMediaVisibilityChanged. isMediaVisible:false, visible:false
04-20 01:55:22.822  2509  2509 D PlayLastSongHelper: onPlayerVisibilityChanged before: false after: false
04-20 01:55:22.822  2509  2509 D PlayLastSongHelper: is com.spotify.music Enabled: true
04-20 01:55:22.822  2509  2509 D PlayLastSongHelper: enabled: true, enable : true
04-20 01:55:22.822  2509  2509 D PlayLastSongHelper: updateRestartViewVisibility false
04-20 01:55:22.822  2509  2509 D MediaLogger: [QS] Media config changed data size is [0]
04-20 01:55:22.822  2509  2509 I MediaOngoingActivity: onMediaVisibilityChanged. isMediaVisible:false, visible:false
04-20 01:55:22.822  2509  2509 D PlayLastSongHelper: onPlayerVisibilityChanged before: false after: false
04-20 01:55:22.822  2509  2509 D PlayLastSongHelper: is com.spotify.music Enabled: true
04-20 01:55:22.822  2509  2509 D PlayLastSongHelper: enabled: true, enable : true
04-20 01:55:22.822  2509  2509 D PlayLastSongHelper: updateRestartViewVisibility false
04-20 01:55:22.823  2509  2509 D MediaLogger: [ENR] Media config changed data size is [0]
04-20 01:55:22.823  2509  2509 D DeviceState: getDisplayWidth portrait? true  displayWidth= 1080
04-20 01:55:22.823  2509  2509 D SecPanelSplitHelper: updateResources: panelSplitRatio: -1
04-20 01:55:22.823  2509  2509 D SecPanelSplitHelper: updateResource panelWidth = 1080 maxDragWidth = 1080.0 displayRatioOfDivider = 0.7 displayWidthOfDivider = 756 isReversed = false
